Microchip MPLAB XC8 Compiler V2.05 ()

Linker command line:

-W-3 --edf=C:\Program Files (x86)\Microchip\xc8\v2.05\pic\dat\en_msgs.txt \
  -cs -h+dist/default/debug\BMS_Firmware.X.debug.sym \
  --cmf=dist/default/debug\BMS_Firmware.X.debug.cmf -z -Q16F1719 \
  -oC:\Users\raymo\AppData\Local\Temp\sca0.2 --defsym=__MPLAB_BUILD=1 \
  -Mdist/default/debug/BMS_Firmware.X.debug.map -E1 -ver=XC8 --acfsm=1493 \
  -ASTACK=02190h-02770h -pstack=STACK -ACODE=00h-07FFhx8 \
  -ASTRCODE=00h-03FFFh -ASTRING=00h-0FFhx64 -ACONST=00h-0FFhx64 \
  -AENTRY=00h-0FFhx64 -ACOMMON=070h-07Fh -ABANK0=020h-06Fh \
  -ABANK1=0A0h-0EFh -ABANK2=0120h-016Fh -ABANK3=01A0h-01EFh \
  -ABANK4=0220h-026Fh -ABANK5=02A0h-02EFh -ABANK6=0320h-036Fh \
  -ABANK7=03A0h-03EFh -ABANK8=0420h-046Fh -ABANK9=04A0h-04EFh \
  -ABANK10=0520h-056Fh -ABANK11=05A0h-05EFh -ABANK12=0620h-066Fh \
  -ABANK13=06A0h-06EFh -ABANK14=0720h-076Fh -ABANK15=07A0h-07EFh \
  -ABANK16=0820h-086Fh -ABANK17=08A0h-08EFh -ABANK18=0920h-096Fh \
  -ABANK19=09A0h-09EFh -ABANK20=0A20h-0A6Fh -ABANK21=0AA0h-0AEFh \
  -ABANK22=0B20h-0B6Fh -ABANK23=0BA0h-0BEFh -ABANK24=0C20h-0C6Fh \
  -ABANK25=0CA0h-0CBFh -ABIGRAM=02000h-027EFh \
  -ARAM=020h-06Fh,0A0h-0EFh,0120h-016Fh,01A0h-01EFh,0220h-026Fh,02A0h-02EFh,0320h-036Fh,03A0h-03EFh,0420h-046Fh,04A0h-04EFh,0520h-056Fh,05A0h-05EFh,0620h-066Fh,06A0h-06EFh,0720h-076Fh,07A0h-07EFh,0820h-086Fh,08A0h-08EFh,0920h-096Fh,09A0h-09EFh,0A20h-0A6Fh,0AA0h-0AEFh,0B20h-0B6Fh,0BA0h-0BEFh,0C20h-0C6Fh,0CA0h-0CBFh \
  -AABS1=020h-07Fh,0A0h-0EFh,0120h-016Fh,01A0h-01EFh,0220h-026Fh,02A0h-02EFh,0320h-036Fh,03A0h-03EFh,0420h-046Fh,04A0h-04EFh,0520h-056Fh,05A0h-05EFh,0620h-066Fh,06A0h-06EFh,0720h-076Fh,07A0h-07EFh,0820h-086Fh,08A0h-08EFh,0920h-096Fh,09A0h-09EFh,0A20h-0A6Fh,0AA0h-0AEFh,0B20h-0B6Fh,0BA0h-0BEFh,0C20h-0C6Fh,0CA0h-0CBFh \
  -ASFR0=00h-01Fh -ASFR1=080h-09Fh -ASFR2=0100h-011Fh -ASFR3=0180h-019Fh \
  -ASFR4=0200h-021Fh -ASFR5=0280h-029Fh -ASFR6=0300h-031Fh \
  -ASFR7=0380h-039Fh -ASFR8=0400h-041Fh -ASFR9=0480h-049Fh \
  -ASFR10=0500h-051Fh -ASFR11=0580h-059Fh -ASFR12=0600h-061Fh \
  -ASFR13=0680h-069Fh -ASFR14=0700h-071Fh -ASFR15=0780h-079Fh \
  -ASFR16=0800h-081Fh -ASFR17=0880h-089Fh -ASFR18=0900h-091Fh \
  -ASFR19=0980h-099Fh -ASFR20=0A00h-0A1Fh -ASFR21=0A80h-0A9Fh \
  -ASFR22=0B00h-0B1Fh -ASFR23=0B80h-0B9Fh -ASFR24=0C00h-0C1Fh \
  -ASFR25=0C80h-0C9Fh -ASFR26=0D00h-0D6Fh -ASFR27=0D80h-0DEFh \
  -ASFR28=0E00h-0E6Fh -ASFR29=0E80h-0EEFh -ASFR30=0F00h-0F6Fh \
  -ASFR31=0F80h-0FEFh -preset_vec=00h,intentry=04h,init,end_init \
  -ppowerup=CODE -pcinit=CODE -pfunctab=ENTRY -ACONFIG=08007h-08008h \
  -pconfig=CONFIG -DCONFIG=2 -AIDLOC=08000h-08003h -pidloc=IDLOC -DIDLOC=2 \
  -DCODE=2 -DSTRCODE=2 -DSTRING=2 -DCONST=2 -DENTRY=2 -k \
  C:\Users\raymo\AppData\Local\Temp\sca0.o \
  dist/default/debug\BMS_Firmware.X.debug.o 

Object code version is 3.11

Machine type is 16F1719



                Name                               Link     Load   Length Selector   Space Scale
C:\Users\raymo\AppData\Local\Temp\sca0.o
                end_init                             1E       1E        2        8       0
                reset_vec                             0        0        2        0       0
                config                             8007     8007        2    1000E       0
dist/default/debug\BMS_Firmware.X.debug.o
                cinit                                20       20       38        8       0
                intentry                              4        4       1A        8       0
                text5_split_8                       83F      83F      7C1     107E       0
                text5_split_7                      188E     188E       E6     311C       0
                text5_split_6                      23C4     23C4       D1     4788       0
                text5_split_5                      20FF     20FF       A4     41FE       0
                text5_split_4                      2495     2495       D6     492A       0
                text5_split_3                      1C4C     1C4C      108     3898       0
                text5_split_2                      1806     1806       88     300C       0
                text5_split_1                      2EE7     2EE7       83     5DCE       0
                text74                             2E65     2E65       82     5CCA       0
                text73                             21A3     21A3       A8     4346       0
                text72                             36B5     36B5        9     6D6A       0
                text71                             369A     369A        3     6D34       0
                text70                              807      807       38     100E       0
                text69                             36F7     36F7       10     6DEE       0
                text68                             1801     1801        5     3002       0
                text67                             2001     2001        B     4002       0
                text66                             36D9     36D9        A     6DB2       0
                text65                             37AC     37AC       1B     6F58       0
                text64                             369D     369D        8     6D3A       0
                text63                             3792     3792       1A     6F24       0
                text62                             2896     2896       21     512C       0
                text61                             28B7     28B7       22     516E       0
                text60                             36E3     36E3        A     6DC6       0
                text59                             36BE     36BE        9     6D7C       0
                text58                             36A5     36A5        8     6D4A       0
                text57                             36AD     36AD        8     6D5A       0
                text56                             281B     281B       1E     5036       0
                text55                              7EE      7EE       10        8       0
                text54                             36C7     36C7        9     6D8E       0
                text53                             29FF     29FF       36     53FE       0
                text52                             224B     224B       B4     4496       0
                text51                             1061     1061      17A     20C2       0
                text50                             2839     2839       1F     5072       0
                text49                             15D4     15D4      22C     2BA8       0
                text48                             2BA9     2BA9       66     5752       0
                text47                             2F6A     2F6A       96     5ED4       0
                text46                              6D5      6D5      119        8       0
                text45                             36ED     36ED        A     6DDA       0
                text44                             2800     2800       1B     4E3E       0
                text43                             2A35     2A35       44     546A       0
                text42                             296B     296B       2E     52D6       0
                text41                             3707     3707       17     6E0E       0
                text40                             37C7     37C7       1C     6F8E       0
                text39                             205E     205E       A1     40BC       0
                text38                              7FE      7FE        1        8       0
                text37                             100D     100D       54     201A       0
                text36                             291D     291D       26     523A       0
                text35                             371E     371E       17     6E3C       0
                text34                             2B07     2B07       51     560E       0
                text33                             2999     2999       31     5332       0
                text32                             1A65     1A65       F3     34CA       0
                text31                             2643     2643       DC     4C86       0
                text30                             3735     3735       17     6E6A       0
                text29                             1D54     1D54      153     3AA8       0
                text28                             2B58     2B58       51     56B0       0
                text27                             2A79     2A79       45     54F2       0
                text26                             2ABE     2ABE       49     557C       0
                text25                             2CF0     2CF0       7C     59E0       0
                text24                             36D0     36D0        9     6DA0       0
                text23                             11DB     11DB      1E2     23B6       0
                text22                             2858     2858       1F     50B0       0
                text21                             2C78     2C78       78     58F0       0
                text20                             256B     256B       D8     4AD6       0
                text19                             2877     2877       1F     50EE       0
                text18                             374C     374C       17     6E98       0
                text17                             28D9     28D9       22     51B2       0
                text16                               58       58      67D        8       0
                text15                             1974     1974       F1     32E8       0
                text14                             22FF     22FF       C5     45FE       0
                text13                             200C     200C       52     4018       0
                text12                             2D6C     2D6C       7C     5AD8       0
                text11                             2C0F     2C0F       69     581E       0
                text10                             271F     271F       E1     4E3E       0
                text9                              37E3     37E3       1D     6FC6       0
                text8                              3763     3763       17     6EC6       0
                text7                              28FB     28FB       22     51F6       0
                text6                              1EA7     1EA7      159     3D4E       0
                text5                              13BD     13BD      217     277A       0
                text4                              29CA     29CA       35     5394       0
                text3                              2DE8     2DE8       7D     5BD0       0
                text2                              377A     377A       18     6EF4       0
                text1                              1B58     1B58       F4     36B0       0
                maintext                           2943     2943       28     5286       0
                cstackBANK0                          20       20       50       20       1
                cstackCOMMON                         70       70        C       70       1
                cstackBANK1                          A0       A0       50       A0       1
                cstackBANK2                         120      120       50      120       1
                cstackBANK3                         1DB      1DB        1      1A0       1
                clrtext                            1001     1001        C     2002       0
                bssBANK4                            220      220       50      220       1
                dataBANK3                           1D4      1D4        7      1A0       1
                bssBANK3                            1A0      1A0       34      1A0       1
                bssCOMMON                            7C       7C        1       70       1
                stringtext40                       388E     388E        3     7000       0
                stringtext39                       388B     388B        3     7000       0
                stringtext38                       3888     3888        3     7000       0
                stringtext37                       3885     3885        3     7000       0
                stringtext36                       3882     3882        3     7000       0
                stringtext35                       387F     387F        3     7000       0
                stringtext34                       387C     387C        3     7000       0
                stringtext33                       3879     3879        3     7000       0
                stringtext32                       3876     3876        3     7000       0
                stringtext31                       3873     3873        3     7000       0
                stringtext30                       3870     3870        3     7000       0
                stringtext29                       386D     386D        3     7000       0
                stringtext28                       386A     386A        3     7000       0
                stringtext27                       3867     3867        3     7000       0
                stringtext26                       3864     3864        3     7000       0
                stringtext25                       3860     3860        4     7000       0
                stringtext24                       385C     385C        4     7000       0
                stringtext23                       3858     3858        4     7000       0
                stringtext22                       3854     3854        4     7000       0
                stringtext21                       3850     3850        4     7000       0
                stringtext20                       384C     384C        4     7000       0
                stringtext19                       3848     3848        4     7000       0
                stringtext18                       3844     3844        4     7000       0
                stringtext17                       3840     3840        4     7000       0
                stringtext16                       383C     383C        4     7000       0
                stringtext15                       3838     3838        4     7000       0
                stringtext14                       313D     313D       28     6000       0
                stringtext13                       3113     3113       2A     6000       0
                stringtext12                       30E9     30E9       2A     6000       0
                stringtext11                       30BE     30BE       2B     6000       0
                stringtext10                       3092     3092       2C     6000       0
                stringtext9                        3065     3065       2D     6000       0
                stringtext8                        3037     3037       2E     6000       0
                stringtext7                        3000     3000       37     6000       0
                stringtext6                        3830     3830        8     7000       0
                stringtext5                        3828     3828        8     7000       0
                stringtext4                        3820     3820        8     7000       0
                stringtext3                        3810     3810       10     7000       0
                stringtext2                        3800     3800       10     7000       0
                stringtext1                        3165     3165       20     6000       0
                idataBANK3                          800      800        7     1000       0

TOTAL           Name                               Link     Load   Length     Space
        CLASS   STACK          

        CLASS   CODE           
                end_init                             1E       1E        2         0
                cinit                                20       20       38         0
                intentry                              4        4       1A         0
                reset_vec                             0        0        2         0
                text5_split_8                       83F      83F      7C1         0
                text5_split_7                      188E     188E       E6         0
                text5_split_6                      23C4     23C4       D1         0
                text5_split_5                      20FF     20FF       A4         0
                text5_split_4                      2495     2495       D6         0
                text5_split_3                      1C4C     1C4C      108         0
                text5_split_2                      1806     1806       88         0
                text5_split_1                      2EE7     2EE7       83         0
                text74                             2E65     2E65       82         0
                text73                             21A3     21A3       A8         0
                text72                             36B5     36B5        9         0
                text71                             369A     369A        3         0
                text70                              807      807       38         0
                text69                             36F7     36F7       10         0
                text68                             1801     1801        5         0
                text67                             2001     2001        B         0
                text66                             36D9     36D9        A         0
                text65                             37AC     37AC       1B         0
                text64                             369D     369D        8         0
                text63                             3792     3792       1A         0
                text62                             2896     2896       21         0
                text61                             28B7     28B7       22         0
                text60                             36E3     36E3        A         0
                text59                             36BE     36BE        9         0
                text58                             36A5     36A5        8         0
                text57                             36AD     36AD        8         0
                text56                             281B     281B       1E         0
                text55                              7EE      7EE       10         0
                text54                             36C7     36C7        9         0
                text53                             29FF     29FF       36         0
                text52                             224B     224B       B4         0
                text51                             1061     1061      17A         0
                text50                             2839     2839       1F         0
                text49                             15D4     15D4      22C         0
                text48                             2BA9     2BA9       66         0
                text47                             2F6A     2F6A       96         0
                text46                              6D5      6D5      119         0
                text45                             36ED     36ED        A         0
                text44                             2800     2800       1B         0
                text43                             2A35     2A35       44         0
                text42                             296B     296B       2E         0
                text41                             3707     3707       17         0
                text40                             37C7     37C7       1C         0
                text39                             205E     205E       A1         0
                text38                              7FE      7FE        1         0
                text37                             100D     100D       54         0
                text36                             291D     291D       26         0
                text35                             371E     371E       17         0
                text34                             2B07     2B07       51         0
                text33                             2999     2999       31         0
                text32                             1A65     1A65       F3         0
                text31                             2643     2643       DC         0
                text30                             3735     3735       17         0
                text29                             1D54     1D54      153         0
                text28                             2B58     2B58       51         0
                text27                             2A79     2A79       45         0
                text26                             2ABE     2ABE       49         0
                text25                             2CF0     2CF0       7C         0
                text24                             36D0     36D0        9         0
                text23                             11DB     11DB      1E2         0
                text22                             2858     2858       1F         0
                text21                             2C78     2C78       78         0
                text20                             256B     256B       D8         0
                text19                             2877     2877       1F         0
                text18                             374C     374C       17         0
                text17                             28D9     28D9       22         0
                text16                               58       58      67D         0
                text15                             1974     1974       F1         0
                text14                             22FF     22FF       C5         0
                text13                             200C     200C       52         0
                text12                             2D6C     2D6C       7C         0
                text11                             2C0F     2C0F       69         0
                text10                             271F     271F       E1         0
                text9                              37E3     37E3       1D         0
                text8                              3763     3763       17         0
                text7                              28FB     28FB       22         0
                text6                              1EA7     1EA7      159         0
                text5                              13BD     13BD      217         0
                text4                              29CA     29CA       35         0
                text3                              2DE8     2DE8       7D         0
                text2                              377A     377A       18         0
                text1                              1B58     1B58       F4         0
                maintext                           2943     2943       28         0
                clrtext                            1001     1001        C         0
                idataBANK3                          800      800        7         0

        CLASS   STRCODE        
                stringtext40                       388E     388E        3         0
                stringtext39                       388B     388B        3         0
                stringtext38                       3888     3888        3         0
                stringtext37                       3885     3885        3         0
                stringtext36                       3882     3882        3         0
                stringtext35                       387F     387F        3         0
                stringtext34                       387C     387C        3         0
                stringtext33                       3879     3879        3         0
                stringtext32                       3876     3876        3         0
                stringtext31                       3873     3873        3         0
                stringtext30                       3870     3870        3         0
                stringtext29                       386D     386D        3         0
                stringtext28                       386A     386A        3         0
                stringtext27                       3867     3867        3         0
                stringtext26                       3864     3864        3         0
                stringtext25                       3860     3860        4         0
                stringtext24                       385C     385C        4         0
                stringtext23                       3858     3858        4         0
                stringtext22                       3854     3854        4         0
                stringtext21                       3850     3850        4         0
                stringtext20                       384C     384C        4         0
                stringtext19                       3848     3848        4         0
                stringtext18                       3844     3844        4         0
                stringtext17                       3840     3840        4         0
                stringtext16                       383C     383C        4         0
                stringtext15                       3838     3838        4         0
                stringtext14                       313D     313D       28         0
                stringtext13                       3113     3113       2A         0
                stringtext12                       30E9     30E9       2A         0
                stringtext11                       30BE     30BE       2B         0
                stringtext10                       3092     3092       2C         0
                stringtext9                        3065     3065       2D         0
                stringtext8                        3037     3037       2E         0
                stringtext7                        3000     3000       37         0
                stringtext6                        3830     3830        8         0
                stringtext5                        3828     3828        8         0
                stringtext4                        3820     3820        8         0
                stringtext3                        3810     3810       10         0
                stringtext2                        3800     3800       10         0
                stringtext1                        3165     3165       20         0

        CLASS   STRING         

        CLASS   CONST          

        CLASS   ENTRY          

        CLASS   COMMON         
                cstackCOMMON                         70       70        C         1
                bssCOMMON                            7C       7C        1         1

        CLASS   BANK0          
                cstackBANK0                          20       20       50         1

        CLASS   BANK1          
                cstackBANK1                          A0       A0       50         1

        CLASS   BANK2          
                cstackBANK2                         120      120       50         1

        CLASS   BANK3          
                cstackBANK3                         1DB      1DB        1         1
                dataBANK3                           1D4      1D4        7         1
                bssBANK3                            1A0      1A0       34         1

        CLASS   BANK4          
                bssBANK4                            220      220       50         1

        CLASS   BANK5          

        CLASS   BANK6          

        CLASS   BANK7          

        CLASS   BANK8          

        CLASS   BANK9          

        CLASS   BANK10         

        CLASS   BANK11         

        CLASS   BANK12         

        CLASS   BANK13         

        CLASS   BANK14         

        CLASS   BANK15         

        CLASS   BANK16         

        CLASS   BANK17         

        CLASS   BANK18         

        CLASS   BANK19         

        CLASS   BANK20         

        CLASS   BANK21         

        CLASS   BANK22         

        CLASS   BANK23         

        CLASS   BANK24         

        CLASS   BANK25         

        CLASS   BIGRAM         

        CLASS   RAM            

        CLASS   ABS1           
                abs_s1                               7E       7E        2         1
                abs_s1                              BE1      BE1        F         1
                abs_s1                              C20      C20       50         1
                abs_s1                              CA0      CA0       20         1
                abs_s1                             2771     2771        0         1

        CLASS   SFR0           

        CLASS   SFR1           

        CLASS   SFR2           

        CLASS   SFR3           

        CLASS   SFR4           

        CLASS   SFR5           

        CLASS   SFR6           

        CLASS   SFR7           

        CLASS   SFR8           

        CLASS   SFR9           

        CLASS   SFR10          

        CLASS   SFR11          

        CLASS   SFR12          

        CLASS   SFR13          

        CLASS   SFR14          

        CLASS   SFR15          

        CLASS   SFR16          

        CLASS   SFR17          

        CLASS   SFR18          

        CLASS   SFR19          

        CLASS   SFR20          

        CLASS   SFR21          

        CLASS   SFR22          

        CLASS   SFR23          

        CLASS   SFR24          

        CLASS   SFR25          

        CLASS   SFR26          

        CLASS   SFR27          

        CLASS   SFR28          

        CLASS   SFR29          

        CLASS   SFR30          

        CLASS   SFR31          

        CLASS   CONFIG         
                config                             8007     8007        2         0

        CLASS   IDLOC          

        CLASS   BANK31         

        CLASS   BANK30         

        CLASS   BANK29         

        CLASS   BANK28         

        CLASS   BANK27         

        CLASS   BANK26         

        CLASS   EEDATA         



SEGMENTS        Name                           Load    Length   Top    Selector   Space  Class     Delta

                reset_vec                      000000  000002  000002         0       0  CODE        2
                intentry                       000004  0007FB  0007FF         8       0  CODE        2
                cstackBANK0                    000020  000050  000070        20       1  BANK0       1
                cstackCOMMON                   000070  00000D  00007D        70       1  COMMON      1
                cstackBANK1                    0000A0  000050  0000F0        A0       1  BANK1       1
                cstackBANK2                    000120  000050  000170       120       1  BANK2       1
                bssBANK3                       0001A0  00003C  0001DC       1A0       1  BANK3       1
                bssBANK4                       000220  000050  000270       220       1  BANK4       1
                idataBANK3                     000800  000007  000807      1000       0  CODE        2
                text70                         000807  000038  00083F      100E       0  CODE        2
                text5_split_8                  00083F  0007C1  001000      107E       0  CODE        2
                clrtext                        001001  00000C  00100D      2002       0  CODE        2
                text37                         00100D  000054  001061      201A       0  CODE        2
                text51                         001061  00017A  0011DB      20C2       0  CODE        2
                text23                         0011DB  0001E2  0013BD      23B6       0  CODE        2
                text5                          0013BD  000217  0015D4      277A       0  CODE        2
                text49                         0015D4  00022C  001800      2BA8       0  CODE        2
                text68                         001801  000005  001806      3002       0  CODE        2
                text5_split_2                  001806  000088  00188E      300C       0  CODE        2
                text5_split_7                  00188E  0000E6  001974      311C       0  CODE        2
                text15                         001974  0000F1  001A65      32E8       0  CODE        2
                text32                         001A65  0000F3  001B58      34CA       0  CODE        2
                text1                          001B58  0000F4  001C4C      36B0       0  CODE        2
                text5_split_3                  001C4C  000108  001D54      3898       0  CODE        2
                text29                         001D54  000153  001EA7      3AA8       0  CODE        2
                text6                          001EA7  000159  002000      3D4E       0  CODE        2
                text67                         002001  00000B  00200C      4002       0  CODE        2
                text13                         00200C  000052  00205E      4018       0  CODE        2
                text39                         00205E  0000A1  0020FF      40BC       0  CODE        2
                text5_split_5                  0020FF  0000A4  0021A3      41FE       0  CODE        2
                text73                         0021A3  0000A8  00224B      4346       0  CODE        2
                text52                         00224B  0000B4  0022FF      4496       0  CODE        2
                text14                         0022FF  0000C5  0023C4      45FE       0  CODE        2
                text5_split_6                  0023C4  0000D1  002495      4788       0  CODE        2
                text5_split_4                  002495  0000D6  00256B      492A       0  CODE        2
                text20                         00256B  0000D8  002643      4AD6       0  CODE        2
                text31                         002643  0000DC  00271F      4C86       0  CODE        2
                text10                         00271F  0000FC  00281B      4E3E       0  CODE        2
                text56                         00281B  00001E  002839      5036       0  CODE        2
                text50                         002839  00001F  002858      5072       0  CODE        2
                text22                         002858  00001F  002877      50B0       0  CODE        2
                text19                         002877  00001F  002896      50EE       0  CODE        2
                text62                         002896  000021  0028B7      512C       0  CODE        2
                text61                         0028B7  000022  0028D9      516E       0  CODE        2
                text17                         0028D9  000022  0028FB      51B2       0  CODE        2
                text7                          0028FB  000022  00291D      51F6       0  CODE        2
                text36                         00291D  000026  002943      523A       0  CODE        2
                maintext                       002943  000028  00296B      5286       0  CODE        2
                text42                         00296B  00002E  002999      52D6       0  CODE        2
                text33                         002999  000031  0029CA      5332       0  CODE        2
                text4                          0029CA  000035  0029FF      5394       0  CODE        2
                text53                         0029FF  000036  002A35      53FE       0  CODE        2
                text43                         002A35  000044  002A79      546A       0  CODE        2
                text27                         002A79  000045  002ABE      54F2       0  CODE        2
                text26                         002ABE  000049  002B07      557C       0  CODE        2
                text34                         002B07  000051  002B58      560E       0  CODE        2
                text28                         002B58  000051  002BA9      56B0       0  CODE        2
                text48                         002BA9  000066  002C0F      5752       0  CODE        2
                text11                         002C0F  000069  002C78      581E       0  CODE        2
                text21                         002C78  000078  002CF0      58F0       0  CODE        2
                text25                         002CF0  00007C  002D6C      59E0       0  CODE        2
                text12                         002D6C  00007C  002DE8      5AD8       0  CODE        2
                text3                          002DE8  00007D  002E65      5BD0       0  CODE        2
                text74                         002E65  000082  002EE7      5CCA       0  CODE        2
                text5_split_1                  002EE7  000083  002F6A      5DCE       0  CODE        2
                text47                         002F6A  000096  003000      5ED4       0  CODE        2
                stringtext7                    003000  000185  003185      6000       0  STRCODE     2
                text71                         00369A  000003  00369D      6D34       0  CODE        2
                text64                         00369D  000008  0036A5      6D3A       0  CODE        2
                text58                         0036A5  000008  0036AD      6D4A       0  CODE        2
                text57                         0036AD  000008  0036B5      6D5A       0  CODE        2
                text72                         0036B5  000009  0036BE      6D6A       0  CODE        2
                text59                         0036BE  000009  0036C7      6D7C       0  CODE        2
                text54                         0036C7  000009  0036D0      6D8E       0  CODE        2
                text24                         0036D0  000009  0036D9      6DA0       0  CODE        2
                text66                         0036D9  00000A  0036E3      6DB2       0  CODE        2
                text60                         0036E3  00000A  0036ED      6DC6       0  CODE        2
                text45                         0036ED  00000A  0036F7      6DDA       0  CODE        2
                text69                         0036F7  000010  003707      6DEE       0  CODE        2
                text41                         003707  000017  00371E      6E0E       0  CODE        2
                text35                         00371E  000017  003735      6E3C       0  CODE        2
                text30                         003735  000017  00374C      6E6A       0  CODE        2
                text18                         00374C  000017  003763      6E98       0  CODE        2
                text8                          003763  000017  00377A      6EC6       0  CODE        2
                text2                          00377A  000018  003792      6EF4       0  CODE        2
                text63                         003792  00001A  0037AC      6F24       0  CODE        2
                text65                         0037AC  00001B  0037C7      6F58       0  CODE        2
                text40                         0037C7  00001C  0037E3      6F8E       0  CODE        2
                text9                          0037E3  00001D  003800      6FC6       0  CODE        2
                stringtext2                    003800  000091  003891      7000       0  STRCODE     2
                config                         008007  000002  008009     1000E       0  CONFIG      2


UNUSED ADDRESS RANGES

        Name                Unused          Largest block    Delta
        BANK10           000520-00056F               50           1
        BANK11           0005A0-0005EF               50           1
        BANK12           000620-00066F               50           1
        BANK13           0006A0-0006EF               50           1
        BANK14           000720-00076F               50           1
        BANK15           0007A0-0007EF               50           1
        BANK16           000820-00086F               50           1
        BANK17           0008A0-0008EF               50           1
        BANK18           000920-00096F               50           1
        BANK19           0009A0-0009EF               50           1
        BANK20           000A20-000A6F               50           1
        BANK21           000AA0-000AEF               50           1
        BANK22           000B20-000B6F               50           1
        BANK23           000BA0-000BE0               41           1
        BANK3            0001DC-0001EF               14           1
        BANK5            0002A0-0002EF               50           1
        BANK6            000320-00036F               50           1
        BANK7            0003A0-0003EF               50           1
        BANK8            000420-00046F               50           1
        BANK9            0004A0-0004EF               50           1
        BIGRAM           002000-0027EF              7F0           1
        CODE             000002-000003                2           2
                         0007FF-0007FF                1
                         001000-001000                1
                         001800-001800                1
                         002000-002000                1
                         003185-003699              515
                         003891-003FFF              76F
        COMMON           00007D-00007D                1           1
        CONST            000002-000003                2           2
                         0007FF-0007FF                1
                         001000-001000                1
                         001800-001800                1
                         002000-002000                1
                         003185-003699              100
                         003891-003FFF              100
        ENTRY            000002-000003                2           2
                         0007FF-0007FF                1
                         001000-001000                1
                         001800-001800                1
                         002000-002000                1
                         003185-003699              100
                         003891-003FFF              100
        IDLOC            008000-008003                4           2
        RAM              0001DC-0001EF               14           1
                         0002A0-0002EF               50
                         000320-00036F               50
                         0003A0-0003EF               50
                         000420-00046F               50
                         0004A0-0004EF               50
                         000520-00056F               50
                         0005A0-0005EF               50
                         000620-00066F               50
                         0006A0-0006EF               50
                         000720-00076F               50
                         0007A0-0007EF               50
                         000820-00086F               50
                         0008A0-0008EF               50
                         000920-00096F               50
                         0009A0-0009EF               50
                         000A20-000A6F               50
                         000AA0-000AEF               50
                         000B20-000B6F               50
                         000BA0-000BE0               41
        SFR0             000000-00001F               20           1
        SFR1             000080-00009F               20           1
        SFR10            000500-00051F               20           1
        SFR11            000580-00059F               20           1
        SFR12            000600-00061F               20           1
        SFR13            000680-00069F               20           1
        SFR14            000700-00071F               20           1
        SFR15            000780-00079F               20           1
        SFR16            000800-00081F               20           1
        SFR17            000880-00089F               20           1
        SFR18            000900-00091F               20           1
        SFR19            000980-00099F               20           1
        SFR2             000100-00011F               20           1
        SFR20            000A00-000A1F               20           1
        SFR21            000A80-000A9F               20           1
        SFR22            000B00-000B1F               20           1
        SFR23            000B80-000B9F               20           1
        SFR24            000C00-000C1F               20           1
        SFR25            000C80-000C9F               20           1
        SFR26            000D00-000D6F               70           1
        SFR27            000D80-000DEF               70           1
        SFR28            000E00-000E6F               70           1
        SFR29            000E80-000EEF               70           1
        SFR3             000180-00019F               20           1
        SFR30            000F00-000F6F               70           1
        SFR31            000F80-000FEF               70           1
        SFR4             000200-00021F               20           1
        SFR5             000280-00029F               20           1
        SFR6             000300-00031F               20           1
        SFR7             000380-00039F               20           1
        SFR8             000400-00041F               20           1
        SFR9             000480-00049F               20           1
        STACK            002190-002770              5E1           1
        STRCODE          000002-000003                2           2
                         0007FF-0007FF                1
                         001000-001000                1
                         001800-001800                1
                         002000-002000                1
                         003185-003699              515
                         003891-003FFF              76F
        STRING           000002-000003                2           2
                         0007FF-0007FF                1
                         001000-001000                1
                         001800-001800                1
                         002000-002000                1
                         003185-003699              100
                         003891-003FFF              100

                                  Symbol Table

?_AFE_getSetCurrentSenseRes               cstackCOMMON 000071
?_AFE_getSetShortCircuitCurrent           cstackCOMMON 000071
?__Umul8_16                               cstackCOMMON 000071
?___aldiv                                 cstackCOMMON 000071
?___aodiv                                 cstackBANK0  000020
?___aomod                                 cstackBANK0  000020
?___awdiv                                 cstackCOMMON 000071
?___awmod                                 cstackCOMMON 000071
?___fladd                                 cstackCOMMON 000071
?___fldiv                                 cstackBANK0  000040
?___flmul                                 cstackBANK0  000026
?___flneg                                 cstackCOMMON 000071
?___flsub                                 cstackBANK0  000040
?___fltol                                 cstackBANK0  00005A
?___fpclassifyf                           cstackCOMMON 000071
?___lodiv                                 cstackBANK0  000020
?___lomod                                 cstackBANK0  000020
?___wmul                                  cstackCOMMON 000071
?___xxtofl                                cstackCOMMON 000071
?_abs                                     cstackCOMMON 000074
?_atoi                                    cstackCOMMON 000077
?_beginAFEcommunication                   cstackBANK0  000020
?_ctoa                                    cstackBANK0  000030
?_dtoa                                    cstackBANK0  000030
?_efgtoa                                  cstackBANK1  0000A0
?_floorf                                  cstackBANK0  00005A
?_isalpha                                 cstackCOMMON 000071
?_isdigit                                 cstackCOMMON 000071
?_islower                                 cstackCOMMON 000071
?_isspace                                 cstackCOMMON 000071
?_isupper                                 cstackCOMMON 000071
?_otoa                                    cstackBANK0  000030
?_pad                                     cstackBANK0  000026
?_readRegister                            cstackCOMMON 000075
?_read_I2C_data                           cstackCOMMON 000071
?_snprintf                                cstackBANK2  00015F
?_stoa                                    cstackBANK0  000020
?_strlen                                  cstackCOMMON 000071
?_strncmp                                 cstackCOMMON 000071
?_tolower                                 cstackCOMMON 000077
?_toupper                                 cstackCOMMON 000077
?_utoa                                    cstackBANK0  000030
?_vfpfcnvrt                               cstackBANK1  0000E3
?_vfprintf                                cstackBANK1  0000E7
?_vsnprintf                               cstackBANK2  00014E
?_xtoa                                    cstackBANK0  000030
BQ76920@shuntResistorValue_mOhm           bssBANK3     0001B2
EUSART_Initialize@baudrate                cstackBANK0  000026
EUSART_Initialize@x                       cstackCOMMON 00007A
EUSART_Write@txData                       cstackCOMMON 000071
EUSART_Write_Text@i                       cstackCOMMON 000075
EUSART_Write_Text@text                    cstackCOMMON 000072
I2C_writeRegister@data                    cstackCOMMON 000079
I2C_writeRegister@regAddress              cstackCOMMON 000077
I2C_writeRegister@slaveAddress            cstackCOMMON 000075
RGB_color@color                           cstackCOMMON 000071
_AFE_getSetCurrentSenseRes                text66       0036D9
_AFE_getSetShortCircuitCurrent            text65       0037AC
_ANSELBbits                               (abs)        00018D
_ANSELCbits                               (abs)        00018E
_BRGH                                     (abs)        000CF2
_CREN                                     (abs)        000CEC
_EUSART_Initialize                        text73       0021A3
_EUSART_Write                             text64       00369D
_EUSART_Write_Text                        text63       003792
_I2C_writeRegister                        text56       00281B
_INTCONbits                               (abs)        00000B
_IRCF0                                    (abs)        0004CB
_IRCF1                                    (abs)        0004CC
_IRCF2                                    (abs)        0004CD
_IRCF3                                    (abs)        0004CE
_LATAbits                                 (abs)        00010C
_LATEbits                                 (abs)        000110
_PIE1bits                                 (abs)        000091
_PIR1bits                                 (abs)        000011
_PPSLOCK                                  (abs)        000E0F
_PPSLOCKbits                              (abs)        000E0F
_RB2PPSbits                               (abs)        000E9A
_RC1REG                                   (abs)        000199
_RC1STAbits                               (abs)        00019D
_RC4PPSbits                               (abs)        000EA4
_RC5PPSbits                               (abs)        000EA5
_RGB_AWAIT_AFE_CONN                       text61       0028B7
_RGB_color                                text62       002896
_RXPPSbits                                (abs)        000E24
_SCD_delay_setting                        stringtext6  003830
_SCD_threshold_setting                    stringtext3  003810
_SCS0                                     (abs)        0004C8
_SCS1                                     (abs)        0004C9
_SPBRG                                    (abs)        00019B
_SPEN                                     (abs)        000CEF
_SPLLEN                                   (abs)        0004CF
_SSPADD                                   (abs)        000212
_SSPBUF                                   (abs)        000211
_SSPCLKPPSbits                            (abs)        000E20
_SSPCON2bits                              (abs)        000216
_SSPCONbits                               (abs)        000215
_SSPDATPPSbits                            (abs)        000E21
_SYNC                                     (abs)        000CF4
_T1CONbits                                (abs)        000018
_TMR1                                     (abs)        000016
_TRISAbits                                (abs)        00008C
_TRISBbits                                (abs)        00008D
_TRISC6                                   (abs)        000476
_TRISC7                                   (abs)        000477
_TRISCbits                                (abs)        00008E
_TRISEbits                                (abs)        000090
_TX1REG                                   (abs)        00019A
_TXEN                                     (abs)        000CF5
__CFG_BOREN$OFF                           (abs)        000000
__CFG_BORV$LO                             (abs)        000000
__CFG_CLKOUTEN$OFF                        (abs)        000000
__CFG_CP$OFF                              (abs)        000000
__CFG_FCMEN$OFF                           (abs)        000000
__CFG_FOSC$INTOSC                         (abs)        000000
__CFG_IESO$ON                             (abs)        000000
__CFG_LPBOR$OFF                           (abs)        000000
__CFG_LVP$OFF                             (abs)        000000
__CFG_MCLRE$OFF                           (abs)        000000
__CFG_PLLEN$OFF                           (abs)        000000
__CFG_PPS1WAY$ON                          (abs)        000000
__CFG_PWRTE$OFF                           (abs)        000000
__CFG_STVREN$ON                           (abs)        000000
__CFG_WDTE$OFF                            (abs)        000000
__CFG_WRT$OFF                             (abs)        000000
__CFG_ZCDDIS$ON                           (abs)        000000
__Habs1                                   abs1         000000
__Hbank0                                  bank0        000000
__Hbank1                                  bank1        000000
__Hbank10                                 bank10       000000
__Hbank11                                 bank11       000000
__Hbank12                                 bank12       000000
__Hbank13                                 bank13       000000
__Hbank14                                 bank14       000000
__Hbank15                                 bank15       000000
__Hbank16                                 bank16       000000
__Hbank17                                 bank17       000000
__Hbank18                                 bank18       000000
__Hbank19                                 bank19       000000
__Hbank2                                  bank2        000000
__Hbank20                                 bank20       000000
__Hbank21                                 bank21       000000
__Hbank22                                 bank22       000000
__Hbank23                                 bank23       000000
__Hbank24                                 bank24       000000
__Hbank25                                 bank25       000000
__Hbank26                                 bank26       000000
__Hbank27                                 bank27       000000
__Hbank28                                 bank28       000000
__Hbank29                                 bank29       000000
__Hbank3                                  bank3        000000
__Hbank30                                 bank30       000000
__Hbank31                                 bank31       000000
__Hbank4                                  bank4        000000
__Hbank5                                  bank5        000000
__Hbank6                                  bank6        000000
__Hbank7                                  bank7        000000
__Hbank8                                  bank8        000000
__Hbank9                                  bank9        000000
__Hbigram                                 bigram       000000
__HbssBANK3                               bssBANK3     000000
__HbssBANK4                               bssBANK4     000000
__HbssCOMMON                              bssCOMMON    000000
__Hcinit                                  cinit        000058
__Hclrtext                                clrtext      000000
__Hcode                                   code         000000
__Hcommon                                 common       000000
__Hconfig                                 config       008009
__HcstackBANK0                            cstackBANK0  000000
__HcstackBANK1                            cstackBANK1  000000
__HcstackBANK2                            cstackBANK2  000000
__HcstackBANK3                            cstackBANK3  000000
__HcstackCOMMON                           cstackCOMMON 000000
__HdataBANK3                              dataBANK3    000000
__Heeprom_data                            eeprom_data  000000
__Hend_init                               end_init     000020
__Hfunctab                                functab      000000
__HidataBANK3                             idataBANK3   000000
__Hidloc                                  idloc        000000
__Hinit                                   init         00001E
__Hintentry                               intentry     00001E
__Hmaintext                               maintext     000000
__Hpowerup                                powerup      000000
__Hram                                    ram          000000
__Hreset_vec                              reset_vec    000002
__Hsfr0                                   sfr0         000000
__Hsfr1                                   sfr1         000000
__Hsfr10                                  sfr10        000000
__Hsfr11                                  sfr11        000000
__Hsfr12                                  sfr12        000000
__Hsfr13                                  sfr13        000000
__Hsfr14                                  sfr14        000000
__Hsfr15                                  sfr15        000000
__Hsfr16                                  sfr16        000000
__Hsfr17                                  sfr17        000000
__Hsfr18                                  sfr18        000000
__Hsfr19                                  sfr19        000000
__Hsfr2                                   sfr2         000000
__Hsfr20                                  sfr20        000000
__Hsfr21                                  sfr21        000000
__Hsfr22                                  sfr22        000000
__Hsfr23                                  sfr23        000000
__Hsfr24                                  sfr24        000000
__Hsfr25                                  sfr25        000000
__Hsfr26                                  sfr26        000000
__Hsfr27                                  sfr27        000000
__Hsfr28                                  sfr28        000000
__Hsfr29                                  sfr29        000000
__Hsfr3                                   sfr3         000000
__Hsfr30                                  sfr30        000000
__Hsfr31                                  sfr31        000000
__Hsfr4                                   sfr4         000000
__Hsfr5                                   sfr5         000000
__Hsfr6                                   sfr6         000000
__Hsfr7                                   sfr7         000000
__Hsfr8                                   sfr8         000000
__Hsfr9                                   sfr9         000000
__Hspace_0                                (abs)        008009
__Hspace_1                                (abs)        000270
__Hspace_2                                (abs)        000000
__Hspace_3                                (abs)        000000
__Hstack                                  stack        000000
__Hstrings                                strings      000000
__Hstringtext1                            stringtext1  000000
__Hstringtext10                           stringtext10 000000
__Hstringtext11                           stringtext11 000000
__Hstringtext12                           stringtext12 000000
__Hstringtext13                           stringtext13 000000
__Hstringtext14                           stringtext14 000000
__Hstringtext15                           stringtext15 000000
__Hstringtext16                           stringtext16 000000
__Hstringtext17                           stringtext17 000000
__Hstringtext18                           stringtext18 000000
__Hstringtext19                           stringtext19 000000
__Hstringtext2                            stringtext2  000000
__Hstringtext20                           stringtext20 000000
__Hstringtext21                           stringtext21 000000
__Hstringtext22                           stringtext22 000000
__Hstringtext23                           stringtext23 000000
__Hstringtext24                           stringtext24 000000
__Hstringtext25                           stringtext25 000000
__Hstringtext26                           stringtext26 000000
__Hstringtext27                           stringtext27 000000
__Hstringtext28                           stringtext28 000000
__Hstringtext29                           stringtext29 000000
__Hstringtext3                            stringtext3  000000
__Hstringtext30                           stringtext30 000000
__Hstringtext31                           stringtext31 000000
__Hstringtext32                           stringtext32 000000
__Hstringtext33                           stringtext33 000000
__Hstringtext34                           stringtext34 000000
__Hstringtext35                           stringtext35 000000
__Hstringtext36                           stringtext36 000000
__Hstringtext37                           stringtext37 000000
__Hstringtext38                           stringtext38 000000
__Hstringtext39                           stringtext39 000000
__Hstringtext4                            stringtext4  000000
__Hstringtext40                           stringtext40 000000
__Hstringtext41                           stringtext41 000000
__Hstringtext5                            stringtext5  000000
__Hstringtext6                            stringtext6  000000
__Hstringtext7                            stringtext7  000000
__Hstringtext8                            stringtext8  000000
__Hstringtext9                            stringtext9  000000
__Htext                                   text         000000
__Labs1                                   abs1         000000
__Lbank0                                  bank0        000000
__Lbank1                                  bank1        000000
__Lbank10                                 bank10       000000
__Lbank11                                 bank11       000000
__Lbank12                                 bank12       000000
__Lbank13                                 bank13       000000
__Lbank14                                 bank14       000000
__Lbank15                                 bank15       000000
__Lbank16                                 bank16       000000
__Lbank17                                 bank17       000000
__Lbank18                                 bank18       000000
__Lbank19                                 bank19       000000
__Lbank2                                  bank2        000000
__Lbank20                                 bank20       000000
__Lbank21                                 bank21       000000
__Lbank22                                 bank22       000000
__Lbank23                                 bank23       000000
__Lbank24                                 bank24       000000
__Lbank25                                 bank25       000000
__Lbank26                                 bank26       000000
__Lbank27                                 bank27       000000
__Lbank28                                 bank28       000000
__Lbank29                                 bank29       000000
__Lbank3                                  bank3        000000
__Lbank30                                 bank30       000000
__Lbank31                                 bank31       000000
__Lbank4                                  bank4        000000
__Lbank5                                  bank5        000000
__Lbank6                                  bank6        000000
__Lbank7                                  bank7        000000
__Lbank8                                  bank8        000000
__Lbank9                                  bank9        000000
__Lbigram                                 bigram       000000
__LbssBANK3                               bssBANK3     000000
__LbssBANK4                               bssBANK4     000000
__LbssCOMMON                              bssCOMMON    000000
__Lcinit                                  cinit        000020
__Lclrtext                                clrtext      000000
__Lcode                                   code         000000
__Lcommon                                 common       000000
__Lconfig                                 config       008007
__LcstackBANK0                            cstackBANK0  000000
__LcstackBANK1                            cstackBANK1  000000
__LcstackBANK2                            cstackBANK2  000000
__LcstackBANK3                            cstackBANK3  000000
__LcstackCOMMON                           cstackCOMMON 000000
__LdataBANK3                              dataBANK3    000000
__Leeprom_data                            eeprom_data  000000
__Lend_init                               end_init     00001E
__Lfunctab                                functab      000000
__LidataBANK3                             idataBANK3   000000
__Lidloc                                  idloc        000000
__Linit                                   init         00001E
__Lintentry                               intentry     000004
__Lmaintext                               maintext     000000
__Lpowerup                                powerup      000000
__Lram                                    ram          000000
__Lreset_vec                              reset_vec    000000
__Lsfr0                                   sfr0         000000
__Lsfr1                                   sfr1         000000
__Lsfr10                                  sfr10        000000
__Lsfr11                                  sfr11        000000
__Lsfr12                                  sfr12        000000
__Lsfr13                                  sfr13        000000
__Lsfr14                                  sfr14        000000
__Lsfr15                                  sfr15        000000
__Lsfr16                                  sfr16        000000
__Lsfr17                                  sfr17        000000
__Lsfr18                                  sfr18        000000
__Lsfr19                                  sfr19        000000
__Lsfr2                                   sfr2         000000
__Lsfr20                                  sfr20        000000
__Lsfr21                                  sfr21        000000
__Lsfr22                                  sfr22        000000
__Lsfr23                                  sfr23        000000
__Lsfr24                                  sfr24        000000
__Lsfr25                                  sfr25        000000
__Lsfr26                                  sfr26        000000
__Lsfr27                                  sfr27        000000
__Lsfr28                                  sfr28        000000
__Lsfr29                                  sfr29        000000
__Lsfr3                                   sfr3         000000
__Lsfr30                                  sfr30        000000
__Lsfr31                                  sfr31        000000
__Lsfr4                                   sfr4         000000
__Lsfr5                                   sfr5         000000
__Lsfr6                                   sfr6         000000
__Lsfr7                                   sfr7         000000
__Lsfr8                                   sfr8         000000
__Lsfr9                                   sfr9         000000
__Lspace_0                                (abs)        000000
__Lspace_1                                (abs)        000000
__Lspace_2                                (abs)        000000
__Lspace_3                                (abs)        000000
__Lstack                                  stack        000000
__Lstrings                                strings      000000
__Lstringtext1                            stringtext1  000000
__Lstringtext10                           stringtext10 000000
__Lstringtext11                           stringtext11 000000
__Lstringtext12                           stringtext12 000000
__Lstringtext13                           stringtext13 000000
__Lstringtext14                           stringtext14 000000
__Lstringtext15                           stringtext15 000000
__Lstringtext16                           stringtext16 000000
__Lstringtext17                           stringtext17 000000
__Lstringtext18                           stringtext18 000000
__Lstringtext19                           stringtext19 000000
__Lstringtext2                            stringtext2  000000
__Lstringtext20                           stringtext20 000000
__Lstringtext21                           stringtext21 000000
__Lstringtext22                           stringtext22 000000
__Lstringtext23                           stringtext23 000000
__Lstringtext24                           stringtext24 000000
__Lstringtext25                           stringtext25 000000
__Lstringtext26                           stringtext26 000000
__Lstringtext27                           stringtext27 000000
__Lstringtext28                           stringtext28 000000
__Lstringtext29                           stringtext29 000000
__Lstringtext3                            stringtext3  000000
__Lstringtext30                           stringtext30 000000
__Lstringtext31                           stringtext31 000000
__Lstringtext32                           stringtext32 000000
__Lstringtext33                           stringtext33 000000
__Lstringtext34                           stringtext34 000000
__Lstringtext35                           stringtext35 000000
__Lstringtext36                           stringtext36 000000
__Lstringtext37                           stringtext37 000000
__Lstringtext38                           stringtext38 000000
__Lstringtext39                           stringtext39 000000
__Lstringtext4                            stringtext4  000000
__Lstringtext40                           stringtext40 000000
__Lstringtext41                           stringtext41 000000
__Lstringtext5                            stringtext5  000000
__Lstringtext6                            stringtext6  000000
__Lstringtext7                            stringtext7  000000
__Lstringtext8                            stringtext8  000000
__Lstringtext9                            stringtext9  000000
__Ltext                                   text         000000
__S0                                      (abs)        008009
__S1                                      (abs)        000270
__S2                                      (abs)        000000
__Umul8_16                                text50       002839
__Umul8_16@multiplicand                   cstackCOMMON 000071
__Umul8_16@multiplier                     cstackCOMMON 000079
__Umul8_16@product                        cstackCOMMON 000075
__Umul8_16@word_mpld                      cstackCOMMON 000077
___aldiv                                  text74       002E65
___aldiv@counter                          cstackBANK0  000020
___aldiv@dividend                         cstackCOMMON 000075
___aldiv@divisor                          cstackCOMMON 000071
___aldiv@quotient                         cstackBANK0  000022
___aldiv@sign                             cstackBANK0  000021
___aodiv                                  text32       001A65
___aodiv@counter                          cstackCOMMON 000072
___aodiv@dividend                         cstackBANK0  000028
___aodiv@divisor                          cstackBANK0  000020
___aodiv@quotient                         cstackCOMMON 000074
___aodiv@sign                             cstackCOMMON 000073
___aomod                                  text31       002643
___aomod@counter                          cstackCOMMON 000072
___aomod@dividend                         cstackBANK0  000028
___aomod@divisor                          cstackBANK0  000020
___aomod@sign                             cstackCOMMON 000073
___awdiv                                  text28       002B58
___awdiv@counter                          cstackCOMMON 000076
___awdiv@dividend                         cstackCOMMON 000073
___awdiv@divisor                          cstackCOMMON 000071
___awdiv@quotient                         cstackCOMMON 000078
___awdiv@sign                             cstackCOMMON 000077
___awmod                                  text27       002A79
___awmod@counter                          cstackCOMMON 000076
___awmod@dividend                         cstackCOMMON 000073
___awmod@divisor                          cstackCOMMON 000071
___awmod@sign                             cstackCOMMON 000077
___fladd                                  text23       0011DB
___fladd@a                                cstackCOMMON 000075
___fladd@aexp                             cstackBANK0  000029
___fladd@b                                cstackCOMMON 000071
___fladd@bexp                             cstackBANK0  00002A
___fladd@grs                              cstackBANK0  00002B
___fladd@signs                            cstackBANK0  000028
___fldiv                                  text51       001061
___fldiv@a                                cstackBANK0  000040
___fldiv@aexp                             cstackBANK0  000059
___fldiv@b                                cstackBANK0  000044
___fldiv@bexp                             cstackBANK0  000058
___fldiv@grs                              cstackBANK0  000054
___fldiv@new_exp                          cstackBANK0  000052
___fldiv@rem                              cstackBANK0  00004D
___fldiv@sign                             cstackBANK0  000051
___fleq                                   text26       002ABE
___fleq@ff1                               cstackCOMMON 000071
___fleq@ff2                               cstackCOMMON 000075
___flge                                   text25       002CF0
___flge@ff1                               cstackBANK0  000040
___flge@ff2                               cstackBANK0  000044
___flmul                                  text49       0015D4
___flmul@a                                cstackBANK0  00002A
___flmul@aexp                             cstackBANK0  000038
___flmul@b                                cstackBANK0  000026
___flmul@bexp                             cstackBANK0  000039
___flmul@grs                              cstackBANK0  000034
___flmul@prod                             cstackBANK0  00003A
___flmul@sign                             cstackBANK0  000033
___flmul@temp                             cstackBANK0  00003E
___flneg                                  text24       0036D0
___flneg@f1                               cstackCOMMON 000071
___flsub                                  text22       002858
___flsub@a                                cstackBANK0  000040
___flsub@b                                cstackBANK0  000044
___fltol                                  text48       002BA9
___fltol@exp1                             cstackCOMMON 00007B
___fltol@f1                               cstackBANK0  00005A
___fltol@sign1                            cstackCOMMON 00007A
___fpclassifyf                            text21       002C78
___fpclassifyf@F463                       bssBANK3     0001AE
___fpclassifyf@e                          cstackBANK0  000020
___fpclassifyf@u                          cstackBANK0  000022
___fpclassifyf@x                          cstackCOMMON 000071
___int_sp                                 stack        000000
___latbits                                (abs)        000003
___lodiv                                  text12       002D6C
___lodiv@counter                          cstackCOMMON 00007A
___lodiv@dividend                         cstackBANK0  000028
___lodiv@divisor                          cstackBANK0  000020
___lodiv@quotient                         cstackCOMMON 000072
___lomod                                  text11       002C0F
___lomod@counter                          cstackCOMMON 000072
___lomod@dividend                         cstackBANK0  000028
___lomod@divisor                          cstackBANK0  000020
___sp                                     stack        000000
___stackhi                                (abs)        002770
___stacklo                                (abs)        002190
___wmul                                   text44       002800
___wmul@multiplicand                      cstackCOMMON 000073
___wmul@multiplier                        cstackCOMMON 000071
___wmul@product                           cstackCOMMON 000075
___xxtofl                                 text47       002F6A
___xxtofl@arg                             cstackBANK0  000022
___xxtofl@exp                             cstackBANK0  000021
___xxtofl@sign                            cstackBANK0  000020
___xxtofl@val                             cstackCOMMON 000071
__end_of_AFE_getSetCurrentSenseRes        text66       0036E3
__end_of_AFE_getSetShortCircuitCurrent    text65       0037C7
__end_of_ATmega328_address                stringtext7  003002
__end_of_EUSART_Initialize                text73       00224B
__end_of_EUSART_Write                     text64       0036A5
__end_of_EUSART_Write_Text                text63       0037AC
__end_of_I2C_writeRegister                text56       002839
__end_of_OCD_delay_setting                stringtext2  003810
__end_of_OCD_threshold_setting            stringtext1  003185
__end_of_OV_delay_setting                 stringtext4  003828
__end_of_RGB_AWAIT_AFE_CONN               text61       0028D9
__end_of_RGB_color                        text62       0028B7
__end_of_SCD_delay_setting                stringtext6  003838
__end_of_SCD_threshold_setting            stringtext3  003820
__end_of_UV_delay_setting                 stringtext5  003830
__end_of__Umul8_16                        text50       002858
__end_of___aldiv                          text74       002EE7
__end_of___aodiv                          text32       001B58
__end_of___aomod                          text31       00271F
__end_of___awdiv                          text28       002BA9
__end_of___awmod                          text27       002ABE
__end_of___fladd                          text23       0013BD
__end_of___fldiv                          text51       0011DB
__end_of___fleq                           text26       002B07
[...]
 Defined at:
		line 156 in file "main.c"
 Parameters:    Size  Location     Type
		None
 Auto vars:     Size  Location     Type
		None
 Return value:  Size  Location     Type
                  1    wreg      void 
 Registers used:
		status,2, status,0, pclath, cstack
 Tracked objects:
		On entry : 
		On exit  : 
		Unchanged: 
 Data sizes:     COMMON   BANK0   BANK1   BANK2   BANK3   BANK4   BANK5   BANK6   BANK7   BANK8   BANK9  BANK10  BANK11  BANK12  BANK13  BANK14  BANK15  BANK16  BANK17  BANK18  BANK19  BANK20  BANK21  BANK22  BANK23  BANK24  BANK25
      Params:         0       0       0       0       0       0       0       0       0       0       0       0       0       0       0       0       0       0       0       0       0       0       0       0       0       0       0
      Locals:         0       0       0       0       0       0       0       0       0       0       0       0       0       0       0       0       0       0       0       0       0       0       0       0       0       0       0
      Temps:          0       0       0       0       0       0       0       0       0       0       0       0       0       0       0       0       0       0       0       0       0       0       0       0       0       0       0
      Totals:         0       0       0       0       0       0       0       0       0       0       0       0       0       0       0       0       0       0       0       0       0       0       0       0       0       0       0
Total ram usage:        0 bytes
 Hardware stack levels used:    1
 Hardware stack levels required when called:    2
 This function calls:
		_internal_16
 This function is called by:
		_main
 This function uses a non-reentrant model


 *************** function _internal_16 *****************
 Defined at:
		line 26 in file "pic16f1719_internals.c"
 Parameters:    Size  Location     Type
		None
 Auto vars:     Size  Location     Type
		None
 Return value:  Size  Location     Type
                  1    wreg      void 
 Registers used:
		None
 Tracked objects:
		On entry : 
		On exit  : 
		Unchanged: 
 Data sizes:     COMMON   BANK0   BANK1   BANK2   BANK3   BANK4   BANK5   BANK6   BANK7   BANK8   BANK9  BANK10  BANK11  BANK12  BANK13  BANK14  BANK15  BANK16  BANK17  BANK18  BANK19  BANK20  BANK21  BANK22  BANK23  BANK24  BANK25
      Params:         0       0       0       0       0       0       0       0       0       0       0       0       0       0       0       0       0       0       0       0       0       0       0       0       0       0       0
      Locals:         0       0       0       0       0       0       0       0       0       0       0       0       0       0       0       0       0       0       0       0       0       0       0       0       0       0       0
      Temps:          0       0       0       0       0       0       0       0       0       0       0       0       0       0       0       0       0       0       0       0       0       0       0       0       0       0       0
      Totals:         0       0       0       0       0       0       0       0       0       0       0       0       0       0       0       0       0       0       0       0       0       0       0       0       0       0       0
Total ram usage:        0 bytes
 Hardware stack levels used:    1
 Hardware stack levels required when called:    1
 This function calls:
		Nothing
 This function is called by:
		_initClock
 This function uses a non-reentrant model


 *************** function _EUSART_Initialize *****************
 Defined at:
		line 6 in file "EUSART.c"
 Parameters:    Size  Location     Type
  baudrate        4    6[BANK0 ] const long 
 Auto vars:     Size  Location     Type
  x               2   10[COMMON] unsigned int 
 Return value:  Size  Location     Type
                  1    wreg      unsigned char 
 Registers used:
		wreg, status,2, status,0, pclath, cstack
 Tracked objects:
		On entry : 
		On exit  : 
		Unchanged: 
 Data sizes:     COMMON   BANK0   BANK1   BANK2   BANK3   BANK4   BANK5   BANK6   BANK7   BANK8   BANK9  BANK10  BANK11  BANK12  BANK13  BANK14  BANK15  BANK16  BANK17  BANK18  BANK19  BANK20  BANK21  BANK22  BANK23  BANK24  BANK25
      Params:         0       4       0       0       0       0       0       0       0       0       0       0       0       0       0       0       0       0       0       0       0       0       0       0       0       0       0
      Locals:         2       0       0       0       0       0       0       0       0       0       0       0       0       0       0       0       0       0       0       0       0       0       0       0       0       0       0
      Temps:          0      12       0       0       0       0       0       0       0       0       0       0       0       0       0       0       0       0       0       0       0       0       0       0       0       0       0
      Totals:         2      16       0       0       0       0       0       0       0       0       0       0       0       0       0       0       0       0       0       0       0       0       0       0       0       0       0
Total ram usage:       18 bytes
 Hardware stack levels used:    1
 Hardware stack levels required when called:    2
 This function calls:
		___aldiv
 This function is called by:
		_main
 This function uses a non-reentrant model


 *************** function ___aldiv *****************
 Defined at:
		line 5 in file "C:\Program Files (x86)\Microchip\xc8\v2.05\pic\sources\c99\common\aldiv.c"
 Parameters:    Size  Location     Type
  divisor         4    1[COMMON] long 
  dividend        4    5[COMMON] long 
 Auto vars:     Size  Location     Type
  quotient        4    2[BANK0 ] long 
  sign            1    1[BANK0 ] unsigned char 
  counter         1    0[BANK0 ] unsigned char 
 Return value:  Size  Location     Type
                  4    1[COMMON] long 
 Registers used:
		wreg, status,2, status,0
 Tracked objects:
		On entry : 
		On exit  : 
		Unchanged: 
 Data sizes:     COMMON   BANK0   BANK1   BANK2   BANK3   BANK4   BANK5   BANK6   BANK7   BANK8   BANK9  BANK10  BANK11  BANK12  BANK13  BANK14  BANK15  BANK16  BANK17  BANK18  BANK19  BANK20  BANK21  BANK22  BANK23  BANK24  BANK25
      Params:         8       0       0       0       0       0       0       0       0       0       0       0       0       0       0       0       0       0       0       0       0       0       0       0       0       0       0
      Locals:         0       6       0       0       0       0       0       0       0       0       0       0       0       0       0       0       0       0       0       0       0       0       0       0       0       0       0
      Temps:          1       0       0       0       0       0       0       0       0       0       0       0       0       0       0       0       0       0       0       0       0       0       0       0       0       0       0
      Totals:         9       6       0       0       0       0       0       0       0       0       0       0       0       0       0       0       0       0       0       0       0       0       0       0       0       0       0
Total ram usage:       15 bytes
 Hardware stack levels used:    1
 Hardware stack levels required when called:    1
 This function calls:
		Nothing
 This function is called by:
		_EUSART_Initialize
 This function uses a non-reentrant model


 *************** function _myIsr *****************
 Defined at:
		line 57 in file "main.c"
 Parameters:    Size  Location     Type
		None
 Auto vars:     Size  Location     Type
		None
 Return value:  Size  Location     Type
                  1    wreg      void 
 Registers used:
		wreg, status,2, status,0
 Tracked objects:
		On entry : 
		On exit  : 
		Unchanged: 
 Data sizes:     COMMON   BANK0   BANK1   BANK2   BANK3   BANK4   BANK5   BANK6   BANK7   BANK8   BANK9  BANK10  BANK11  BANK12  BANK13  BANK14  BANK15  BANK16  BANK17  BANK18  BANK19  BANK20  BANK21  BANK22  BANK23  BANK24  BANK25
      Params:         0       0       0       0       0       0       0       0       0       0       0       0       0       0       0       0       0       0       0       0       0       0       0       0       0       0       0
      Locals:         0       0       0       0       0       0       0       0       0       0       0       0       0       0       0       0       0       0       0       0       0       0       0       0       0       0       0
      Temps:          1       0       0       0       0       0       0       0       0       0       0       0       0       0       0       0       0       0       0       0       0       0       0       0       0       0       0
      Totals:         1       0       0       0       0       0       0       0       0       0       0       0       0       0       0       0       0       0       0       0       0       0       0       0       0       0       0
Total ram usage:        1 bytes
 Hardware stack levels used:    1
 This function calls:
		Nothing
 This function is called by:
		Interrupt level 1
 This function uses a non-reentrant model



MODULE INFORMATION

Module		Function		Class		Link	Load	Size
EUSART.c
		_EUSART_Write  		CODE           	369D	0000	9
		_EUSART_Initialize		CODE           	21A3	0000	169
		_EUSART_Write_Text		CODE           	3792	0000	27

EUSART.c estimated size: 205

C:\Program Files (x86)\Microchip\xc8\v2.05\pic\sources\c99\common\awmod.c
		___awmod       		CODE           	2A79	0000	70

C:\Program Files (x86)\Microchip\xc8\v2.05\pic\sources\c99\common\awmod.c estimated size: 70

C:\Program Files (x86)\Microchip\xc8\v2.05\pic\sources\c99\common\__fpclassifyf.c
		___fpclassifyf 		CODE           	2C78	0000	121

C:\Program Files (x86)\Microchip\xc8\v2.05\pic\sources\c99\common\__fpclassifyf.c estimated size: 121

C:\Program Files (x86)\Microchip\xc8\v2.05\pic\sources\c99\common\putch.c
		_putch         		CODE           	07FE	0000	2

C:\Program Files (x86)\Microchip\xc8\v2.05\pic\sources\c99\common\putch.c estimated size: 2

C:\Program Files (x86)\Microchip\xc8\v2.05\pic\sources\c99\common\snprintf.c
		_snprintf      		CODE           	377A	0000	25

C:\Program Files (x86)\Microchip\xc8\v2.05\pic\sources\c99\common\snprintf.c estimated size: 25

C:\Program Files (x86)\Microchip\xc8\v2.05\pic\sources\c99\common\floorf.c
		_floorf        		CODE           	256B	0000	217

C:\Program Files (x86)\Microchip\xc8\v2.05\pic\sources\c99\common\floorf.c estimated size: 217

C:\Program Files (x86)\Microchip\xc8\v2.05\pic\sources\c99\common\flge.c
		___flge        		CODE           	2CF0	0000	125

C:\Program Files (x86)\Microchip\xc8\v2.05\pic\sources\c99\common\flge.c estimated size: 125

C:\Program Files (x86)\Microchip\xc8\v2.05\pic\sources\c99\common\nf_fputc.c
		_fputc         		CODE           	100D	0000	85

C:\Program Files (x86)\Microchip\xc8\v2.05\pic\sources\c99\common\nf_fputc.c estimated size: 85

C:\Program Files (x86)\Microchip\xc8\v2.05\pic\sources\c99\common\islower.c
		_islower       		CODE           	3763	0000	24

C:\Program Files (x86)\Microchip\xc8\v2.05\pic\sources\c99\common\islower.c estimated size: 24

C:\Program Files (x86)\Microchip\xc8\v2.05\pic\sources\c99\common\lodiv.c
		___lodiv       		CODE           	2D6C	0000	125

C:\Program Files (x86)\Microchip\xc8\v2.05\pic\sources\c99\common\lodiv.c estimated size: 125

I2C.c
		_readRegister  		CODE           	29FF	0000	55
		_read_I2C_data 		CODE           	07EE	0000	17
		_I2C_writeRegister		CODE           	281B	0000	31
		_send_I2C_NACK 		CODE           	36C7	0000	10
		_send_I2C_data 		CODE           	36BE	0000	10
		_send_I2C_stopBit		CODE           	36AD	0000	9
		_send_I2C_controlByte		CODE           	36E3	0000	11
		_init_I2C      		CODE           	36F7	0000	17
		_send_I2C_startBit		CODE           	36A5	0000	9

I2C.c estimated size: 169

C:\Program Files (x86)\Microchip\xc8\v2.05\pic\sources\c99\common\aodiv.c
		___aodiv       		CODE           	1A65	0000	244

C:\Program Files (x86)\Microchip\xc8\v2.05\pic\sources\c99\common\aodiv.c estimated size: 244

C:\Program Files (x86)\Microchip\xc8\v2.05\pic\sources\c99\common\xxtofl.c
		___xxtofl      		CODE           	2F6A	0000	151

C:\Program Files (x86)\Microchip\xc8\v2.05\pic\sources\c99\common\xxtofl.c estimated size: 151

C:\Program Files (x86)\Microchip\xc8\v2.05\pic\sources\c99\common\isupper.c
		_isupper       		CODE           	374C	0000	24

C:\Program Files (x86)\Microchip\xc8\v2.05\pic\sources\c99\common\isupper.c estimated size: 24

C:\Program Files (x86)\Microchip\xc8\v2.05\pic\sources\c99\common\toupper.c
		_toupper       		CODE           	28FB	0000	35

C:\Program Files (x86)\Microchip\xc8\v2.05\pic\sources\c99\common\toupper.c estimated size: 35

C:\Program Files (x86)\Microchip\xc8\v2.05\pic\sources\c99\common\strlen.c
		_strlen        		CODE           	371E	0000	24

C:\Program Files (x86)\Microchip\xc8\v2.05\pic\sources\c99\common\strlen.c estimated size: 24

C:\Program Files (x86)\Microchip\xc8\v2.05\pic\sources\c99\common\strcpy.c
		_strcpy        		CODE           	2877	0000	32

C:\Program Files (x86)\Microchip\xc8\v2.05\pic\sources\c99\common\strcpy.c estimated size: 32

C:\Program Files (x86)\Microchip\xc8\v2.05\pic\sources\c99\common\isspace.c
		_isspace       		CODE           	37C7	0000	29

C:\Program Files (x86)\Microchip\xc8\v2.05\pic\sources\c99\common\isspace.c estimated size: 29

C:\Program Files (x86)\Microchip\xc8\v2.05\pic\sources\c99\common\awdiv.c
		___awdiv       		CODE           	2B58	0000	82

C:\Program Files (x86)\Microchip\xc8\v2.05\pic\sources\c99\common\awdiv.c estimated size: 82

C:\Program Files (x86)\Microchip\xc8\v2.05\pic\sources\c99\common\fltol.c
		___fltol       		CODE           	2BA9	0000	103

C:\Program Files (x86)\Microchip\xc8\v2.05\pic\sources\c99\common\fltol.c estimated size: 103

C:\Program Files (x86)\Microchip\xc8\v2.05\pic\sources\c99\common\aldiv.c
		___aldiv       		CODE           	2E65	0000	131

C:\Program Files (x86)\Microchip\xc8\v2.05\pic\sources\c99\common\aldiv.c estimated size: 131

C:\Program Files (x86)\Microchip\xc8\v2.05\pic\sources\c99\common\strncmp.c
		_strncmp       		CODE           	200C	0000	83

C:\Program Files (x86)\Microchip\xc8\v2.05\pic\sources\c99\common\strncmp.c estimated size: 83

C:\Program Files (x86)\Microchip\xc8\v2.05\pic\sources\c99\common\tolower.c
		_tolower       		CODE           	28D9	0000	35

C:\Program Files (x86)\Microchip\xc8\v2.05\pic\sources\c99\common\tolower.c estimated size: 35

C:\Program Files (x86)\Microchip\xc8\v2.05\pic\sources\c99\common\sprcmul.c
		___flmul       		CODE           	15D4	0000	557

C:\Program Files (x86)\Microchip\xc8\v2.05\pic\sources\c99\common\sprcmul.c estimated size: 557

C:\Program Files (x86)\Microchip\xc8\v2.05\pic\sources\c99\common\sprcdiv.c
		___fldiv       		CODE           	1061	0000	379

C:\Program Files (x86)\Microchip\xc8\v2.05\pic\sources\c99\common\sprcdiv.c estimated size: 379

C:\Program Files (x86)\Microchip\xc8\v2.05\pic\sources\c99\common\doprnt.c
		_vfpfcnvrt     		CODE           	13BD	0000	3869
		_efgtoa        		CODE           	0058	0000	1662
		_pad           		CODE           	2B07	0000	82
		_ctoa          		CODE           	2999	0000	50
		_dtoa          		CODE           	1D54	0000	340
		_vfprintf      		CODE           	29CA	0000	54
		_otoa          		CODE           	1974	0000	242
		_stoa          		CODE           	22FF	0000	198
		_utoa          		CODE           	271F	0000	226
		_xtoa          		CODE           	1EA7	0000	346

C:\Program Files (x86)\Microchip\xc8\v2.05\pic\sources\c99\common\doprnt.c estimated size: 7069

shared
		_SCD_delay_setting		STRCODE        	3830	0000	9
		_OCD_threshold_setting		STRCODE        	0000	0000	0
		_SCD_threshold_setting		STRCODE        	3810	0000	17
		__initialization		CODE           	0020	0000	53
		_ATmega328_address		STRCODE        	0000	0000	0
		_OV_delay_setting		STRCODE        	0000	0000	0
		_UV_delay_setting		STRCODE        	0000	0000	0
		_OCD_delay_setting		STRCODE        	0000	0000	0

shared estimated size: 79

C:\Program Files (x86)\Microchip\xc8\v2.05\pic\sources\c99\common\isalpha.c
		_isalpha       		CODE           	37E3	0000	30

C:\Program Files (x86)\Microchip\xc8\v2.05\pic\sources\c99\common\isalpha.c estimated size: 30

pic16f1719_internals.c
		_internal_16   		CODE           	36B5	0000	10

pic16f1719_internals.c estimated size: 10

C:\Program Files (x86)\Microchip\xc8\v2.05\pic\sources\c99\common\Umul16.c
		___wmul        		CODE           	2800	0000	28

C:\Program Files (x86)\Microchip\xc8\v2.05\pic\sources\c99\common\Umul16.c estimated size: 28

C:\Program Files (x86)\Microchip\xc8\v2.05\pic\sources\c99\common\atoi.c
		_atoi          		CODE           	205E	0000	162

C:\Program Files (x86)\Microchip\xc8\v2.05\pic\sources\c99\common\atoi.c estimated size: 162

C:\Program Files (x86)\Microchip\xc8\v2.05\pic\sources\c99\common\fleq.c
		___fleq        		CODE           	2ABE	0000	74

C:\Program Files (x86)\Microchip\xc8\v2.05\pic\sources\c99\common\fleq.c estimated size: 74

C:\Program Files (x86)\Microchip\xc8\v2.05\pic\sources\c99\common\abs.c
		_abs           		CODE           	3735	0000	24

C:\Program Files (x86)\Microchip\xc8\v2.05\pic\sources\c99\common\abs.c estimated size: 24

RGB.c
		_RGB_color     		CODE           	2896	0000	34
		_init_RGB      		CODE           	1801	0000	6
		_RGB_AWAIT_AFE_CONN		CODE           	28B7	0000	35

RGB.c estimated size: 75

C:\Program Files (x86)\Microchip\xc8\v2.05\pic\sources\c99\common\nf_fputs.c
		_fputs         		CODE           	291D	0000	39

C:\Program Files (x86)\Microchip\xc8\v2.05\pic\sources\c99\common\nf_fputs.c estimated size: 39

C:\Program Files (x86)\Microchip\xc8\v2.05\pic\sources\c99\common\flneg.c
		___flneg       		CODE           	36D0	0000	10

C:\Program Files (x86)\Microchip\xc8\v2.05\pic\sources\c99\common\flneg.c estimated size: 10

C:\Program Files (x86)\Microchip\xc8\v2.05\pic\sources\c99\common\Umul8_16.c
		__Umul8_16     		CODE           	2839	0000	32

C:\Program Files (x86)\Microchip\xc8\v2.05\pic\sources\c99\common\Umul8_16.c estimated size: 32

BQ76920.c
		_setShortCircuitProtection		CODE           	06D5	0000	282
		_AFE_getSetCurrentSenseRes		CODE           	36D9	0000	11
		_setTemperatureLimitsint		CODE           	2A35	0000	69
		_setShuntResistorValue		CODE           	36ED	0000	11
		_AFE_getSetShortCircuitCurrent		CODE           	37AC	0000	28
		_beginAFEcommunication		CODE           	224B	0000	181
		_init_AFE      		CODE           	296B	0000	47

BQ76920.c estimated size: 629

main.c
		_initClock     		CODE           	369A	0000	4
		_init_TMR1     		CODE           	2001	0000	12
		_main          		CODE           	2943	0000	41
		_myIsr         		CODE           	0004	0000	27
		_statemachine  		CODE           	1B58	0000	245
		_init_GPIO     		CODE           	0807	0000	57

main.c estimated size: 386

C:\Program Files (x86)\Microchip\xc8\v2.05\pic\sources\c99\common\isdigit.c
		_isdigit       		CODE           	3707	0000	24

C:\Program Files (x86)\Microchip\xc8\v2.05\pic\sources\c99\common\isdigit.c estimated size: 24

C:\Program Files (x86)\Microchip\xc8\v2.05\pic\sources\c99\common\sprcadd.c
		___flsub       		CODE           	2858	0000	32
		___fladd       		CODE           	11DB	0000	483

C:\Program Files (x86)\Microchip\xc8\v2.05\pic\sources\c99\common\sprcadd.c estimated size: 515

C:\Program Files (x86)\Microchip\xc8\v2.05\pic\sources\c99\common\lomod.c
		___lomod       		CODE           	2C0F	0000	106

C:\Program Files (x86)\Microchip\xc8\v2.05\pic\sources\c99\common\lomod.c estimated size: 106

C:\Program Files (x86)\Microchip\xc8\v2.05\pic\sources\c99\common\aomod.c
		___aomod       		CODE           	2643	0000	221

C:\Program Files (x86)\Microchip\xc8\v2.05\pic\sources\c99\common\aomod.c estimated size: 221

C:\Program Files (x86)\Microchip\xc8\v2.05\pic\sources\c99\common\nf_vsnprintf.c
		_vsnprintf     		CODE           	2DE8	0000	126

C:\Program Files (x86)\Microchip\xc8\v2.05\pic\sources\c99\common\nf_vsnprintf.c estimated size: 126

