Microchip MPLAB XC8 Compiler V2.05 ()

Linker command line:

-W-3 --edf=C:\Program Files (x86)\Microchip\xc8\v2.05\pic\dat\en_msgs.txt \
  -cs -h+dist/default/production\BMS_Firmware.X.production.sym \
  --cmf=dist/default/production\BMS_Firmware.X.production.cmf -z -Q16F1719 \
  -oC:\Users\raymo\AppData\Local\Temp\sl2c.2 --defsym=__MPLAB_BUILD=1 \
  -Mdist/default/production/BMS_Firmware.X.production.map -E1 -ver=XC8 \
  --acfsm=1493 -ASTACK=0201Eh-027EFh -pstack=STACK -ACODE=00h-07FFhx8 \
  -ASTRCODE=00h-03FFFh -ASTRING=00h-0FFhx64 -ACONST=00h-0FFhx64 \
  -AENTRY=00h-0FFhx64 -ACOMMON=070h-07Fh -ABANK0=020h-06Fh \
  -ABANK1=0A0h-0EFh -ABANK2=0120h-016Fh -ABANK3=01A0h-01EFh \
  -ABANK4=0220h-026Fh -ABANK5=02A0h-02EFh -ABANK6=0320h-036Fh \
  -ABANK7=03A0h-03EFh -ABANK8=0420h-046Fh -ABANK9=04A0h-04EFh \
  -ABANK10=0520h-056Fh -ABANK11=05A0h-05EFh -ABANK12=0620h-066Fh \
  -ABANK13=06A0h-06EFh -ABANK14=0720h-076Fh -ABANK15=07A0h-07EFh \
  -ABANK16=0820h-086Fh -ABANK17=08A0h-08EFh -ABANK18=0920h-096Fh \
  -ABANK19=09A0h-09EFh -ABANK20=0A20h-0A6Fh -ABANK21=0AA0h-0AEFh \
  -ABANK22=0B20h-0B6Fh -ABANK23=0BA0h-0BEFh -ABANK24=0C20h-0C6Fh \
  -ABANK25=0CA0h-0CBFh -ABIGRAM=02000h-027EFh \
  -ARAM=020h-06Fh,0A0h-0EFh,0120h-016Fh,01A0h-01EFh,0220h-026Fh,02A0h-02EFh,0320h-036Fh,03A0h-03EFh,0420h-046Fh,04A0h-04EFh,0520h-056Fh,05A0h-05EFh,0620h-066Fh,06A0h-06EFh,0720h-076Fh,07A0h-07EFh,0820h-086Fh,08A0h-08EFh,0920h-096Fh,09A0h-09EFh,0A20h-0A6Fh,0AA0h-0AEFh,0B20h-0B6Fh,0BA0h-0BEFh,0C20h-0C6Fh,0CA0h-0CBFh \
  -AABS1=020h-07Fh,0A0h-0EFh,0120h-016Fh,01A0h-01EFh,0220h-026Fh,02A0h-02EFh,0320h-036Fh,03A0h-03EFh,0420h-046Fh,04A0h-04EFh,0520h-056Fh,05A0h-05EFh,0620h-066Fh,06A0h-06EFh,0720h-076Fh,07A0h-07EFh,0820h-086Fh,08A0h-08EFh,0920h-096Fh,09A0h-09EFh,0A20h-0A6Fh,0AA0h-0AEFh,0B20h-0B6Fh,0BA0h-0BEFh,0C20h-0C6Fh,0CA0h-0CBFh \
  -ASFR0=00h-01Fh -ASFR1=080h-09Fh -ASFR2=0100h-011Fh -ASFR3=0180h-019Fh \
  -ASFR4=0200h-021Fh -ASFR5=0280h-029Fh -ASFR6=0300h-031Fh \
  -ASFR7=0380h-039Fh -ASFR8=0400h-041Fh -ASFR9=0480h-049Fh \
  -ASFR10=0500h-051Fh -ASFR11=0580h-059Fh -ASFR12=0600h-061Fh \
  -ASFR13=0680h-069Fh -ASFR14=0700h-071Fh -ASFR15=0780h-079Fh \
  -ASFR16=0800h-081Fh -ASFR17=0880h-089Fh -ASFR18=0900h-091Fh \
  -ASFR19=0980h-099Fh -ASFR20=0A00h-0A1Fh -ASFR21=0A80h-0A9Fh \
  -ASFR22=0B00h-0B1Fh -ASFR23=0B80h-0B9Fh -ASFR24=0C00h-0C1Fh \
  -ASFR25=0C80h-0C9Fh -ASFR26=0D00h-0D6Fh -ASFR27=0D80h-0DEFh \
  -ASFR28=0E00h-0E6Fh -ASFR29=0E80h-0EEFh -ASFR30=0F00h-0F6Fh \
  -ASFR31=0F80h-0FEFh -preset_vec=00h,intentry=04h,init,end_init \
  -ppowerup=CODE -pcinit=CODE -pfunctab=ENTRY -ACONFIG=08007h-08008h \
  -pconfig=CONFIG -DCONFIG=2 -AIDLOC=08000h-08003h -pidloc=IDLOC -DIDLOC=2 \
  -DCODE=2 -DSTRCODE=2 -DSTRING=2 -DCONST=2 -DENTRY=2 -k \
  C:\Users\raymo\AppData\Local\Temp\sl2c.o \
  dist/default/production\BMS_Firmware.X.production.o 

Object code version is 3.11

Machine type is 16F1719



                Name                               Link     Load   Length Selector   Space Scale
C:\Users\raymo\AppData\Local\Temp\sl2c.o
                end_init                             33       33        2        8       0
                reset_vec                             0        0        2        0       0
                config                             8007     8007        2    1000E       0
dist/default/production\BMS_Firmware.X.production.o
                cinit                                35       35        7        8       0
                intentry                              4        4       2F        8       0
                text13                              1E8      1E8       21        8       0
                text11                               E5       E5       82        8       0
                text10                               3C       3C       A9        8       0
                text9                               1C7      1C7       21        8       0
                text8                               235      235        9        8       0
                text7                               243      243        3        8       0
                text6                               248      248        1      490       0
                text5                               167      167       38        8       0
                text4                               21A      21A       10        8       0
                text3                               23E      23E        5        8       0
                text2                               22A      22A        B        8       0
                text1                               209      209       11        8       0
                maintext                            19F      19F       28        8       0
                cstackBANK0                          20       20       1E       20       1
                cstackCOMMON                         70       70        6       70       1
                bssCOMMON                            76       76        3       70       1
                stringtext1                         246      246        2      48C       0

TOTAL           Name                               Link     Load   Length     Space
        CLASS   STACK          

        CLASS   CODE           
                end_init                             33       33        2         0
                cinit                                35       35        7         0
                intentry                              4        4       2F         0
                reset_vec                             0        0        2         0
                text13                              1E8      1E8       21         0
                text11                               E5       E5       82         0
                text10                               3C       3C       A9         0
                text9                               1C7      1C7       21         0
                text8                               235      235        9         0
                text7                               243      243        3         0
                text6                               248      248        1         0
                text5                               167      167       38         0
                text4                               21A      21A       10         0
                text3                               23E      23E        5         0
                text2                               22A      22A        B         0
                text1                               209      209       11         0
                maintext                            19F      19F       28         0

        CLASS   STRCODE        
                stringtext1                         246      246        2         0

        CLASS   STRING         

        CLASS   CONST          

        CLASS   ENTRY          

        CLASS   COMMON         
                cstackCOMMON                         70       70        6         1
                bssCOMMON                            76       76        3         1

        CLASS   BANK0          
                cstackBANK0                          20       20       1E         1

        CLASS   BANK1          

        CLASS   BANK2          

        CLASS   BANK3          

        CLASS   BANK4          

        CLASS   BANK5          

        CLASS   BANK6          

        CLASS   BANK7          

        CLASS   BANK8          

        CLASS   BANK9          

        CLASS   BANK10         

        CLASS   BANK11         

        CLASS   BANK12         

        CLASS   BANK13         

        CLASS   BANK14         

        CLASS   BANK15         

        CLASS   BANK16         

        CLASS   BANK17         

        CLASS   BANK18         

        CLASS   BANK19         

        CLASS   BANK20         

        CLASS   BANK21         

        CLASS   BANK22         

        CLASS   BANK23         

        CLASS   BANK24         

        CLASS   BANK25         

        CLASS   BIGRAM         

        CLASS   RAM            

        CLASS   ABS1           
                abs_s1                               7E       7E        2         1

        CLASS   SFR0           

        CLASS   SFR1           

        CLASS   SFR2           

        CLASS   SFR3           

        CLASS   SFR4           

        CLASS   SFR5           

        CLASS   SFR6           

        CLASS   SFR7           

        CLASS   SFR8           

        CLASS   SFR9           

        CLASS   SFR10          

        CLASS   SFR11          

        CLASS   SFR12          

        CLASS   SFR13          

        CLASS   SFR14          

        CLASS   SFR15          

        CLASS   SFR16          

        CLASS   SFR17          

        CLASS   SFR18          

        CLASS   SFR19          

        CLASS   SFR20          

        CLASS   SFR21          

        CLASS   SFR22          

        CLASS   SFR23          

        CLASS   SFR24          

        CLASS   SFR25          

        CLASS   SFR26          

        CLASS   SFR27          

        CLASS   SFR28          

        CLASS   SFR29          

        CLASS   SFR30          

        CLASS   SFR31          

        CLASS   CONFIG         
                config                             8007     8007        2         0

        CLASS   IDLOC          

        CLASS   BANK31         

        CLASS   BANK30         

        CLASS   BANK29         

        CLASS   BANK28         

        CLASS   BANK27         

        CLASS   BANK26         

        CLASS   EEDATA         



SEGMENTS        Name                           Load    Length   Top    Selector   Space  Class     Delta

                reset_vec                      000000  000002  000002         0       0  CODE        2
                intentry                       000004  000242  000246         8       0  CODE        2
                cstackBANK0                    000020  00001E  00003E        20       1  BANK0       1
                cstackCOMMON                   000070  000009  000079        70       1  COMMON      1
                stringtext1                    000246  000002  000248       48C       0  STRCODE     2
                text6                          000248  000001  000249       490       0  CODE        2
                config                         008007  000002  008009     1000E       0  CONFIG      2


UNUSED ADDRESS RANGES

        Name                Unused          Largest block    Delta
        BANK0            0003E-0006F              32           1
        BANK1            000A0-000EF              50           1
        BANK10           00520-0056F              50           1
        BANK11           005A0-005EF              50           1
        BANK12           00620-0066F              50           1
        BANK13           006A0-006EF              50           1
        BANK14           00720-0076F              50           1
        BANK15           007A0-007EF              50           1
        BANK16           00820-0086F              50           1
        BANK17           008A0-008EF              50           1
        BANK18           00920-0096F              50           1
        BANK19           009A0-009EF              50           1
        BANK2            00120-0016F              50           1
        BANK20           00A20-00A6F              50           1
        BANK21           00AA0-00AEF              50           1
        BANK22           00B20-00B6F              50           1
        BANK23           00BA0-00BEF              50           1
        BANK24           00C20-00C6F              50           1
        BANK25           00CA0-00CBF              20           1
        BANK3            001A0-001EF              50           1
        BANK4            00220-0026F              50           1
        BANK5            002A0-002EF              50           1
        BANK6            00320-0036F              50           1
        BANK7            003A0-003EF              50           1
        BANK8            00420-0046F              50           1
        BANK9            004A0-004EF              50           1
        BIGRAM           02000-027EF             7F0           1
        CODE             00002-00003               2           2
                         00249-03FFF             800
        COMMON           00079-0007D               5           1
        CONST            00002-00003               2           2
                         00249-03FFF             100
        ENTRY            00002-00003               2           2
                         00249-03FFF             100
        IDLOC            08000-08003               4           2
        RAM              0003E-0006F              32           1
                         000A0-000EF              50
                         00120-0016F              50
                         001A0-001EF              50
                         00220-0026F              50
                         002A0-002EF              50
                         00320-0036F              50
                         003A0-003EF              50
                         00420-0046F              50
                         004A0-004EF              50
                         00520-0056F              50
                         005A0-005EF              50
                         00620-0066F              50
                         006A0-006EF              50
                         00720-0076F              50
                         007A0-007EF              50
                         00820-0086F              50
                         008A0-008EF              50
                         00920-0096F              50
                         009A0-009EF              50
                         00A20-00A6F              50
                         00AA0-00AEF              50
                         00B20-00B6F              50
                         00BA0-00BEF              50
                         00C20-00C6F              50
                         00CA0-00CBF              20
        SFR0             00000-0001F              20           1
        SFR1             00080-0009F              20           1
        SFR10            00500-0051F              20           1
        SFR11            00580-0059F              20           1
        SFR12            00600-0061F              20           1
        SFR13            00680-0069F              20           1
        SFR14            00700-0071F              20           1
        SFR15            00780-0079F              20           1
        SFR16            00800-0081F              20           1
        SFR17            00880-0089F              20           1
        SFR18            00900-0091F              20           1
        SFR19            00980-0099F              20           1
        SFR2             00100-0011F              20           1
        SFR20            00A00-00A1F              20           1
        SFR21            00A80-00A9F              20           1
        SFR22            00B00-00B1F              20           1
        SFR23            00B80-00B9F              20           1
        SFR24            00C00-00C1F              20           1
        SFR25            00C80-00C9F              20           1
        SFR26            00D00-00D6F              70           1
        SFR27            00D80-00DEF              70           1
        SFR28            00E00-00E6F              70           1
        SFR29            00E80-00EEF              70           1
        SFR3             00180-0019F              20           1
        SFR30            00F00-00F6F              70           1
        SFR31            00F80-00FEF              70           1
        SFR4             00200-0021F              20           1
        SFR5             00280-0029F              20           1
        SFR6             00300-0031F              20           1
        SFR7             00380-0039F              20           1
        SFR8             00400-0041F              20           1
        SFR9             00480-0049F              20           1
        STACK            0201E-027EF             7D2           1
        STRCODE          00002-00003               2           2
                         00249-03FFF            3DB7
        STRING           00002-00003               2           2
                         00249-03FFF             100

                                  Symbol Table

?___aldiv                   cstackBANK0  00020
EUSART_Initialize@baudrate  cstackBANK0  0002E
EUSART_Initialize@x         cstackCOMMON 00074
RGB_color@color             cstackCOMMON 00073
_ANSELBbits                 (abs)        0018D
_ANSELCbits                 (abs)        0018E
_BRGH                       (abs)        00CF2
_CREN                       (abs)        00CEC
_EUSART_Initialize          text10       0003C
_INTCONbits                 (abs)        0000B
_IRCF0                      (abs)        004CB
_IRCF1                      (abs)        004CC
_IRCF2                      (abs)        004CD
_IRCF3                      (abs)        004CE
_LATAbits                   (abs)        0010C
_LATEbits                   (abs)        00110
_PIE1bits                   (abs)        00091
_PIR1bits                   (abs)        00011
_PPSLOCK                    (abs)        00E0F
_PPSLOCKbits                (abs)        00E0F
_RB2PPSbits                 (abs)        00E9A
_RC1REG                     (abs)        00199
_RC1STAbits                 (abs)        0019D
_RC4PPSbits                 (abs)        00EA4
_RC5PPSbits                 (abs)        00EA5
_RGB_color                  text9        001C7
_RXPPSbits                  (abs)        00E24
_SCS0                       (abs)        004C8
_SCS1                       (abs)        004C9
_SPBRG                      (abs)        0019B
_SPEN                       (abs)        00CEF
_SPLLEN                     (abs)        004CF
_SSPADD                     (abs)        00212
_SSPBUF                     (abs)        00211
_SSPCLKPPSbits              (abs)        00E20
_SSPCON2bits                (abs)        00216
_SSPCONbits                 (abs)        00215
_SSPDATPPSbits              (abs)        00E21
_SYNC                       (abs)        00CF4
_T1CONbits                  (abs)        00018
_TMR1                       (abs)        00016
_TRISAbits                  (abs)        0008C
_TRISBbits                  (abs)        0008D
_TRISC6                     (abs)        00476
_TRISC7                     (abs)        00477
_TRISCbits                  (abs)        0008E
_TRISEbits                  (abs)        00090
_TX1REG                     (abs)        0019A
_TXEN                       (abs)        00CF5
__CFG_BOREN$OFF             (abs)        00000
__CFG_BORV$LO               (abs)        00000
__CFG_CLKOUTEN$OFF          (abs)        00000
__CFG_CP$OFF                (abs)        00000
__CFG_FCMEN$OFF             (abs)        00000
__CFG_FOSC$INTOSC           (abs)        00000
__CFG_IESO$ON               (abs)        00000
__CFG_LPBOR$OFF             (abs)        00000
__CFG_LVP$OFF               (abs)        00000
__CFG_MCLRE$OFF             (abs)        00000
__CFG_PLLEN$OFF             (abs)        00000
__CFG_PPS1WAY$ON            (abs)        00000
__CFG_PWRTE$OFF             (abs)        00000
__CFG_STVREN$ON             (abs)        00000
__CFG_WDTE$OFF              (abs)        00000
__CFG_WRT$OFF               (abs)        00000
__CFG_ZCDDIS$ON             (abs)        00000
__Habs1                     abs1         00000
__Hbank0                    bank0        00000
__Hbank1                    bank1        00000
__Hbank10                   bank10       00000
__Hbank11                   bank11       00000
__Hbank12                   bank12       00000
__Hbank13                   bank13       00000
__Hbank14                   bank14       00000
__Hbank15                   bank15       00000
__Hbank16                   bank16       00000
__Hbank17                   bank17       00000
__Hbank18                   bank18       00000
__Hbank19                   bank19       00000
__Hbank2                    bank2        00000
__Hbank20                   bank20       00000
__Hbank21                   bank21       00000
__Hbank22                   bank22       00000
__Hbank23                   bank23       00000
__Hbank24                   bank24       00000
__Hbank25                   bank25       00000
__Hbank26                   bank26       00000
__Hbank27                   bank27       00000
__Hbank28                   bank28       00000
__Hbank29                   bank29       00000
__Hbank3                    bank3        00000
__Hbank30                   bank30       00000
__Hbank31                   bank31       00000
__Hbank4                    bank4        00000
__Hbank5                    bank5        00000
__Hbank6                    bank6        00000
__Hbank7                    bank7        00000
__Hbank8                    bank8        00000
__Hbank9                    bank9        00000
__Hbigram                   bigram       00000
__HbssCOMMON                bssCOMMON    00000
__Hcinit                    cinit        0003C
__Hclrtext                  clrtext      00000
__Hcode                     code         00000
__Hcommon                   common       00000
__Hconfig                   config       08009
__HcstackBANK0              cstackBANK0  00000
__HcstackCOMMON             cstackCOMMON 00000
__Heeprom_data              eeprom_data  00000
__Hend_init                 end_init     00035
__Hfunctab                  functab      00000
__Hidloc                    idloc        00000
__Hinit                     init         00033
__Hintentry                 intentry     00033
__Hmaintext                 maintext     00000
__Hpowerup                  powerup      00000
__Hram                      ram          00000
__Hreset_vec                reset_vec    00002
__Hsfr0                     sfr0         00000
__Hsfr1                     sfr1         00000
__Hsfr10                    sfr10        00000
__Hsfr11                    sfr11        00000
__Hsfr12                    sfr12        00000
__Hsfr13                    sfr13        00000
__Hsfr14                    sfr14        00000
__Hsfr15                    sfr15        00000
__Hsfr16                    sfr16        00000
__Hsfr17                    sfr17        00000
__Hsfr18                    sfr18        00000
__Hsfr19                    sfr19        00000
__Hsfr2                     sfr2         00000
__Hsfr20                    sfr20        00000
__Hsfr21                    sfr21        00000
__Hsfr22                    sfr22        00000
__Hsfr23                    sfr23        00000
__Hsfr24                    sfr24        00000
__Hsfr25                    sfr25        00000
__Hsfr26                    sfr26        00000
__Hsfr27                    sfr27        00000
__Hsfr28                    sfr28        00000
__Hsfr29                    sfr29        00000
__Hsfr3                     sfr3         00000
__Hsfr30                    sfr30        00000
__Hsfr31                    sfr31        00000
__Hsfr4                     sfr4         00000
__Hsfr5                     sfr5         00000
__Hsfr6                     sfr6         00000
__Hsfr7                     sfr7         00000
__Hsfr8                     sfr8         00000
__Hsfr9                     sfr9         00000
__Hspace_0                  (abs)        08009
__Hspace_1                  (abs)        00079
__Hspace_2                  (abs)        00000
__Hspace_3                  (abs)        00000
__Hstack                    stack        00000
__Hstrings                  strings      00000
__Hstringtext1              stringtext1  00000
__Htext                     text         00000
__Labs1                     abs1         00000
__Lbank0                    bank0        00000
__Lbank1                    bank1        00000
__Lbank10                   bank10       00000
__Lbank11                   bank11       00000
__Lbank12                   bank12       00000
__Lbank13                   bank13       00000
__Lbank14                   bank14       00000
__Lbank15                   bank15       00000
__Lbank16                   bank16       00000
__Lbank17                   bank17       00000
__Lbank18                   bank18       00000
__Lbank19                   bank19       00000
__Lbank2                    bank2        00000
__Lbank20                   bank20       00000
__Lbank21                   bank21       00000
__Lbank22                   bank22       00000
__Lbank23                   bank23       00000
__Lbank24                   bank24       00000
__Lbank25                   bank25       00000
__Lbank26                   bank26       00000
__Lbank27                   bank27       00000
__Lbank28                   bank28       00000
__Lbank29                   bank29       00000
__Lbank3                    bank3        00000
__Lbank30                   bank30       00000
__Lbank31                   bank31       00000
__Lbank4                    bank4        00000
__Lbank5                    bank5        00000
__Lbank6                    bank6        00000
__Lbank7                    bank7        00000
__Lbank8                    bank8        00000
__Lbank9                    bank9        00000
__Lbigram                   bigram       00000
__LbssCOMMON                bssCOMMON    00000
__Lcinit                    cinit        00035
__Lclrtext                  clrtext      00000
__Lcode                     code         00000
__Lcommon                   common       00000
__Lconfig                   config       08007
__LcstackBANK0              cstackBANK0  00000
__LcstackCOMMON             cstackCOMMON 00000
__Leeprom_data              eeprom_data  00000
__Lend_init                 end_init     00033
__Lfunctab                  functab      00000
__Lidloc                    idloc        00000
__Linit                     init         00033
__Lintentry                 intentry     00004
__Lmaintext                 maintext     00000
__Lpowerup                  powerup      00000
__Lram                      ram          00000
__Lreset_vec                reset_vec    00000
__Lsfr0                     sfr0         00000
__Lsfr1                     sfr1         00000
__Lsfr10                    sfr10        00000
__Lsfr11                    sfr11        00000
__Lsfr12                    sfr12        00000
__Lsfr13                    sfr13        00000
__Lsfr14                    sfr14        00000
__Lsfr15                    sfr15        00000
__Lsfr16                    sfr16        00000
__Lsfr17                    sfr17        00000
__Lsfr18                    sfr18        00000
__Lsfr19                    sfr19        00000
__Lsfr2                     sfr2         00000
__Lsfr20                    sfr20        00000
__Lsfr21                    sfr21        00000
__Lsfr22                    sfr22        00000
__Lsfr23                    sfr23        00000
__Lsfr24                    sfr24        00000
__Lsfr25                    sfr25        00000
__Lsfr26                    sfr26        00000
__Lsfr27                    sfr27        00000
__Lsfr28                    sfr28        00000
__Lsfr29                    sfr29        00000
__Lsfr3                     sfr3         00000
__Lsfr30                    sfr30        00000
__Lsfr31                    sfr31        00000
__Lsfr4                     sfr4         00000
__Lsfr5                     sfr5         00000
__Lsfr6                     sfr6         00000
__Lsfr7                     sfr7         00000
__Lsfr8                     sfr8         00000
__Lsfr9                     sfr9         00000
__Lspace_0                  (abs)        00000
__Lspace_1                  (abs)        00000
__Lspace_2                  (abs)        00000
__Lspace_3                  (abs)        00000
__Lstack                    stack        00000
__Lstrings                  strings      00000
__Lstringtext1              stringtext1  00000
__Ltext                     text         00000
__S0                        (abs)        08009
__S1                        (abs)        00079
__S2                        (abs)        00000
___aldiv                    text11       000E5
___aldiv@counter            cstackBANK0  00028
___aldiv@dividend           cstackBANK0  00024
___aldiv@divisor            cstackBANK0  00020
___aldiv@quotient           cstackBANK0  0002A
___aldiv@sign               cstackBANK0  00029
___int_sp                   stack        00000
___latbits                  (abs)        00003
___sp                       stack        00000
___stackhi                  (abs)        027EF
___stacklo                  (abs)        0201E
__end_of_ATmega328_address  stringtext1  00248
__end_of_EUSART_Initialize  text10       000E5
__end_of_RGB_color          text9        001E8
__end_of___aldiv            text11       00167
__end_of__initialization    cinit        00038
__end_of_initClock          text7        00246
__end_of_init_AFE           text6        00249
__end_of_init_GPIO          text5        0019F
__end_of_init_I2C           text4        0022A
__end_of_init_RGB           text3        00243
__end_of_init_TMR1          text2        00235
__end_of_internal_16        text8        0023E
__end_of_main               maintext     001C7
__end_of_my_isr             intentry     00033
__end_of_statemachine       text1        0021A
__end_ofi1_RGB_color        text13       00209
__initialization            cinit        00035
__pbssCOMMON                bssCOMMON    00076
__pcstackBANK0              cstackBANK0  00020
__pcstackCOMMON             cstackCOMMON 00070
__pintentry                 intentry     00004
__pmaintext                 maintext     0019F
__pstringtext1              stringtext1  00246
__ptext1                    text1        00209
__ptext10                   text10       0003C
__ptext11                   text11       000E5
__ptext13                   text13       001E8
__ptext2                    text2        0022A
__ptext3                    text3        0023E
__ptext4                    text4        0021A
__ptext5                    text5        00167
__ptext6                    text6        00248
__ptext7                    text7        00243
__ptext8                    text8        00235
__ptext9                    text9        001C7
__size_of_EUSART_Initialize (abs)        00000
__size_of_RGB_color         (abs)        00000
__size_of___aldiv           (abs)        00000
__size_of_initClock         (abs)        00000
__size_of_init_AFE          (abs)        00000
__size_of_init_GPIO         (abs)        00000
__size_of_init_I2C          (abs)        00000
__size_of_init_RGB          (abs)        00000
__size_of_init_TMR1         (abs)        00000
__size_of_internal_16       (abs)        00000
__size_of_main              (abs)        00000
__size_of_my_isr            (abs)        00000
__size_of_statemachine      (abs)        00000
__size_ofi1_RGB_color       (abs)        00000
_initClock                  text7        00243
_init_AFE                   text6        00248
_init_GPIO                  text5        00167
_init_I2C                   text4        0021A
_init_RGB                   text3        0023E
_init_TMR1                  text2        0022A
_internal_16                text8        00235
_main                       maintext     0019F
_my_isr                     intentry     00004
_statemachine               text1        00209
btemp                       (abs)        0007E
end_of_initialization       cinit        00038
i1RGB_color@color           cstackCOMMON 00070
i1_RGB_color                text13       001E8
int$flags                   (abs)        0007E
intlevel0                   functab      00000
intlevel1                   functab      00000
intlevel2                   functab      00000
intlevel3                   functab      00000
intlevel4                   functab      00000
intlevel5                   functab      00000
my_isr@count                bssCOMMON    00077
my_isr@toggleColor          bssCOMMON    00076
reset_vec                   reset_vec    00000
start                       init         00033
start_initialization        cinit        00035
wtemp0                      (abs)        0007E


FUNCTION INFORMATION:

 *************** function _main *****************
 Defined at:
		line 76 in file "main.c"
 Parameters:    Size  Location     Type
		None
 Auto vars:     Size  Location     Type
		None
 Return value:  Size  Location     Type
                  1    wreg      void 
 Registers used:
		wreg, fsr0l, fsr0h, status,2, status,0, pclath, cstack
 Tracked objects:
		On entry : 
		On exit  : 
		Unchanged: 
 Data sizes:     COMMON   BANK0   BANK1   BANK2   BANK3   BANK4   BANK5   BANK6   BANK7   BANK8   BANK9  BANK10  BANK11  BANK12  BANK13  BANK14  BANK15  BANK16  BANK17  BANK18  BANK19  BANK20  BANK21  BANK22  BANK23  BANK24  BANK25
      Params:         0       0       0       0       0       0       0       0       0       0       0       0       0       0       0       0       0       0       0       0       0       0       0       0       0       0       0
      Locals:         0       0       0       0       0       0       0       0       0       0       0       0       0       0       0       0       0       0       0       0       0       0       0       0       0       0       0
      Temps:          0       0       0       0       0       0       0       0       0       0       0       0       0       0       0       0       0       0       0       0       0       0       0       0       0       0       0
      Totals:         0       0       0       0       0       0       0       0       0       0       0       0       0       0       0       0       0       0       0       0       0       0       0       0       0       0       0
Total ram usage:        0 bytes
 Hardware stack levels required when called:    4
 This function calls:
		_EUSART_Initialize
		_RGB_color
		_initClock
		_init_AFE
		_init_GPIO
		_init_I2C
		_init_RGB
		_init_TMR1
		_statemachine
 This function is called by:
		Startup code after reset
 This function uses a non-reentrant model


 *************** function _statemachine *****************
 Defined at:
		line 99 in file "main.c"
 Parameters:    Size  Location     Type
		None
 Auto vars:     Size  Location     Type
		None
 Return value:  Size  Location     Type
                  1    wreg      void 
 Registers used:
		wreg, fsr0l, fsr0h, status,2, status,0
 Tracked objects:
		On entry : 
		On exit  : 
		Unchanged: 
 Data sizes:     COMMON   BANK0   BANK1   BANK2   BANK3   BANK4   BANK5   BANK6   BANK7   BANK8   BANK9  BANK10  BANK11  BANK12  BANK13  BANK14  BANK15  BANK16  BANK17  BANK18  BANK19  BANK20  BANK21  BANK22  BANK23  BANK24  BANK25
      Params:         0       0       0       0       0       0       0       0       0       0       0       0       0       0       0       0       0       0       0       0       0       0       0       0       0       0       0
      Locals:         0       0       0       0       0       0       0       0       0       0       0       0       0       0       0       0       0       0       0       0       0       0       0       0       0       0       0
      Temps:          0       0       0       0       0       0       0       0       0       0       0       0       0       0       0       0       0       0       0       0       0       0       0       0       0       0       0
      Totals:         0       0       0       0       0       0       0       0       0       0       0       0       0       0       0       0       0       0       0       0       0       0       0       0       0       0       0
Total ram usage:        0 bytes
 Hardware stack levels used:    1
 Hardware stack levels required when called:    2
 This function calls:
		Nothing
 This function is called by:
		_main
 This function uses a non-reentrant model


 *************** function _init_TMR1 *****************
 Defined at:
		line 143 in file "main.c"
 Parameters:    Size  Location     Type
		None
 Auto vars:     Size  Location     Type
		None
 Return value:  Size  Location     Type
                  1    wreg      void 
 Registers used:
		wreg, status,2, status,0
 Tracked objects:
		On entry : 
		On exit  : 
		Unchanged: 
 Data sizes:     COMMON   BANK0   BANK1   BANK2   BANK3   BANK4   BANK5   BANK6   BANK7   BANK8   BANK9  BANK10  BANK11  BANK12  BANK13  BANK14  BANK15  BANK16  BANK17  BANK18  BANK19  BANK20  BANK21  BANK22  BANK23  BANK24  BANK25
      Params:         0       0       0       0       0       0       0       0       0       0       0       0       0       0       0       0       0       0       0       0       0       0       0       0       0       0       0
      Locals:         0       0       0       0       0       0       0       0       0       0       0       0       0       0       0       0       0       0       0       0       0       0       0       0       0       0       0
      Temps:          0       0       0       0       0       0       0       0       0       0       0       0       0       0       0       0       0       0       0       0       0       0       0       0       0       0       0
      Totals:         0       0       0       0       0       0       0       0       0       0       0       0       0       0       0       0       0       0       0       0       0       0       0       0       0       0       0
Total ram usage:        0 bytes
 Hardware stack levels used:    1
 Hardware stack levels required when called:    2
 This function calls:
		Nothing
 This function is called by:
		_main
 This function uses a non-reentrant model


 *************** function _init_RGB *****************
 Defined at:
		line 6 in file "RGB.c"
 Parameters:    Size  Location     Type
		None
 Auto vars:     Size  Location     Type
		None
 Return value:  Size  Location     Type
                  1    wreg      void 
 Registers used:
		None
 Tracked objects:
		On entry : 
		On exit  : 
		Unchanged: 
 Data sizes:     COMMON   BANK0   BANK1   BANK2   BANK3   BANK4   BANK5   BANK6   BANK7   BANK8   BANK9  BANK10  BANK11  BANK12  BANK13  BANK14  BANK15  BANK16  BANK17  BANK18  BANK19  BANK20  BANK21  BANK22  BANK23  BANK24  BANK25
      Params:         0       0       0       0       0       0       0       0       0       0       0       0       0       0       0       0       0       0       0       0       0       0       0       0       0       0       0
      Locals:         0       0       0       0       0       0       0       0       0       0       0       0       0       0       0       0       0       0       0       0       0       0       0       0       0       0       0
      Temps:          0       0       0       0       0       0       0       0       0       0       0       0       0       0       0       0       0       0       0       0       0       0       0       0       0       0       0
      Totals:         0       0       0       0       0       0       0       0       0       0       0       0       0       0       0       0       0       0       0       0       0       0       0       0       0       0       0
Total ram usage:        0 bytes
 Hardware stack levels used:    1
 Hardware stack levels required when called:    2
 This function calls:
		Nothing
 This function is called by:
		_main
 This function uses a non-reentrant model


 *************** function _init_I2C *****************
 Defined at:
		line 10 in file "I2C.c"
 Parameters:    Size  Location     Type
		None
 Auto vars:     Size  Location     Type
		None
 Return value:  Size  Location     Type
                  1    wreg      void 
 Registers used:
		wreg, status,2, status,0
 Tracked objects:
		On entry : 
		On exit  : 
		Unchanged: 
 Data sizes:     COMMON   BANK0   BANK1   BANK2   BANK3   BANK4   BANK5   BANK6   BANK7   BANK8   BANK9  BANK10  BANK11  BANK12  BANK13  BANK14  BANK15  BANK16  BANK17  BANK18  BANK19  BANK20  BANK21  BANK22  BANK23  BANK24  BANK25
      Params:         0       0       0       0       0       0       0       0       0       0       0       0       0       0       0       0       0       0       0       0       0       0       0       0       0       0       0
      Locals:         0       0       0       0       0       0       0       0       0       0       0       0       0       0       0       0       0       0       0       0       0       0       0       0       0       0       0
      Temps:          1       0       0       0       0       0       0       0       0       0       0       0       0       0       0       0       0       0       0       0       0       0       0       0       0       0       0
      Totals:         1       0       0       0       0       0       0       0       0       0       0       0       0       0       0       0       0       0       0       0       0       0       0       0       0       0       0
Total ram usage:        1 bytes
 Hardware stack levels used:    1
 Hardware stack levels required when called:    2
 This function calls:
		Nothing
 This function is called by:
		_main
 This function uses a non-reentrant model


 *************** function _init_GPIO *****************
 Defined at:
		line 160 in file "main.c"
 Parameters:    Size  Location     Type
		None
 Auto vars:     Size  Location     Type
		None
 Return value:  Size  Location     Type
                  1    wreg      void 
 Registers used:
		wreg, status,2, status,0
 Tracked objects:
		On entry : 
		On exit  : 
		Unchanged: 
 Data sizes:     COMMON   BANK0   BANK1   BANK2   BANK3   BANK4   BANK5   BANK6   BANK7   BANK8   BANK9  BANK10  BANK11  BANK12  BANK13  BANK14  BANK15  BANK16  BANK17  BANK18  BANK19  BANK20  BANK21  BANK22  BANK23  BANK24  BANK25
      Params:         0       0       0       0       0       0       0       0       0       0       0       0       0       0       0       0       0       0       0       0       0       0       0       0       0       0       0
      Locals:         0       0       0       0       0       0       0       0       0       0       0       0       0       0       0       0       0       0       0       0       0       0       0       0       0       0       0
      Temps:          0       0       0       0       0       0       0       0       0       0       0       0       0       0       0       0       0       0       0       0       0       0       0       0       0       0       0
      Totals:         0       0       0       0       0       0       0       0       0       0       0       0       0       0       0       0       0       0       0       0       0       0       0       0       0       0       0
Total ram usage:        0 bytes
 Hardware stack levels used:    1
 Hardware stack levels required when called:    2
 This function calls:
		Nothing
 This function is called by:
		_main
 This function uses a non-reentrant model


 *************** function _init_AFE *****************
 Defined at:
		line 118 in file "main.c"
 Parameters:    Size  Location     Type
		None
 Auto vars:     Size  Location     Type
		None
 Return value:  Size  Location     Type
                  1    wreg      void 
 Registers used:
		None
 Tracked objects:
		On entry : 
		On exit  : 
		Unchanged: 
 Data sizes:     COMMON   BANK0   BANK1   BANK2   BANK3   BANK4   BANK5   BANK6   BANK7   BANK8   BANK9  BANK10  BANK11  BANK12  BANK13  BANK14  BANK15  BANK16  BANK17  BANK18  BANK19  BANK20  BANK21  BANK22  BANK23  BANK24  BANK25
      Params:         0       0       0       0       0       0       0       0       0       0       0       0       0       0       0       0       0       0       0       0       0       0       0       0       0       0       0
      Locals:         0       0       0       0       0       0       0       0       0       0       0       0       0       0       0       0       0       0       0       0       0       0       0       0       0       0       0
      Temps:          0       0       0       0       0       0       0       0       0       0       0       0       0       0       0       0       0       0       0       0       0       0       0       0       0       0       0
      Totals:         0       0       0       0       0       0       0       0       0       0       0       0       0       0       0       0       0       0       0       0       0       0       0       0       0       0       0
Total ram usage:        0 bytes
 Hardware stack levels used:    1
 Hardware stack levels required when called:    2
 This function calls:
		Nothing
 This function is called by:
		_main
 This function uses a non-reentrant model


 *************** function _initClock *****************
 Defined at:
		line 134 in file "main.c"
 Parameters:    Size  Location     Type
		None
 Auto vars:     Size  Location     Type
		None
 Return value:  Size  Location     Type
                  1    wreg      void 
 Registers used:
		status,2, status,0, pclath, cstack
 Tracked objects:
		On entry : 
		On exit  : 
		Unchanged: 
 Data sizes:     COMMON   BANK0   BANK1   BANK2   BANK3   BANK4   BANK5   BANK6   BANK7   BANK8   BANK9  BANK10  BANK11  BANK12  BANK13  BANK14  BANK15  BANK16  BANK17  BANK18  BANK19  BANK20  BANK21  BANK22  BANK23  BANK24  BANK25
      Params:         0       0       0       0       0       0       0       0       0       0       0       0       0       0       0       0       0       0       0       0       0       0       0       0       0       0       0
      Locals:         0       0       0       0       0       0       0       0       0       0       0       0       0       0       0       0       0       0       0       0       0       0       0       0       0       0       0
      Temps:          0       0       0       0       0       0       0       0       0       0       0       0       0       0       0       0       0       0       0       0       0       0       0       0       0       0       0
      Totals:         0       0       0       0       0       0       0       0       0       0       0       0       0       0       0       0       0       0       0       0       0       0       0       0       0       0       0
Total ram usage:        0 bytes
 Hardware stack levels used:    1
 Hardware stack levels required when called:    3
 This function calls:
		_internal_16
 This function is called by:
		_main
 This function uses a non-reentrant model


 *************** function _internal_16 *****************
 Defined at:
		line 26 in file "pic16f1719_internals.c"
 Parameters:    Size  Location     Type
		None
 Auto vars:     Size  Location     Type
		None
 Return value:  Size  Location     Type
                  1    wreg      void 
 Registers used:
		None
 Tracked objects:
		On entry : 
		On exit  : 
		Unchanged: 
 Data sizes:     COMMON   BANK0   BANK1   BANK2   BANK3   BANK4   BANK5   BANK6   BANK7   BANK8   BANK9  BANK10  BANK11  BANK12  BANK13  BANK14  BANK15  BANK16  BANK17  BANK18  BANK19  BANK20  BANK21  BANK22  BANK23  BANK24  BANK25
      Params:         0       0       0       0       0       0       0       0       0       0       0       0       0       0       0       0       0       0       0       0       0       0       0       0       0       0       0
      Locals:         0       0       0       0       0       0       0       0       0       0       0       0       0       0       0       0       0       0       0       0       0       0       0       0       0       0       0
      Temps:          0       0       0       0       0       0       0       0       0       0       0       0       0       0       0       0       0       0       0       0       0       0       0       0       0       0       0
      Totals:         0       0       0       0       0       0       0       0       0       0       0       0       0       0       0       0       0       0       0       0       0       0       0       0       0       0       0
Total ram usage:        0 bytes
 Hardware stack levels used:    1
 Hardware stack levels required when called:    2
 This function calls:
		Nothing
 This function is called by:
		_initClock
 This function uses a non-reentrant model


 *************** function _RGB_color *****************
 Defined at:
		line 17 in file "RGB.c"
 Parameters:    Size  Location     Type
  color           2    3[COMMON] int 
 Auto vars:     Size  Location     Type
		None
 Return value:  Size  Location     Type
                  1    wreg      void 
 Registers used:
		wreg, fsr0l, fsr0h, status,2, status,0
 Tracked objects:
		On entry : 
		On exit  : 
		Unchanged: 
 Data sizes:     COMMON   BANK0   BANK1   BANK2   BANK3   BANK4   BANK5   BANK6   BANK7   BANK8   BANK9  BANK10  BANK11  BANK12  BANK13  BANK14  BANK15  BANK16  BANK17  BANK18  BANK19  BANK20  BANK21  BANK22  BANK23  BANK24  BANK25
      Params:         2       0       0       0       0       0       0       0       0       0       0       0       0       0       0       0       0       0       0       0       0       0       0       0       0       0       0
      Locals:         0       0       0       0       0       0       0       0       0       0       0       0       0       0       0       0       0       0       0       0       0       0       0       0       0       0       0
      Temps:          0       0       0       0       0       0       0       0       0       0       0       0       0       0       0       0       0       0       0       0       0       0       0       0       0       0       0
      Totals:         2       0       0       0       0       0       0       0       0       0       0       0       0       0       0       0       0       0       0       0       0       0       0       0       0       0       0
Total ram usage:        2 bytes
 Hardware stack levels used:    1
 Hardware stack levels required when called:    2
 This function calls:
		Nothing
 This function is called by:
		_main
 This function uses a non-reentrant model


 *************** function _EUSART_Initialize *****************
 Defined at:
		line 6 in file "EUSART.c"
 Parameters:    Size  Location     Type
  baudrate        4   14[BANK0 ] const long 
 Auto vars:     Size  Location     Type
  x               2    4[COMMON] unsigned int 
 Return value:  Size  Location     Type
                  1    wreg      unsigned char 
 Registers used:
		wreg, status,2, status,0, pclath, cstack
 Tracked objects:
		On entry : 
		On exit  : 
		Unchanged: 
 Data sizes:     COMMON   BANK0   BANK1   BANK2   BANK3   BANK4   BANK5   BANK6   BANK7   BANK8   BANK9  BANK10  BANK11  BANK12  BANK13  BANK14  BANK15  BANK16  BANK17  BANK18  BANK19  BANK20  BANK21  BANK22  BANK23  BANK24  BANK25
      Params:         0       4       0       0       0       0       0       0       0       0       0       0       0       0       0       0       0       0       0       0       0       0       0       0       0       0       0
      Locals:         2       0       0       0       0       0       0       0       0       0       0       0       0       0       0       0       0       0       0       0       0       0       0       0       0       0       0
      Temps:          0      12       0       0       0       0       0       0       0       0       0       0       0       0       0       0       0       0       0       0       0       0       0       0       0       0       0
      Totals:         2      16       0       0       0       0       0       0       0       0       0       0       0       0       0       0       0       0       0       0       0       0       0       0       0       0       0
Total ram usage:       18 bytes
 Hardware stack levels used:    1
 Hardware stack levels required when called:    3
 This function calls:
		___aldiv
 This function is called by:
		_main
 This function uses a non-reentrant model


 *************** function ___aldiv *****************
 Defined at:
		line 5 in file "C:\Program Files (x86)\Microchip\xc8\v2.05\pic\sources\c99\common\aldiv.c"
 Parameters:    Size  Location     Type
  divisor         4    0[BANK0 ] long 
  dividend        4    4[BANK0 ] long 
 Auto vars:     Size  Location     Type
  quotient        4   10[BANK0 ] long 
  sign            1    9[BANK0 ] unsigned char 
  counter         1    8[BANK0 ] unsigned char 
 Return value:  Size  Location     Type
                  4    0[BANK0 ] long 
 Registers used:
		wreg, status,2, status,0
 Tracked objects:
		On entry : 
		On exit  : 
		Unchanged: 
 Data sizes:     COMMON   BANK0   BANK1   BANK2   BANK3   BANK4   BANK5   BANK6   BANK7   BANK8   BANK9  BANK10  BANK11  BANK12  BANK13  BANK14  BANK15  BANK16  BANK17  BANK18  BANK19  BANK20  BANK21  BANK22  BANK23  BANK24  BANK25
      Params:         0       8       0       0       0       0       0       0       0       0       0       0       0       0       0       0       0       0       0       0       0       0       0       0       0       0       0
      Locals:         0       6       0       0       0       0       0       0       0       0       0       0       0       0       0       0       0       0       0       0       0       0       0       0       0       0       0
      Temps:          1       0       0       0       0       0       0       0       0       0       0       0       0       0       0       0       0       0       0       0       0       0       0       0       0       0       0
      Totals:         1      14       0       0       0       0       0       0       0       0       0       0       0       0       0       0       0       0       0       0       0       0       0       0       0       0       0
Total ram usage:       15 bytes
 Hardware stack levels used:    1
 Hardware stack levels required when called:    2
 This function calls:
		Nothing
 This function is called by:
		_EUSART_Initialize
 This function uses a non-reentrant model


 *************** function _my_isr *****************
 Defined at:
		line 51 in file "main.c"
 Parameters:    Size  Location     Type
		None
 Auto vars:     Size  Location     Type
		None
 Return value:  Size  Location     Type
                  1    wreg      void 
 Registers used:
		wreg, fsr0l, fsr0h, status,2, status,0, pclath, cstack
 Tracked objects:
		On entry : 
		On exit  : 
		Unchanged: 
 Data sizes:     COMMON   BANK0   BANK1   BANK2   BANK3   BANK4   BANK5   BANK6   BANK7   BANK8   BANK9  BANK10  BANK11  BANK12  BANK13  BANK14  BANK15  BANK16  BANK17  BANK18  BANK19  BANK20  BANK21  BANK22  BANK23  BANK24  BANK25
      Params:         0       0       0       0       0       0       0       0       0       0       0       0       0       0       0       0       0       0       0       0       0       0       0       0       0       0       0
      Locals:         0       0       0       0       0       0       0       0       0       0       0       0       0       0       0       0       0       0       0       0       0       0       0       0       0       0       0
      Temps:          1       0       0       0       0       0       0       0       0       0       0       0       0       0       0       0       0       0       0       0       0       0       0       0       0       0       0
      Totals:         1       0       0       0       0       0       0       0       0       0       0       0       0       0       0       0       0       0       0       0       0       0       0       0       0       0       0
Total ram usage:        1 bytes
 Hardware stack levels used:    1
 Hardware stack levels required when called:    1
 This function calls:
		i1_RGB_color
 This function is called by:
		Interrupt level 1
 This function uses a non-reentrant model


 *************** function i1_RGB_color *****************
 Defined at:
		line 17 in file "RGB.c"
 Parameters:    Size  Location     Type
  color           2    0[COMMON] int 
 Auto vars:     Size  Location     Type
		None
 Return value:  Size  Location     Type
                  1    wreg      void 
 Registers used:
		wreg, fsr0l, fsr0h, status,2, status,0
 Tracked objects:
		On entry : 
		On exit  : 
		Unchanged: 
 Data sizes:     COMMON   BANK0   BANK1   BANK2   BANK3   BANK4   BANK5   BANK6   BANK7   BANK8   BANK9  BANK10  BANK11  BANK12  BANK13  BANK14  BANK15  BANK16  BANK17  BANK18  BANK19  BANK20  BANK21  BANK22  BANK23  BANK24  BANK25
      Params:         2       0       0       0       0       0       0       0       0       0       0       0       0       0       0       0       0       0       0       0       0       0       0       0       0       0       0
      Locals:         0       0       0       0       0       0       0       0       0       0       0       0       0       0       0       0       0       0       0       0       0       0       0       0       0       0       0
      Temps:          0       0       0       0       0       0       0       0       0       0       0       0       0       0       0       0       0       0       0       0       0       0       0       0       0       0       0
      Totals:         2       0       0       0       0       0       0       0       0       0       0       0       0       0       0       0       0       0       0       0       0       0       0       0       0       0       0
Total ram usage:        2 bytes
 Hardware stack levels used:    1
 This function calls:
		Nothing
 This function is called by:
		_my_isr
 This function uses a non-reentrant model



MODULE INFORMATION

Module		Function		Class		Link	Load	Size
EUSART.c
		_EUSART_Initialize		CODE           	003C	0000	170

EUSART.c estimated size: 170

I2C.c
		_init_I2C      		CODE           	021A	0000	17

I2C.c estimated size: 17

C:\Program Files (x86)\Microchip\xc8\v2.05\pic\sources\c99\common\aldiv.c
		___aldiv       		CODE           	00E5	0000	131

C:\Program Files (x86)\Microchip\xc8\v2.05\pic\sources\c99\common\aldiv.c estimated size: 131

shared
		__initialization		CODE           	0035	0000	4
		i1_RGB_color   		CODE           	01E8	0000	34
		_ATmega328_address		STRCODE        	0000	0000	0

shared estimated size: 38

pic16f1719_internals.c
		_internal_16   		CODE           	0235	0000	10

pic16f1719_internals.c estimated size: 10

RGB.c
		_RGB_color     		CODE           	01C7	0000	34
		_init_RGB      		CODE           	023E	0000	6

RGB.c estimated size: 40

main.c
		_initClock     		CODE           	0243	0000	4
		_init_TMR1     		CODE           	022A	0000	12
		_main          		CODE           	019F	0000	41
		_statemachine  		CODE           	0209	0000	18
		_init_GPIO     		CODE           	0167	0000	57
		_init_AFE      		CODE           	0248	0000	2
		_my_isr        		CODE           	0004	0000	48

main.c estimated size: 182

