Microchip MPLAB XC8 Compiler V2.05 ()

Linker command line:

-W-3 --edf=C:\Program Files (x86)\Microchip\xc8\v2.05\pic\dat\en_msgs.txt \
  -cs -h+dist/default/production\BMS_Firmware.X.production.sym \
  --cmf=dist/default/production\BMS_Firmware.X.production.cmf -z -Q16F1719 \
  -oC:\Users\raymo\AppData\Local\Temp\so8o.2 --defsym=__MPLAB_BUILD=1 \
  -Mdist/default/production/BMS_Firmware.X.production.map -E1 -ver=XC8 \
  --acfsm=1493 -ASTACK=02190h-02770h -pstack=STACK -ACODE=00h-07FFhx8 \
  -ASTRCODE=00h-03FFFh -ASTRING=00h-0FFhx64 -ACONST=00h-0FFhx64 \
  -AENTRY=00h-0FFhx64 -ACOMMON=070h-07Fh -ABANK0=020h-06Fh \
  -ABANK1=0A0h-0EFh -ABANK2=0120h-016Fh -ABANK3=01A0h-01EFh \
  -ABANK4=0220h-026Fh -ABANK5=02A0h-02EFh -ABANK6=0320h-036Fh \
  -ABANK7=03A0h-03EFh -ABANK8=0420h-046Fh -ABANK9=04A0h-04EFh \
  -ABANK10=0520h-056Fh -ABANK11=05A0h-05EFh -ABANK12=0620h-066Fh \
  -ABANK13=06A0h-06EFh -ABANK14=0720h-076Fh -ABANK15=07A0h-07EFh \
  -ABANK16=0820h-086Fh -ABANK17=08A0h-08EFh -ABANK18=0920h-096Fh \
  -ABANK19=09A0h-09EFh -ABANK20=0A20h-0A6Fh -ABANK21=0AA0h-0AEFh \
  -ABANK22=0B20h-0B6Fh -ABANK23=0BA0h-0BEFh -ABANK24=0C20h-0C6Fh \
  -ABANK25=0CA0h-0CBFh -ABIGRAM=02000h-027EFh \
  -ARAM=020h-06Fh,0A0h-0EFh,0120h-016Fh,01A0h-01EFh,0220h-026Fh,02A0h-02EFh,0320h-036Fh,03A0h-03EFh,0420h-046Fh,04A0h-04EFh,0520h-056Fh,05A0h-05EFh,0620h-066Fh,06A0h-06EFh,0720h-076Fh,07A0h-07EFh,0820h-086Fh,08A0h-08EFh,0920h-096Fh,09A0h-09EFh,0A20h-0A6Fh,0AA0h-0AEFh,0B20h-0B6Fh,0BA0h-0BEFh,0C20h-0C6Fh,0CA0h-0CBFh \
  -AABS1=020h-07Fh,0A0h-0EFh,0120h-016Fh,01A0h-01EFh,0220h-026Fh,02A0h-02EFh,0320h-036Fh,03A0h-03EFh,0420h-046Fh,04A0h-04EFh,0520h-056Fh,05A0h-05EFh,0620h-066Fh,06A0h-06EFh,0720h-076Fh,07A0h-07EFh,0820h-086Fh,08A0h-08EFh,0920h-096Fh,09A0h-09EFh,0A20h-0A6Fh,0AA0h-0AEFh,0B20h-0B6Fh,0BA0h-0BEFh,0C20h-0C6Fh,0CA0h-0CBFh \
  -ASFR0=00h-01Fh -ASFR1=080h-09Fh -ASFR2=0100h-011Fh -ASFR3=0180h-019Fh \
  -ASFR4=0200h-021Fh -ASFR5=0280h-029Fh -ASFR6=0300h-031Fh \
  -ASFR7=0380h-039Fh -ASFR8=0400h-041Fh -ASFR9=0480h-049Fh \
  -ASFR10=0500h-051Fh -ASFR11=0580h-059Fh -ASFR12=0600h-061Fh \
  -ASFR13=0680h-069Fh -ASFR14=0700h-071Fh -ASFR15=0780h-079Fh \
  -ASFR16=0800h-081Fh -ASFR17=0880h-089Fh -ASFR18=0900h-091Fh \
  -ASFR19=0980h-099Fh -ASFR20=0A00h-0A1Fh -ASFR21=0A80h-0A9Fh \
  -ASFR22=0B00h-0B1Fh -ASFR23=0B80h-0B9Fh -ASFR24=0C00h-0C1Fh \
  -ASFR25=0C80h-0C9Fh -ASFR26=0D00h-0D6Fh -ASFR27=0D80h-0DEFh \
  -ASFR28=0E00h-0E6Fh -ASFR29=0E80h-0EEFh -ASFR30=0F00h-0F6Fh \
  -ASFR31=0F80h-0FEFh -preset_vec=00h,intentry=04h,init,end_init \
  -ppowerup=CODE -pcinit=CODE -pfunctab=ENTRY -ACONFIG=08007h-08008h \
  -pconfig=CONFIG -DCONFIG=2 -AIDLOC=08000h-08003h -pidloc=IDLOC -DIDLOC=2 \
  -DCODE=2 -DSTRCODE=2 -DSTRING=2 -DCONST=2 -DENTRY=2 -k \
  C:\Users\raymo\AppData\Local\Temp\so8o.o \
  dist/default/production\BMS_Firmware.X.production.o 

Object code version is 3.11

Machine type is 16F1719



                Name                               Link     Load   Length Selector   Space Scale
C:\Users\raymo\AppData\Local\Temp\so8o.o
                end_init                             1E       1E        2        8       0
                reset_vec                             0        0        2        0       0
                config                             8007     8007        2    1000E       0
dist/default/production\BMS_Firmware.X.production.o
                cinit                                20       20       38        8       0
                intentry                              4        4       1A        8       0
                text5_split_8                       83F      83F      7C1     107E       0
                text5_split_7                      271A     271A       E6     4E34       0
                text5_split_6                      22DE     22DE       D1     45BC       0
                text5_split_5                      2019     2019       A4     4032       0
                text5_split_4                      23AF     23AF       D6     475E       0
                text5_split_3                      1A20     1A20      108     3440       0
                text5_split_2                      2E41     2E41       88     5C82       0
                text5_split_1                      2DBE     2DBE       83     5B7C       0
                text76                             2D3C     2D3C       82     5A78       0
                text75                             20BD     20BD       A8     417A       0
                text74                             34E0     34E0        9     69C0       0
                text73                             1801     1801        3     3002       0
                text72                             1804     1804       38     3008       0
                text71                             352D     352D       10     6A5A       0
                text70                              7FA      7FA        5        8       0
                text69                             3522     3522        B     6A44       0
                text68                             1061     1061      17A     20C2       0
                text67                             2A80     2A80       66     5500       0
                text66                             2EC9     2EC9       96     5D92       0
                text65                             28EC     28EC       50     51D8       0
                text64                             3504     3504        A     6A08       0
                text63                             293C     293C       50     5278       0
                text62                             34C8     34C8        8     6990       0
                text61                             2800     2800       1A     4E34       0
                text60                             368F     368F       21     6D1E       0
                text59                             36B0     36B0       22     6D60       0
                text58                             350E     350E        A     6A1C       0
                text57                             34E9     34E9        9     69D2       0
                text56                             34D0     34D0        8     69A0       0
                text55                             34D8     34D8        8     69B0       0
                text54                             3614     3614       1E     6C28       0
                text53                             353D     353D       10     6A7A       0
                text52                             34F2     34F2        9     69E4       0
                text51                             37CA     37CA       36     6F94       0
                text50                             2165     2165       B4     42CA       0
                text49                             2BC7     2BC7       7C     578E       0
                text48                             3632     3632       1F     6C64       0
                text47                             15D4     15D4      22C     2BA8       0
                text46                             1B28     1B28      115     3650       0
                text45                             1C3D     1C3D      117     387A       0
                text44                             3518     3518        A     6A30       0
                text43                             35C0     35C0       1B     6B80       0
                text42                             281A     281A       44     5034       0
                text41                              801      801       3E     1002       0
                text40                             354D     354D       17     6A9A       0
                text39                             35DB     35DB       1C     6BB6       0
                text38                             2F5F     2F5F       A1     5EBE       0
                text37                              7FF      7FF        1        8       0
                text36                             100D     100D       54     201A       0
                text35                             3716     3716       26     6E2C       0
                text34                             3564     3564       17     6AC8       0
                text33                             298C     298C       51     5318       0
                text32                             3764     3764       31     6EC8       0
                text31                             192D     192D       F3     325A       0
                text30                             255D     255D       DC     4ABA       0
                text29                             357B     357B       17     6AF6       0
                text28                             1D54     1D54      153     3AA8       0
                text27                             29DD     29DD       51     53BA       0
                text26                             285E     285E       45     50BC       0
                text25                             28A3     28A3       49     5146       0
                text24                             34FB     34FB        9     69F6       0
                text23                             11DB     11DB      1E2     23B6       0
                text22                             3651     3651       1F     6CA2       0
                text21                             2B4F     2B4F       78     569E       0
                text20                             2485     2485       D8     490A       0
                text19                             3670     3670       1F     6CE0       0
                text18                             3592     3592       17     6B24       0
                text17                             36D2     36D2       22     6DA4       0
                text16                               58       58      67D        8       0
                text15                             183C     183C       F1     3078       0
                text14                             2219     2219       C5     4432       0
                text13                             2A2E     2A2E       52     545C       0
                text12                             2C43     2C43       7C     5886       0
                text11                             2AE6     2AE6       69     55CC       0
                text10                             2639     2639       E1     4C72       0
                text9                              35F7     35F7       1D     6BEE       0
                text8                              35A9     35A9       17     6B52       0
                text7                              36F4     36F4       22     6DE8       0
                text6                              1EA7     1EA7      159     3D4E       0
                text5                              13BD     13BD      217     277A       0
                text4                              3795     3795       35     6F2A       0
                text3                              2CBF     2CBF       7D     597E       0
                text2                              2001     2001       18     4002       0
                text1                               6D5      6D5      125        8       0
                maintext                           373C     373C       28     6E78       0
                cstackBANK0                          20       20       50       20       1
                cstackCOMMON                         70       70        C       70       1
                cstackBANK1                          A0       A0       50       A0       1
                cstackBANK2                         120      120       50      120       1
                cstackBANK3                         1DE      1DE        1      1A0       1
                clrtext                            1001     1001        C     2002       0
                bssBANK4                            220      220       50      220       1
                dataBANK3                           1D7      1D7        7      1A0       1
                bssBANK3                            1A0      1A0       37      1A0       1
                bssCOMMON                            7C       7C        1       70       1
                stringtext41                       3A11     3A11        3     7000       0
                stringtext40                       3A0E     3A0E        3     7000       0
                stringtext39                       3A0B     3A0B        3     7000       0
                stringtext38                       3A08     3A08        3     7000       0
                stringtext37                       3A05     3A05        3     7000       0
                stringtext36                       3A02     3A02        3     7000       0
                stringtext35                       39FF     39FF        3     7000       0
                stringtext34                       39FC     39FC        3     7000       0
                stringtext33                       39F9     39F9        3     7000       0
                stringtext32                       39F6     39F6        3     7000       0
                stringtext31                       39F3     39F3        3     7000       0
                stringtext30                       39F0     39F0        3     7000       0
                stringtext29                       39ED     39ED        3     7000       0
                stringtext28                       39EA     39EA        3     7000       0
                stringtext27                       39E7     39E7        3     7000       0
                stringtext26                       39E3     39E3        4     7000       0
                stringtext25                       39DF     39DF        4     7000       0
                stringtext24                       39DB     39DB        4     7000       0
                stringtext23                       39D7     39D7        4     7000       0
                stringtext22                       39D3     39D3        4     7000       0
                stringtext21                       39CF     39CF        4     7000       0
                stringtext20                       39CB     39CB        4     7000       0
                stringtext19                       39C7     39C7        4     7000       0
                stringtext18                       39C3     39C3        4     7000       0
                stringtext17                       39BF     39BF        4     7000       0
                stringtext16                       39BB     39BB        4     7000       0
                stringtext15                       393B     393B       28     7000       0
                stringtext14                       3911     3911       2A     7000       0
                stringtext13                       38E7     38E7       2A     7000       0
                stringtext12                       38BC     38BC       2B     7000       0
                stringtext11                       3890     3890       2C     7000       0
                stringtext10                       3863     3863       2D     7000       0
                stringtext9                        3835     3835       2E     7000       0
                stringtext8                        3800     3800       35     7000       0
                stringtext7                        3000     3000       3B     6000       0
                stringtext6                        39B3     39B3        8     7000       0
                stringtext5                        39AB     39AB        8     7000       0
                stringtext4                        39A3     39A3        8     7000       0
                stringtext3                        3993     3993       10     7000       0
                stringtext2                        3983     3983       10     7000       0
                stringtext1                        3963     3963       20     7000       0
                idataBANK3                         34C1     34C1        7     6982       0

TOTAL           Name                               Link     Load   Length     Space
        CLASS   STACK          

        CLASS   CODE           
                end_init                             1E       1E        2         0
                cinit                                20       20       38         0
                intentry                              4        4       1A         0
                reset_vec                             0        0        2         0
                text5_split_8                       83F      83F      7C1         0
                text5_split_7                      271A     271A       E6         0
                text5_split_6                      22DE     22DE       D1         0
                text5_split_5                      2019     2019       A4         0
                text5_split_4                      23AF     23AF       D6         0
                text5_split_3                      1A20     1A20      108         0
                text5_split_2                      2E41     2E41       88         0
                text5_split_1                      2DBE     2DBE       83         0
                text76                             2D3C     2D3C       82         0
                text75                             20BD     20BD       A8         0
                text74                             34E0     34E0        9         0
                text73                             1801     1801        3         0
                text72                             1804     1804       38         0
                text71                             352D     352D       10         0
                text70                              7FA      7FA        5         0
                text69                             3522     3522        B         0
                text68                             1061     1061      17A         0
                text67                             2A80     2A80       66         0
                text66                             2EC9     2EC9       96         0
                text65                             28EC     28EC       50         0
                text64                             3504     3504        A         0
                text63                             293C     293C       50         0
                text62                             34C8     34C8        8         0
                text61                             2800     2800       1A         0
                text60                             368F     368F       21         0
                text59                             36B0     36B0       22         0
                text58                             350E     350E        A         0
                text57                             34E9     34E9        9         0
                text56                             34D0     34D0        8         0
                text55                             34D8     34D8        8         0
                text54                             3614     3614       1E         0
                text53                             353D     353D       10         0
                text52                             34F2     34F2        9         0
                text51                             37CA     37CA       36         0
                text50                             2165     2165       B4         0
                text49                             2BC7     2BC7       7C         0
                text48                             3632     3632       1F         0
                text47                             15D4     15D4      22C         0
                text46                             1B28     1B28      115         0
                text45                             1C3D     1C3D      117         0
                text44                             3518     3518        A         0
                text43                             35C0     35C0       1B         0
                text42                             281A     281A       44         0
                text41                              801      801       3E         0
                text40                             354D     354D       17         0
                text39                             35DB     35DB       1C         0
                text38                             2F5F     2F5F       A1         0
                text37                              7FF      7FF        1         0
                text36                             100D     100D       54         0
                text35                             3716     3716       26         0
                text34                             3564     3564       17         0
                text33                             298C     298C       51         0
                text32                             3764     3764       31         0
                text31                             192D     192D       F3         0
                text30                             255D     255D       DC         0
                text29                             357B     357B       17         0
                text28                             1D54     1D54      153         0
                text27                             29DD     29DD       51         0
                text26                             285E     285E       45         0
                text25                             28A3     28A3       49         0
                text24                             34FB     34FB        9         0
                text23                             11DB     11DB      1E2         0
                text22                             3651     3651       1F         0
                text21                             2B4F     2B4F       78         0
                text20                             2485     2485       D8         0
                text19                             3670     3670       1F         0
                text18                             3592     3592       17         0
                text17                             36D2     36D2       22         0
                text16                               58       58      67D         0
                text15                             183C     183C       F1         0
                text14                             2219     2219       C5         0
                text13                             2A2E     2A2E       52         0
                text12                             2C43     2C43       7C         0
                text11                             2AE6     2AE6       69         0
                text10                             2639     2639       E1         0
                text9                              35F7     35F7       1D         0
                text8                              35A9     35A9       17         0
                text7                              36F4     36F4       22         0
                text6                              1EA7     1EA7      159         0
                text5                              13BD     13BD      217         0
                text4                              3795     3795       35         0
                text3                              2CBF     2CBF       7D         0
                text2                              2001     2001       18         0
                text1                               6D5      6D5      125         0
                maintext                           373C     373C       28         0
                clrtext                            1001     1001        C         0
                idataBANK3                         34C1     34C1        7         0

        CLASS   STRCODE        
                stringtext41                       3A11     3A11        3         0
                stringtext40                       3A0E     3A0E        3         0
                stringtext39                       3A0B     3A0B        3         0
                stringtext38                       3A08     3A08        3         0
                stringtext37                       3A05     3A05        3         0
                stringtext36                       3A02     3A02        3         0
                stringtext35                       39FF     39FF        3         0
                stringtext34                       39FC     39FC        3         0
                stringtext33                       39F9     39F9        3         0
                stringtext32                       39F6     39F6        3         0
                stringtext31                       39F3     39F3        3         0
                stringtext30                       39F0     39F0        3         0
                stringtext29                       39ED     39ED        3         0
                stringtext28                       39EA     39EA        3         0
                stringtext27                       39E7     39E7        3         0
                stringtext26                       39E3     39E3        4         0
                stringtext25                       39DF     39DF        4         0
                stringtext24                       39DB     39DB        4         0
                stringtext23                       39D7     39D7        4         0
                stringtext22                       39D3     39D3        4         0
                stringtext21                       39CF     39CF        4         0
                stringtext20                       39CB     39CB        4         0
                stringtext19                       39C7     39C7        4         0
                stringtext18                       39C3     39C3        4         0
                stringtext17                       39BF     39BF        4         0
                stringtext16                       39BB     39BB        4         0
                stringtext15                       393B     393B       28         0
                stringtext14                       3911     3911       2A         0
                stringtext13                       38E7     38E7       2A         0
                stringtext12                       38BC     38BC       2B         0
                stringtext11                       3890     3890       2C         0
                stringtext10                       3863     3863       2D         0
                stringtext9                        3835     3835       2E         0
                stringtext8                        3800     3800       35         0
                stringtext7                        3000     3000       3B         0
                stringtext6                        39B3     39B3        8         0
                stringtext5                        39AB     39AB        8         0
                stringtext4                        39A3     39A3        8         0
                stringtext3                        3993     3993       10         0
                stringtext2                        3983     3983       10         0
                stringtext1                        3963     3963       20         0

        CLASS   STRING         

        CLASS   CONST          

        CLASS   ENTRY          

        CLASS   COMMON         
                cstackCOMMON                         70       70        C         1
                bssCOMMON                            7C       7C        1         1

        CLASS   BANK0          
                cstackBANK0                          20       20       50         1

        CLASS   BANK1          
                cstackBANK1                          A0       A0       50         1

        CLASS   BANK2          
                cstackBANK2                         120      120       50         1

        CLASS   BANK3          
                cstackBANK3                         1DE      1DE        1         1
                dataBANK3                           1D7      1D7        7         1
                bssBANK3                            1A0      1A0       37         1

        CLASS   BANK4          
                bssBANK4                            220      220       50         1

        CLASS   BANK5          

        CLASS   BANK6          

        CLASS   BANK7          

        CLASS   BANK8          

        CLASS   BANK9          

        CLASS   BANK10         

        CLASS   BANK11         

        CLASS   BANK12         

        CLASS   BANK13         

        CLASS   BANK14         

        CLASS   BANK15         

        CLASS   BANK16         

        CLASS   BANK17         

        CLASS   BANK18         

        CLASS   BANK19         

        CLASS   BANK20         

        CLASS   BANK21         

        CLASS   BANK22         

        CLASS   BANK23         

        CLASS   BANK24         

        CLASS   BANK25         

        CLASS   BIGRAM         

        CLASS   RAM            

        CLASS   ABS1           
                abs_s1                               7E       7E        2         1
                abs_s1                              BE1      BE1        F         1
                abs_s1                              C20      C20       50         1
                abs_s1                              CA0      CA0       20         1
                abs_s1                             2771     2771        0         1

        CLASS   SFR0           

        CLASS   SFR1           

        CLASS   SFR2           

        CLASS   SFR3           

        CLASS   SFR4           

        CLASS   SFR5           

        CLASS   SFR6           

        CLASS   SFR7           

        CLASS   SFR8           

        CLASS   SFR9           

        CLASS   SFR10          

        CLASS   SFR11          

        CLASS   SFR12          

        CLASS   SFR13          

        CLASS   SFR14          

        CLASS   SFR15          

        CLASS   SFR16          

        CLASS   SFR17          

        CLASS   SFR18          

        CLASS   SFR19          

        CLASS   SFR20          

        CLASS   SFR21          

        CLASS   SFR22          

        CLASS   SFR23          

        CLASS   SFR24          

        CLASS   SFR25          

        CLASS   SFR26          

        CLASS   SFR27          

        CLASS   SFR28          

        CLASS   SFR29          

        CLASS   SFR30          

        CLASS   SFR31          

        CLASS   CONFIG         
                config                             8007     8007        2         0

        CLASS   IDLOC          

        CLASS   BANK31         

        CLASS   BANK30         

        CLASS   BANK29         

        CLASS   BANK28         

        CLASS   BANK27         

        CLASS   BANK26         

        CLASS   EEDATA         



SEGMENTS        Name                           Load    Length   Top    Selector   Space  Class     Delta

                reset_vec                      000000  000002  000002         0       0  CODE        2
                intentry                       000004  0007FC  000800         8       0  CODE        2
                cstackBANK0                    000020  000050  000070        20       1  BANK0       1
                cstackCOMMON                   000070  00000D  00007D        70       1  COMMON      1
                cstackBANK1                    0000A0  000050  0000F0        A0       1  BANK1       1
                cstackBANK2                    000120  000050  000170       120       1  BANK2       1
                bssBANK3                       0001A0  00003F  0001DF       1A0       1  BANK3       1
                bssBANK4                       000220  000050  000270       220       1  BANK4       1
                text41                         000801  00003E  00083F      1002       0  CODE        2
                text5_split_8                  00083F  0007C1  001000      107E       0  CODE        2
                clrtext                        001001  00000C  00100D      2002       0  CODE        2
                text36                         00100D  000054  001061      201A       0  CODE        2
                text68                         001061  00017A  0011DB      20C2       0  CODE        2
                text23                         0011DB  0001E2  0013BD      23B6       0  CODE        2
                text5                          0013BD  000217  0015D4      277A       0  CODE        2
                text47                         0015D4  00022C  001800      2BA8       0  CODE        2
                text73                         001801  000003  001804      3002       0  CODE        2
                text72                         001804  000038  00183C      3008       0  CODE        2
                text15                         00183C  0000F1  00192D      3078       0  CODE        2
                text31                         00192D  0000F3  001A20      325A       0  CODE        2
                text5_split_3                  001A20  000108  001B28      3440       0  CODE        2
                text46                         001B28  000115  001C3D      3650       0  CODE        2
                text45                         001C3D  000117  001D54      387A       0  CODE        2
                text28                         001D54  000153  001EA7      3AA8       0  CODE        2
                text6                          001EA7  000159  002000      3D4E       0  CODE        2
                text2                          002001  000018  002019      4002       0  CODE        2
                text5_split_5                  002019  0000A4  0020BD      4032       0  CODE        2
                text75                         0020BD  0000A8  002165      417A       0  CODE        2
                text50                         002165  0000B4  002219      42CA       0  CODE        2
                text14                         002219  0000C5  0022DE      4432       0  CODE        2
                text5_split_6                  0022DE  0000D1  0023AF      45BC       0  CODE        2
                text5_split_4                  0023AF  0000D6  002485      475E       0  CODE        2
                text20                         002485  0000D8  00255D      490A       0  CODE        2
                text30                         00255D  0000DC  002639      4ABA       0  CODE        2
                text10                         002639  0000E1  00271A      4C72       0  CODE        2
                text5_split_7                  00271A  000100  00281A      4E34       0  CODE        2
                text42                         00281A  000044  00285E      5034       0  CODE        2
                text26                         00285E  000045  0028A3      50BC       0  CODE        2
                text25                         0028A3  000049  0028EC      5146       0  CODE        2
                text65                         0028EC  000050  00293C      51D8       0  CODE        2
                text63                         00293C  000050  00298C      5278       0  CODE        2
                text33                         00298C  000051  0029DD      5318       0  CODE        2
                text27                         0029DD  000051  002A2E      53BA       0  CODE        2
                text13                         002A2E  000052  002A80      545C       0  CODE        2
                text67                         002A80  000066  002AE6      5500       0  CODE        2
                text11                         002AE6  000069  002B4F      55CC       0  CODE        2
                text21                         002B4F  000078  002BC7      569E       0  CODE        2
                text49                         002BC7  00007C  002C43      578E       0  CODE        2
                text12                         002C43  00007C  002CBF      5886       0  CODE        2
                text3                          002CBF  00007D  002D3C      597E       0  CODE        2
                text76                         002D3C  000082  002DBE      5A78       0  CODE        2
                text5_split_1                  002DBE  000083  002E41      5B7C       0  CODE        2
                text5_split_2                  002E41  000088  002EC9      5C82       0  CODE        2
                text66                         002EC9  000096  002F5F      5D92       0  CODE        2
                text38                         002F5F  0000A1  003000      5EBE       0  CODE        2
                stringtext7                    003000  00003B  00303B      6000       0  STRCODE     2
                idataBANK3                     0034C1  000007  0034C8      6982       0  CODE        2
                text62                         0034C8  000008  0034D0      6990       0  CODE        2
                text56                         0034D0  000008  0034D8      69A0       0  CODE        2
                text55                         0034D8  000008  0034E0      69B0       0  CODE        2
                text74                         0034E0  000009  0034E9      69C0       0  CODE        2
                text57                         0034E9  000009  0034F2      69D2       0  CODE        2
                text52                         0034F2  000009  0034FB      69E4       0  CODE        2
                text24                         0034FB  000009  003504      69F6       0  CODE        2
                text64                         003504  00000A  00350E      6A08       0  CODE        2
                text58                         00350E  00000A  003518      6A1C       0  CODE        2
                text44                         003518  00000A  003522      6A30       0  CODE        2
                text69                         003522  00000B  00352D      6A44       0  CODE        2
                text71                         00352D  000010  00353D      6A5A       0  CODE        2
                text53                         00353D  000010  00354D      6A7A       0  CODE        2
                text40                         00354D  000017  003564      6A9A       0  CODE        2
                text34                         003564  000017  00357B      6AC8       0  CODE        2
                text29                         00357B  000017  003592      6AF6       0  CODE        2
                text18                         003592  000017  0035A9      6B24       0  CODE        2
                text8                          0035A9  000017  0035C0      6B52       0  CODE        2
                text43                         0035C0  00001B  0035DB      6B80       0  CODE        2
                text39                         0035DB  00001C  0035F7      6BB6       0  CODE        2
                text9                          0035F7  00001D  003614      6BEE       0  CODE        2
                text54                         003614  00001E  003632      6C28       0  CODE        2
                text48                         003632  00001F  003651      6C64       0  CODE        2
                text22                         003651  00001F  003670      6CA2       0  CODE        2
                text19                         003670  00001F  00368F      6CE0       0  CODE        2
                text60                         00368F  000021  0036B0      6D1E       0  CODE        2
                text59                         0036B0  000022  0036D2      6D60       0  CODE        2
                text17                         0036D2  000022  0036F4      6DA4       0  CODE        2
                text7                          0036F4  000022  003716      6DE8       0  CODE        2
                text35                         003716  000026  00373C      6E2C       0  CODE        2
                maintext                       00373C  000028  003764      6E78       0  CODE        2
                text32                         003764  000031  003795      6EC8       0  CODE        2
                text4                          003795  000035  0037CA      6F2A       0  CODE        2
                text51                         0037CA  000036  003800      6F94       0  CODE        2
                stringtext8                    003800  000214  003A14      7000       0  STRCODE     2
                config                         008007  000002  008009     1000E       0  CONFIG      2


UNUSED ADDRESS RANGES

        Name                Unused          Largest block    Delta
        BANK10           000520-00056F               50           1
        BANK11           0005A0-0005EF               50           1
        BANK12           000620-00066F               50           1
        BANK13           0006A0-0006EF               50           1
        BANK14           000720-00076F               50           1
        BANK15           0007A0-0007EF               50           1
        BANK16           000820-00086F               50           1
        BANK17           0008A0-0008EF               50           1
        BANK18           000920-00096F               50           1
        BANK19           0009A0-0009EF               50           1
        BANK20           000A20-000A6F               50           1
        BANK21           000AA0-000AEF               50           1
        BANK22           000B20-000B6F               50           1
        BANK23           000BA0-000BE0               41           1
        BANK3            0001DF-0001EF               11           1
        BANK5            0002A0-0002EF               50           1
        BANK6            000320-00036F               50           1
        BANK7            0003A0-0003EF               50           1
        BANK8            000420-00046F               50           1
        BANK9            0004A0-0004EF               50           1
        BIGRAM           002000-0027EF              7F0           1
        CODE             000002-000003                2           2
                         000800-000800                1
                         001000-001000                1
                         001800-001800                1
                         002000-002000                1
                         00303B-0034C0              486
                         003A14-003FFF              5EC
        COMMON           00007D-00007D                1           1
        CONST            000002-000003                2           2
                         000800-000800                1
                         001000-001000                1
                         001800-001800                1
                         002000-002000                1
                         00303B-0034C0              100
                         003A14-003FFF              100
        ENTRY            000002-000003                2           2
                         000800-000800                1
                         001000-001000                1
                         001800-001800                1
                         002000-002000                1
                         00303B-0034C0              100
                         003A14-003FFF              100
        IDLOC            008000-008003                4           2
        RAM              0001DF-0001EF               11           1
                         0002A0-0002EF               50
                         000320-00036F               50
                         0003A0-0003EF               50
                         000420-00046F               50
                         0004A0-0004EF               50
                         000520-00056F               50
                         0005A0-0005EF               50
                         000620-00066F               50
                         0006A0-0006EF               50
                         000720-00076F               50
                         0007A0-0007EF               50
                         000820-00086F               50
                         0008A0-0008EF               50
                         000920-00096F               50
                         0009A0-0009EF               50
                         000A20-000A6F               50
                         000AA0-000AEF               50
                         000B20-000B6F               50
                         000BA0-000BE0               41
        SFR0             000000-00001F               20           1
        SFR1             000080-00009F               20           1
        SFR10            000500-00051F               20           1
        SFR11            000580-00059F               20           1
        SFR12            000600-00061F               20           1
        SFR13            000680-00069F               20           1
        SFR14            000700-00071F               20           1
        SFR15            000780-00079F               20           1
        SFR16            000800-00081F               20           1
        SFR17            000880-00089F               20           1
        SFR18            000900-00091F               20           1
        SFR19            000980-00099F               20           1
        SFR2             000100-00011F               20           1
        SFR20            000A00-000A1F               20           1
        SFR21            000A80-000A9F               20           1
        SFR22            000B00-000B1F               20           1
        SFR23            000B80-000B9F               20           1
        SFR24            000C00-000C1F               20           1
        SFR25            000C80-000C9F               20           1
        SFR26            000D00-000D6F               70           1
        SFR27            000D80-000DEF               70           1
        SFR28            000E00-000E6F               70           1
        SFR29            000E80-000EEF               70           1
        SFR3             000180-00019F               20           1
        SFR30            000F00-000F6F               70           1
        SFR31            000F80-000FEF               70           1
        SFR4             000200-00021F               20           1
        SFR5             000280-00029F               20           1
        SFR6             000300-00031F               20           1
        SFR7             000380-00039F               20           1
        SFR8             000400-00041F               20           1
        SFR9             000480-00049F               20           1
        STACK            002190-002770              5E1           1
        STRCODE          000002-000003                2           2
                         000800-000800                1
                         001000-001000                1
                         001800-001800                1
                         002000-002000                1
                         00303B-0034C0              486
                         003A14-003FFF              5EC
        STRING           000002-000003                2           2
                         000800-000800                1
                         001000-001000                1
                         001800-001800                1
                         002000-002000                1
                         00303B-0034C0              100
                         003A14-003FFF              100

                                  Symbol Table

?_AFE_getOverCurrentDischargeCurrent         cstackBANK0  000063
?_AFE_getSetCurrentSenseRes                  cstackCOMMON 000071
?_AFE_getSetShortCircuitCurrent              cstackBANK0  000063
?__Umul8_16                                  cstackCOMMON 000071
?___aldiv                                    cstackCOMMON 000071
?___aodiv                                    cstackBANK0  000020
?___aomod                                    cstackBANK0  000020
?___awdiv                                    cstackCOMMON 000071
?___awmod                                    cstackCOMMON 000071
?___fladd                                    cstackCOMMON 000071
?___fldiv                                    cstackBANK0  000040
?___flmul                                    cstackBANK0  000026
?___flneg                                    cstackCOMMON 000071
?___flsub                                    cstackBANK0  000040
?___fltol                                    cstackBANK0  00005A
?___fpclassifyf                              cstackCOMMON 000071
?___lodiv                                    cstackBANK0  000020
?___lomod                                    cstackBANK0  000020
?___wmul                                     cstackCOMMON 000071
?___xxtofl                                   cstackCOMMON 000071
?_abs                                        cstackCOMMON 000074
?_atoi                                       cstackCOMMON 000077
?_beginAFEcommunication                      cstackBANK0  000020
?_ctoa                                       cstackBANK0  000030
?_dtoa                                       cstackBANK0  000030
?_efgtoa                                     cstackBANK1  0000A0
?_floorf                                     cstackBANK0  00005A
?_isalpha                                    cstackCOMMON 000071
?_isdigit                                    cstackCOMMON 000071
?_islower                                    cstackCOMMON 000071
?_isspace                                    cstackCOMMON 000071
?_isupper                                    cstackCOMMON 000071
?_otoa                                       cstackBANK0  000030
?_pad                                        cstackBANK0  000026
?_readRegister                               cstackCOMMON 000075
?_read_I2C_data                              cstackCOMMON 000071
?_snprintf                                   cstackBANK2  00015F
?_stoa                                       cstackBANK0  000020
?_strlen                                     cstackCOMMON 000071
?_strncmp                                    cstackCOMMON 000071
?_tolower                                    cstackCOMMON 000077
?_toupper                                    cstackCOMMON 000077
?_utoa                                       cstackBANK0  000030
?_vfpfcnvrt                                  cstackBANK1  0000E3
?_vfprintf                                   cstackBANK1  0000E7
?_vsnprintf                                  cstackBANK2  00014E
?_xtoa                                       cstackBANK0  000030
BQ76920@protect1                             bssBANK3     0001D1
BQ76920@protect2                             bssBANK3     0001D0
BQ76920@shuntResistorValue_mOhm              bssBANK3     0001B2
EUSART_Initialize@baudrate                   cstackBANK0  000026
EUSART_Initialize@x                          cstackCOMMON 00007A
EUSART_Write@txData                          cstackCOMMON 000071
EUSART_Write_Text@i                          cstackCOMMON 000075
EUSART_Write_Text@text                       cstackCOMMON 000072
I2C_writeRegister@data                       cstackCOMMON 000079
I2C_writeRegister@regAddress                 cstackCOMMON 000077
I2C_writeRegister@slaveAddress               cstackCOMMON 000075
RGB_color@color                              cstackCOMMON 000071
_AFE_getOverCurrentDischargeCurrent          text65       0028EC
_AFE_getSetCurrentSenseRes                   text64       003504
_AFE_getSetShortCircuitCurrent               text63       00293C
_ANSELBbits                                  (abs)        00018D
_ANSELCbits                                  (abs)        00018E
_BRGH                                        (abs)        000CF2
_CREN                                        (abs)        000CEC
_EUSART_Initialize                           text75       0020BD
_EUSART_Write                                text62       0034C8
_EUSART_Write_Text                           text61       002800
_I2C_writeRegister                           text54       003614
_INTCONbits                                  (abs)        00000B
_IRCF0                                       (abs)        0004CB
_IRCF1                                       (abs)        0004CC
_IRCF2                                       (abs)        0004CD
_IRCF3                                       (abs)        0004CE
_LATAbits                                    (abs)        00010C
_LATEbits                                    (abs)        000110
_OCD_threshold_setting                       stringtext1  003963
_PIE1bits                                    (abs)        000091
_PIR1bits                                    (abs)        000011
_PPSLOCK                                     (abs)        000E0F
_PPSLOCKbits                                 (abs)        000E0F
_RB2PPSbits                                  (abs)        000E9A
_RC1REG                                      (abs)        000199
_RC1STAbits                                  (abs)        00019D
_RC4PPSbits                                  (abs)        000EA4
_RC5PPSbits                                  (abs)        000EA5
_RGB_AWAIT_AFE_CONN                          text59       0036B0
_RGB_color                                   text60       00368F
_RXPPSbits                                   (abs)        000E24
_SCD_delay_setting                           stringtext6  0039B3
_SCD_threshold_setting                       stringtext3  003993
_SCS0                                        (abs)        0004C8
_SCS1                                        (abs)        0004C9
_SPBRG                                       (abs)        00019B
_SPEN                                        (abs)        000CEF
_SPLLEN                                      (abs)        0004CF
_SSPADD                                      (abs)        000212
_SSPBUF                                      (abs)        000211
_SSPCLKPPSbits                               (abs)        000E20
_SSPCON2bits                                 (abs)        000216
_SSPCONbits                                  (abs)        000215
_SSPDATPPSbits                               (abs)        000E21
_SYNC                                        (abs)        000CF4
_T1CONbits                                   (abs)        000018
_TMR1                                        (abs)        000016
_TRISAbits                                   (abs)        00008C
_TRISBbits                                   (abs)        00008D
_TRISC6                                      (abs)        000476
_TRISC7                                      (abs)        000477
_TRISCbits                                   (abs)        00008E
_TRISEbits                                   (abs)        000090
_TX1REG                                      (abs)        00019A
_TXEN                                        (abs)        000CF5
__CFG_BOREN$OFF                              (abs)        000000
__CFG_BORV$LO                                (abs)        000000
__CFG_CLKOUTEN$OFF                           (abs)        000000
__CFG_CP$OFF                                 (abs)        000000
__CFG_FCMEN$OFF                              (abs)        000000
__CFG_FOSC$INTOSC                            (abs)        000000
__CFG_IESO$ON                                (abs)        000000
__CFG_LPBOR$OFF                              (abs)        000000
__CFG_LVP$OFF                                (abs)        000000
__CFG_MCLRE$OFF                              (abs)        000000
__CFG_PLLEN$OFF                              (abs)        000000
__CFG_PPS1WAY$ON                             (abs)        000000
__CFG_PWRTE$OFF                              (abs)        000000
__CFG_STVREN$ON                              (abs)        000000
__CFG_WDTE$OFF                               (abs)        000000
__CFG_WRT$OFF                                (abs)        000000
__CFG_ZCDDIS$ON                              (abs)        000000
__Habs1                                      abs1         000000
__Hbank0                                     bank0        000000
__Hbank1                                     bank1        000000
__Hbank10                                    bank10       000000
__Hbank11                                    bank11       000000
__Hbank12                                    bank12       000000
__Hbank13                                    bank13       000000
__Hbank14                                    bank14       000000
__Hbank15                                    bank15       000000
__Hbank16                                    bank16       000000
__Hbank17                                    bank17       000000
__Hbank18                                    bank18       000000
__Hbank19                                    bank19       000000
__Hbank2                                     bank2        000000
__Hbank20                                    bank20       000000
__Hbank21                                    bank21       000000
__Hbank22                                    bank22       000000
__Hbank23                                    bank23       000000
__Hbank24                                    bank24       000000
__Hbank25                                    bank25       000000
__Hbank26                                    bank26       000000
__Hbank27                                    bank27       000000
__Hbank28                                    bank28       000000
__Hbank29                                    bank29       000000
__Hbank3                                     bank3        000000
__Hbank30                                    bank30       000000
__Hbank31                                    bank31       000000
__Hbank4                                     bank4        000000
__Hbank5                                     bank5        000000
__Hbank6                                     bank6        000000
__Hbank7                                     bank7        000000
__Hbank8                                     bank8        000000
__Hbank9                                     bank9        000000
__Hbigram                                    bigram       000000
__HbssBANK3                                  bssBANK3     000000
__HbssBANK4                                  bssBANK4     000000
__HbssCOMMON                                 bssCOMMON    000000
__Hcinit                                     cinit        000058
__Hclrtext                                   clrtext      000000
__Hcode                                      code         000000
__Hcommon                                    common       000000
__Hconfig                                    config       008009
__HcstackBANK0                               cstackBANK0  000000
__HcstackBANK1                               cstackBANK1  000000
__HcstackBANK2                               cstackBANK2  000000
__HcstackBANK3                               cstackBANK3  000000
__HcstackCOMMON                              cstackCOMMON 000000
__HdataBANK3                                 dataBANK3    000000
__Heeprom_data                               eeprom_data  000000
__Hend_init                                  end_init     000020
__Hfunctab                                   functab      000000
__HidataBANK3                                idataBANK3   000000
__Hidloc                                     idloc        000000
__Hinit                                      init         00001E
__Hintentry                                  intentry     00001E
__Hmaintext                                  maintext     000000
__Hpowerup                                   powerup      000000
__Hram                                       ram          000000
__Hreset_vec                                 reset_vec    000002
__Hsfr0                                      sfr0         000000
__Hsfr1                                      sfr1         000000
__Hsfr10                                     sfr10        000000
__Hsfr11                                     sfr11        000000
__Hsfr12                                     sfr12        000000
__Hsfr13                                     sfr13        000000
__Hsfr14                                     sfr14        000000
__Hsfr15                                     sfr15        000000
__Hsfr16                                     sfr16        000000
__Hsfr17                                     sfr17        000000
__Hsfr18                                     sfr18        000000
__Hsfr19                                     sfr19        000000
__Hsfr2                                      sfr2         000000
__Hsfr20                                     sfr20        000000
__Hsfr21                                     sfr21        000000
__Hsfr22                                     sfr22        000000
__Hsfr23                                     sfr23        000000
__Hsfr24                                     sfr24        000000
__Hsfr25                                     sfr25        000000
__Hsfr26                                     sfr26        000000
__Hsfr27                                     sfr27        000000
__Hsfr28                                     sfr28        000000
__Hsfr29                                     sfr29        000000
__Hsfr3                                      sfr3         000000
__Hsfr30                                     sfr30        000000
__Hsfr31                                     sfr31        000000
__Hsfr4                                      sfr4         000000
__Hsfr5                                      sfr5         000000
__Hsfr6                                      sfr6         000000
__Hsfr7                                      sfr7         000000
__Hsfr8                                      sfr8         000000
__Hsfr9                                      sfr9         000000
__Hspace_0                                   (abs)        008009
__Hspace_1                                   (abs)        000270
__Hspace_2                                   (abs)        000000
__Hspace_3                                   (abs)        000000
__Hstack                                     stack        000000
__Hstrings                                   strings      000000
__Hstringtext1                               stringtext1  000000
__Hstringtext10                              stringtext10 000000
__Hstringtext11                              stringtext11 000000
__Hstringtext12                              stringtext12 000000
__Hstringtext13                              stringtext13 000000
__Hstringtext14                              stringtext14 000000
__Hstringtext15                              stringtext15 000000
__Hstringtext16                              stringtext16 000000
__Hstringtext17                              stringtext17 000000
__Hstringtext18                              stringtext18 000000
__Hstringtext19                              stringtext19 000000
__Hstringtext2                               stringtext2  000000
__Hstringtext20                              stringtext20 000000
__Hstringtext21                              stringtext21 000000
__Hstringtext22                              stringtext22 000000
__Hstringtext23                              stringtext23 000000
__Hstringtext24                              stringtext24 000000
__Hstringtext25                              stringtext25 000000
__Hstringtext26                              stringtext26 000000
__Hstringtext27                              stringtext27 000000
__Hstringtext28                              stringtext28 000000
__Hstringtext29                              stringtext29 000000
__Hstringtext3                               stringtext3  000000
__Hstringtext30                              stringtext30 000000
__Hstringtext31                              stringtext31 000000
__Hstringtext32                              stringtext32 000000
__Hstringtext33                              stringtext33 000000
__Hstringtext34                              stringtext34 000000
__Hstringtext35                              stringtext35 000000
__Hstringtext36                              stringtext36 000000
__Hstringtext37                              stringtext37 000000
__Hstringtext38                              stringtext38 000000
__Hstringtext39                              stringtext39 000000
__Hstringtext4                               stringtext4  000000
__Hstringtext40                              stringtext40 000000
__Hstringtext41                              stringtext41 000000
__Hstringtext42                              stringtext42 000000
__Hstringtext5                               stringtext5  000000
__Hstringtext6                               stringtext6  000000
__Hstringtext7                               stringtext7  000000
__Hstringtext8                               stringtext8  000000
__Hstringtext9                               stringtext9  000000
__Htext                                      text         000000
__Labs1                                      abs1         000000
__Lbank0                                     bank0        000000
__Lbank1                                     bank1        000000
__Lbank10                                    bank10       000000
__Lbank11                                    bank11       000000
__Lbank12                                    bank12       000000
__Lbank13                                    bank13       000000
__Lbank14                                    bank14       000000
__Lbank15                                    bank15       000000
__Lbank16                                    bank16       000000
__Lbank17                                    bank17       000000
__Lbank18                                    bank18       000000
__Lbank19                                    bank19       000000
__Lbank2                                     bank2        000000
__Lbank20                                    bank20       000000
__Lbank21                                    bank21       000000
__Lbank22                                    bank22       000000
__Lbank23                                    bank23       000000
__Lbank24                                    bank24       000000
__Lbank25                                    bank25       000000
__Lbank26                                    bank26       000000
__Lbank27                                    bank27       000000
__Lbank28                                    bank28       000000
__Lbank29                                    bank29       000000
__Lbank3                                     bank3        000000
__Lbank30                                    bank30       000000
__Lbank31                                    bank31       000000
__Lbank4                                     bank4        000000
__Lbank5                                     bank5        000000
__Lbank6                                     bank6        000000
__Lbank7                                     bank7        000000
__Lbank8                                     bank8        000000
__Lbank9                                     bank9        000000
__Lbigram                                    bigram       000000
__LbssBANK3                                  bssBANK3     000000
__LbssBANK4                                  bssBANK4     000000
__LbssCOMMON                                 bssCOMMON    000000
__Lcinit                                     cinit        000020
__Lclrtext                                   clrtext      000000
__Lcode                                      code         000000
__Lcommon                                    common       000000
__Lconfig                                    config       008007
__LcstackBANK0                               cstackBANK0  000000
__LcstackBANK1                               cstackBANK1  000000
__LcstackBANK2                               cstackBANK2  000000
__LcstackBANK3                               cstackBANK3  000000
__LcstackCOMMON                              cstackCOMMON 000000
__LdataBANK3                                 dataBANK3    000000
__Leeprom_data                               eeprom_data  000000
__Lend_init                                  end_init     00001E
__Lfunctab                                   functab      000000
__LidataBANK3                                idataBANK3   000000
__Lidloc                                     idloc        000000
__Linit                                      init         00001E
__Lintentry                                  intentry     000004
__Lmaintext                                  maintext     000000
__Lpowerup                                   powerup      000000
__Lram                                       ram          000000
__Lreset_vec                                 reset_vec    000000
__Lsfr0                                      sfr0         000000
__Lsfr1                                      sfr1         000000
__Lsfr10                                     sfr10        000000
__Lsfr11                                     sfr11        000000
__Lsfr12                                     sfr12        000000
__Lsfr13                                     sfr13        000000
__Lsfr14                                     sfr14        000000
__Lsfr15                                     sfr15        000000
__Lsfr16                                     sfr16        000000
__Lsfr17                                     sfr17        000000
__Lsfr18                                     sfr18        000000
__Lsfr19                                     sfr19        000000
__Lsfr2                                      sfr2         000000
__Lsfr20                                     sfr20        000000
__Lsfr21                                     sfr21        000000
__Lsfr22                                     sfr22        000000
__Lsfr23                                     sfr23        000000
__Lsfr24                                     sfr24        000000
__Lsfr25                                     sfr25        000000
__Lsfr26                                     sfr26        000000
__Lsfr27                                     sfr27        000000
__Lsfr28                                     sfr28        000000
__Lsfr29                                     sfr29        000000
__Lsfr3                                      sfr3         000000
__Lsfr30                                     sfr30        000000
__Lsfr31                                     sfr31        000000
__Lsfr4                                      sfr4         000000
__Lsfr5                                      sfr5         000000
__Lsfr6                                      sfr6         000000
__Lsfr7                                      sfr7         000000
__Lsfr8                                      sfr8         000000
__Lsfr9                                      sfr9         000000
__Lspace_0                                   (abs)        000000
__Lspace_1                                   (abs)        000000
__Lspace_2                                   (abs)        000000
__Lspace_3                                   (abs)        000000
__Lstack                                     stack        000000
__Lstrings                                   strings      000000
__Lstringtext1                               stringtext1  000000
__Lstringtext10                              stringtext10 000000
__Lstringtext11                              stringtext11 000000
__Lstringtext12                              stringtext12 000000
__Lstringtext13                              stringtext13 000000
__Lstringtext14                              stringtext14 000000
__Lstringtext15                              stringtext15 000000
__Lstringtext16                              stringtext16 000000
__Lstringtext17                              stringtext17 000000
__Lstringtext18                              stringtext18 000000
__Lstringtext19                              stringtext19 000000
__Lstringtext2                               stringtext2  000000
__Lstringtext20                              stringtext20 000000
__Lstringtext21                              stringtext21 000000
__Lstringtext22                              stringtext22 000000
__Lstringtext23                              stringtext23 000000
__Lstringtext24                              stringtext24 000000
__Lstringtext25                              stringtext25 000000
__Lstringtext26                              stringtext26 000000
__Lstringtext27                              stringtext27 000000
__Lstringtext28                              stringtext28 000000
__Lstringtext29                              stringtext29 000000
__Lstringtext3                               stringtext3  000000
__Lstringtext30                              stringtext30 000000
__Lstringtext31                              stringtext31 000000
__Lstringtext32                              stringtext32 000000
__Lstringtext33                              stringtext33 000000
__Lstringtext34                              stringtext34 000000
__Lstringtext35                              stringtext35 000000
__Lstringtext36                              stringtext36 000000
__Lstringtext37                              stringtext37 000000
__Lstringtext38                              stringtext38 000000
__Lstringtext39                              stringtext39 000000
__Lstringtext4                               stringtext4  000000
__Lstringtext40                              stringtext40 000000
__Lstringtext41                              stringtext41 000000
__Lstringtext42                              stringtext42 000000
__Lstringtext5                               stringtext5  000000
__Lstringtext6                               stringtext6  000000
__Lstringtext7                               stringtext7  000000
__Lstringtext8                               stringtext8  000000
__Lstringtext9                               stringtext9  000000
__Ltext                                      text         000000
__S0                                         (abs)        008009
__S1                                         (abs)        000270
__S2                                         (abs)        000000
__Umul8_16                                   text48       003632
__Umul8_16@multiplicand                      cstackCOMMON 000071
__Umul8_16@multiplier                        cstackCOMMON 000079
__Umul8_16@product                           cstackCOMMON 000075
__Umul8_16@word_mpld                         cstackCOMMON 000077
___aldiv                                     text76       002D3C
___aldiv@counter                             cstackBANK0  000020
___aldiv@dividend                            cstackCOMMON 000075
___aldiv@divisor                             cstackCOMMON 000071
___aldiv@quotient                            cstackBANK0  000022
___aldiv@sign                                cstackBANK0  000021
___aodiv                                     text31       00192D
___aodiv@counter                             cstackCOMMON 000072
___aodiv@dividend                            cstackBANK0  000028
___aodiv@divisor                             cstackBANK0  000020
___aodiv@quotient                            cstackCOMMON 000074
___aodiv@sign                                cstackCOMMON 000073
___aomod                                     text30       00255D
___aomod@counter                             cstackCOMMON 000072
___aomod@dividend                            cstackBANK0  000028
___aomod@divisor                             cstackBANK0  000020
___aomod@sign                                cstackCOMMON 000073
___awdiv                                     text27       0029DD
___awdiv@counter                             cstackCOMMON 000076
___awdiv@dividend                            cstackCOMMON 000073
___awdiv@divisor                             cstackCOMMON 000071
___awdiv@quotient                            cstackCOMMON 000078
___awdiv@sign                                cstackCOMMON 000077
___awmod                                     text26       00285E
___awmod@counter                             cstackCOMMON 000076
___awmod@dividend                            cstackCOMMON 000073
___awmod@divisor                             cstackCOMMON 000071
___awmod@sign                                cstackCOMMON 000077
___fladd                                     text23       0011DB
___fladd@a                                   cstackCOMMON 000075
___fladd@aexp                                cstackBANK0  000029
___fladd@b                                   cstackCOMMON 000071
___fladd@bexp                                cstackBANK0  00002A
___fladd@grs                                 cstackBANK0  00002B
___fladd@signs                               cstackBANK0  000028
___fldiv                                     text68       001061
___fldiv@a                                   cstackBANK0  000040
___fldiv@aexp                                cstackBANK0  000059
___fldiv@b                                   cstackBANK0  000044
___fldiv@bexp                                cstackBANK0  000058
___fldiv@grs                                 cstackBANK0  000054
___fldiv@new_exp                             cstackBANK0  000052
___fldiv@rem                                 cstackBANK0  00004D
___fldiv@sign                                cstackBANK0  000051
___fleq                                      text25       0028A3
___fleq@ff1                                  cstackCOMMON 000071
___fleq@ff2                                  cstackCOMMON 000075
___flge                                      text49       002BC7
___flge@ff1                                  cstackBANK0  00005A
___flge@ff2                                  cstackBANK0  00005E
___flmul                                     text47       0015D4
___flmul@a                                   cstackBANK0  00002A
___flmul@aexp                                cstackBANK0  000038
___flmul@b                                   cstackBANK0  000026
___flmul@bexp                                cstackBANK0  000039
___flmul@grs                                 cstackBANK0  000034
___flmul@prod                                cstackBANK0  00003A
___flmul@sign                                cstackBANK0  000033
___flmul@temp                                cstackBANK0  00003E
___flneg                                     text24       0034FB
___flneg@f1                                  cstackCOMMON 000071
___flsub                                     text22       003651
___flsub@a                                   cstackBANK0  000040
___flsub@b                                   cstackBANK0  000044
___fltol                                     text67       002A80
___fltol@exp1                                cstackCOMMON 00007B
___fltol@f1                                  cstackBANK0  00005A
___fltol@sign1                               cstackCOMMON 00007A
___fpclassifyf                               text21       002B4F
___fpclassifyf@F463                          bssBANK3     0001AE
___fpclassifyf@e                             cstackBANK0  000020
___fpclassifyf@u                             cstackBANK0  000022
___fpclassifyf@x                             cstackCOMMON 000071
___int_sp                                    stack        000000
___latbits                                   (abs)        000003
___lodiv                                     text12       002C43
[...]
 Return value:  Size  Location     Type
                  1    wreg      void 
 Registers used:
		status,2, status,0, pclath, cstack
 Tracked objects:
		On entry : 
		On exit  : 
		Unchanged: 
 Data sizes:     COMMON   BANK0   BANK1   BANK2   BANK3   BANK4   BANK5   BANK6   BANK7   BANK8   BANK9  BANK10  BANK11  BANK12  BANK13  BANK14  BANK15  BANK16  BANK17  BANK18  BANK19  BANK20  BANK21  BANK22  BANK23  BANK24  BANK25
      Params:         0       0       0       0       0       0       0       0       0       0       0       0       0       0       0       0       0       0       0       0       0       0       0       0       0       0       0
      Locals:         0       0       0       0       0       0       0       0       0       0       0       0       0       0       0       0       0       0       0       0       0       0       0       0       0       0       0
      Temps:          0       0       0       0       0       0       0       0       0       0       0       0       0       0       0       0       0       0       0       0       0       0       0       0       0       0       0
      Totals:         0       0       0       0       0       0       0       0       0       0       0       0       0       0       0       0       0       0       0       0       0       0       0       0       0       0       0
Total ram usage:        0 bytes
 Hardware stack levels used:    1
 Hardware stack levels required when called:    2
 This function calls:
		_internal_16
 This function is called by:
		_main
 This function uses a non-reentrant model


 *************** function _internal_16 *****************
 Defined at:
		line 26 in file "pic16f1719_internals.c"
 Parameters:    Size  Location     Type
		None
 Auto vars:     Size  Location     Type
		None
 Return value:  Size  Location     Type
                  1    wreg      void 
 Registers used:
		None
 Tracked objects:
		On entry : 
		On exit  : 
		Unchanged: 
 Data sizes:     COMMON   BANK0   BANK1   BANK2   BANK3   BANK4   BANK5   BANK6   BANK7   BANK8   BANK9  BANK10  BANK11  BANK12  BANK13  BANK14  BANK15  BANK16  BANK17  BANK18  BANK19  BANK20  BANK21  BANK22  BANK23  BANK24  BANK25
      Params:         0       0       0       0       0       0       0       0       0       0       0       0       0       0       0       0       0       0       0       0       0       0       0       0       0       0       0
      Locals:         0       0       0       0       0       0       0       0       0       0       0       0       0       0       0       0       0       0       0       0       0       0       0       0       0       0       0
      Temps:          0       0       0       0       0       0       0       0       0       0       0       0       0       0       0       0       0       0       0       0       0       0       0       0       0       0       0
      Totals:         0       0       0       0       0       0       0       0       0       0       0       0       0       0       0       0       0       0       0       0       0       0       0       0       0       0       0
Total ram usage:        0 bytes
 Hardware stack levels used:    1
 Hardware stack levels required when called:    1
 This function calls:
		Nothing
 This function is called by:
		_initClock
 This function uses a non-reentrant model


 *************** function _EUSART_Initialize *****************
 Defined at:
		line 6 in file "EUSART.c"
 Parameters:    Size  Location     Type
  baudrate        4    6[BANK0 ] const long 
 Auto vars:     Size  Location     Type
  x               2   10[COMMON] unsigned int 
 Return value:  Size  Location     Type
                  1    wreg      unsigned char 
 Registers used:
		wreg, status,2, status,0, pclath, cstack
 Tracked objects:
		On entry : 
		On exit  : 
		Unchanged: 
 Data sizes:     COMMON   BANK0   BANK1   BANK2   BANK3   BANK4   BANK5   BANK6   BANK7   BANK8   BANK9  BANK10  BANK11  BANK12  BANK13  BANK14  BANK15  BANK16  BANK17  BANK18  BANK19  BANK20  BANK21  BANK22  BANK23  BANK24  BANK25
      Params:         0       4       0       0       0       0       0       0       0       0       0       0       0       0       0       0       0       0       0       0       0       0       0       0       0       0       0
      Locals:         2       0       0       0       0       0       0       0       0       0       0       0       0       0       0       0       0       0       0       0       0       0       0       0       0       0       0
      Temps:          0      12       0       0       0       0       0       0       0       0       0       0       0       0       0       0       0       0       0       0       0       0       0       0       0       0       0
      Totals:         2      16       0       0       0       0       0       0       0       0       0       0       0       0       0       0       0       0       0       0       0       0       0       0       0       0       0
Total ram usage:       18 bytes
 Hardware stack levels used:    1
 Hardware stack levels required when called:    2
 This function calls:
		___aldiv
 This function is called by:
		_main
 This function uses a non-reentrant model


 *************** function ___aldiv *****************
 Defined at:
		line 5 in file "C:\Program Files (x86)\Microchip\xc8\v2.05\pic\sources\c99\common\aldiv.c"
 Parameters:    Size  Location     Type
  divisor         4    1[COMMON] long 
  dividend        4    5[COMMON] long 
 Auto vars:     Size  Location     Type
  quotient        4    2[BANK0 ] long 
  sign            1    1[BANK0 ] unsigned char 
  counter         1    0[BANK0 ] unsigned char 
 Return value:  Size  Location     Type
                  4    1[COMMON] long 
 Registers used:
		wreg, status,2, status,0
 Tracked objects:
		On entry : 
		On exit  : 
		Unchanged: 
 Data sizes:     COMMON   BANK0   BANK1   BANK2   BANK3   BANK4   BANK5   BANK6   BANK7   BANK8   BANK9  BANK10  BANK11  BANK12  BANK13  BANK14  BANK15  BANK16  BANK17  BANK18  BANK19  BANK20  BANK21  BANK22  BANK23  BANK24  BANK25
      Params:         8       0       0       0       0       0       0       0       0       0       0       0       0       0       0       0       0       0       0       0       0       0       0       0       0       0       0
      Locals:         0       6       0       0       0       0       0       0       0       0       0       0       0       0       0       0       0       0       0       0       0       0       0       0       0       0       0
      Temps:          1       0       0       0       0       0       0       0       0       0       0       0       0       0       0       0       0       0       0       0       0       0       0       0       0       0       0
      Totals:         9       6       0       0       0       0       0       0       0       0       0       0       0       0       0       0       0       0       0       0       0       0       0       0       0       0       0
Total ram usage:       15 bytes
 Hardware stack levels used:    1
 Hardware stack levels required when called:    1
 This function calls:
		Nothing
 This function is called by:
		_EUSART_Initialize
 This function uses a non-reentrant model


 *************** function _myIsr *****************
 Defined at:
		line 57 in file "main.c"
 Parameters:    Size  Location     Type
		None
 Auto vars:     Size  Location     Type
		None
 Return value:  Size  Location     Type
                  1    wreg      void 
 Registers used:
		wreg, status,2, status,0
 Tracked objects:
		On entry : 
		On exit  : 
		Unchanged: 
 Data sizes:     COMMON   BANK0   BANK1   BANK2   BANK3   BANK4   BANK5   BANK6   BANK7   BANK8   BANK9  BANK10  BANK11  BANK12  BANK13  BANK14  BANK15  BANK16  BANK17  BANK18  BANK19  BANK20  BANK21  BANK22  BANK23  BANK24  BANK25
      Params:         0       0       0       0       0       0       0       0       0       0       0       0       0       0       0       0       0       0       0       0       0       0       0       0       0       0       0
      Locals:         0       0       0       0       0       0       0       0       0       0       0       0       0       0       0       0       0       0       0       0       0       0       0       0       0       0       0
      Temps:          1       0       0       0       0       0       0       0       0       0       0       0       0       0       0       0       0       0       0       0       0       0       0       0       0       0       0
      Totals:         1       0       0       0       0       0       0       0       0       0       0       0       0       0       0       0       0       0       0       0       0       0       0       0       0       0       0
Total ram usage:        1 bytes
 Hardware stack levels used:    1
 This function calls:
		Nothing
 This function is called by:
		Interrupt level 1
 This function uses a non-reentrant model



MODULE INFORMATION

Module		Function		Class		Link	Load	Size
EUSART.c
		_EUSART_Write  		CODE           	34C8	0000	9
		_EUSART_Initialize		CODE           	20BD	0000	169
		_EUSART_Write_Text		CODE           	2800	0000	27

EUSART.c estimated size: 205

C:\Program Files (x86)\Microchip\xc8\v2.05\pic\sources\c99\common\awmod.c
		___awmod       		CODE           	285E	0000	70

C:\Program Files (x86)\Microchip\xc8\v2.05\pic\sources\c99\common\awmod.c estimated size: 70

C:\Program Files (x86)\Microchip\xc8\v2.05\pic\sources\c99\common\__fpclassifyf.c
		___fpclassifyf 		CODE           	2B4F	0000	121

C:\Program Files (x86)\Microchip\xc8\v2.05\pic\sources\c99\common\__fpclassifyf.c estimated size: 121

C:\Program Files (x86)\Microchip\xc8\v2.05\pic\sources\c99\common\putch.c
		_putch         		CODE           	07FF	0000	2

C:\Program Files (x86)\Microchip\xc8\v2.05\pic\sources\c99\common\putch.c estimated size: 2

C:\Program Files (x86)\Microchip\xc8\v2.05\pic\sources\c99\common\snprintf.c
		_snprintf      		CODE           	2001	0000	25

C:\Program Files (x86)\Microchip\xc8\v2.05\pic\sources\c99\common\snprintf.c estimated size: 25

C:\Program Files (x86)\Microchip\xc8\v2.05\pic\sources\c99\common\floorf.c
		_floorf        		CODE           	2485	0000	217

C:\Program Files (x86)\Microchip\xc8\v2.05\pic\sources\c99\common\floorf.c estimated size: 217

C:\Program Files (x86)\Microchip\xc8\v2.05\pic\sources\c99\common\flge.c
		___flge        		CODE           	2BC7	0000	125

C:\Program Files (x86)\Microchip\xc8\v2.05\pic\sources\c99\common\flge.c estimated size: 125

C:\Program Files (x86)\Microchip\xc8\v2.05\pic\sources\c99\common\nf_fputc.c
		_fputc         		CODE           	100D	0000	85

C:\Program Files (x86)\Microchip\xc8\v2.05\pic\sources\c99\common\nf_fputc.c estimated size: 85

C:\Program Files (x86)\Microchip\xc8\v2.05\pic\sources\c99\common\islower.c
		_islower       		CODE           	35A9	0000	24

C:\Program Files (x86)\Microchip\xc8\v2.05\pic\sources\c99\common\islower.c estimated size: 24

C:\Program Files (x86)\Microchip\xc8\v2.05\pic\sources\c99\common\lodiv.c
		___lodiv       		CODE           	2C43	0000	125

C:\Program Files (x86)\Microchip\xc8\v2.05\pic\sources\c99\common\lodiv.c estimated size: 125

I2C.c
		_readRegister  		CODE           	37CA	0000	55
		_read_I2C_data 		CODE           	353D	0000	17
		_I2C_writeRegister		CODE           	3614	0000	31
		_send_I2C_NACK 		CODE           	34F2	0000	10
		_send_I2C_data 		CODE           	34E9	0000	10
		_send_I2C_stopBit		CODE           	34D8	0000	9
		_send_I2C_controlByte		CODE           	350E	0000	11
		_init_I2C      		CODE           	352D	0000	17
		_send_I2C_startBit		CODE           	34D0	0000	9

I2C.c estimated size: 169

C:\Program Files (x86)\Microchip\xc8\v2.05\pic\sources\c99\common\aodiv.c
		___aodiv       		CODE           	192D	0000	244

C:\Program Files (x86)\Microchip\xc8\v2.05\pic\sources\c99\common\aodiv.c estimated size: 244

C:\Program Files (x86)\Microchip\xc8\v2.05\pic\sources\c99\common\xxtofl.c
		___xxtofl      		CODE           	2EC9	0000	151

C:\Program Files (x86)\Microchip\xc8\v2.05\pic\sources\c99\common\xxtofl.c estimated size: 151

C:\Program Files (x86)\Microchip\xc8\v2.05\pic\sources\c99\common\isupper.c
		_isupper       		CODE           	3592	0000	24

C:\Program Files (x86)\Microchip\xc8\v2.05\pic\sources\c99\common\isupper.c estimated size: 24

C:\Program Files (x86)\Microchip\xc8\v2.05\pic\sources\c99\common\toupper.c
		_toupper       		CODE           	36F4	0000	35

C:\Program Files (x86)\Microchip\xc8\v2.05\pic\sources\c99\common\toupper.c estimated size: 35

C:\Program Files (x86)\Microchip\xc8\v2.05\pic\sources\c99\common\strlen.c
		_strlen        		CODE           	3564	0000	24

C:\Program Files (x86)\Microchip\xc8\v2.05\pic\sources\c99\common\strlen.c estimated size: 24

C:\Program Files (x86)\Microchip\xc8\v2.05\pic\sources\c99\common\strcpy.c
		_strcpy        		CODE           	3670	0000	32

C:\Program Files (x86)\Microchip\xc8\v2.05\pic\sources\c99\common\strcpy.c estimated size: 32

C:\Program Files (x86)\Microchip\xc8\v2.05\pic\sources\c99\common\isspace.c
		_isspace       		CODE           	35DB	0000	29

C:\Program Files (x86)\Microchip\xc8\v2.05\pic\sources\c99\common\isspace.c estimated size: 29

C:\Program Files (x86)\Microchip\xc8\v2.05\pic\sources\c99\common\awdiv.c
		___awdiv       		CODE           	29DD	0000	82

C:\Program Files (x86)\Microchip\xc8\v2.05\pic\sources\c99\common\awdiv.c estimated size: 82

C:\Program Files (x86)\Microchip\xc8\v2.05\pic\sources\c99\common\fltol.c
		___fltol       		CODE           	2A80	0000	103

C:\Program Files (x86)\Microchip\xc8\v2.05\pic\sources\c99\common\fltol.c estimated size: 103

C:\Program Files (x86)\Microchip\xc8\v2.05\pic\sources\c99\common\aldiv.c
		___aldiv       		CODE           	2D3C	0000	131

C:\Program Files (x86)\Microchip\xc8\v2.05\pic\sources\c99\common\aldiv.c estimated size: 131

C:\Program Files (x86)\Microchip\xc8\v2.05\pic\sources\c99\common\strncmp.c
		_strncmp       		CODE           	2A2E	0000	83

C:\Program Files (x86)\Microchip\xc8\v2.05\pic\sources\c99\common\strncmp.c estimated size: 83

C:\Program Files (x86)\Microchip\xc8\v2.05\pic\sources\c99\common\tolower.c
		_tolower       		CODE           	36D2	0000	35

C:\Program Files (x86)\Microchip\xc8\v2.05\pic\sources\c99\common\tolower.c estimated size: 35

C:\Program Files (x86)\Microchip\xc8\v2.05\pic\sources\c99\common\sprcmul.c
		___flmul       		CODE           	15D4	0000	557

C:\Program Files (x86)\Microchip\xc8\v2.05\pic\sources\c99\common\sprcmul.c estimated size: 557

C:\Program Files (x86)\Microchip\xc8\v2.05\pic\sources\c99\common\sprcdiv.c
		___fldiv       		CODE           	1061	0000	379

C:\Program Files (x86)\Microchip\xc8\v2.05\pic\sources\c99\common\sprcdiv.c estimated size: 379

C:\Program Files (x86)\Microchip\xc8\v2.05\pic\sources\c99\common\doprnt.c
		_vfpfcnvrt     		CODE           	13BD	0000	3869
		_efgtoa        		CODE           	0058	0000	1662
		_pad           		CODE           	298C	0000	82
		_ctoa          		CODE           	3764	0000	50
		_dtoa          		CODE           	1D54	0000	340
		_vfprintf      		CODE           	3795	0000	54
		_otoa          		CODE           	183C	0000	242
		_stoa          		CODE           	2219	0000	198
		_utoa          		CODE           	2639	0000	226
		_xtoa          		CODE           	1EA7	0000	346

C:\Program Files (x86)\Microchip\xc8\v2.05\pic\sources\c99\common\doprnt.c estimated size: 7069

shared
		_SCD_delay_setting		STRCODE        	39B3	0000	9
		_OCD_threshold_setting		STRCODE        	3963	0000	33
		_SCD_threshold_setting		STRCODE        	3993	0000	17
		__initialization		CODE           	0020	0000	53
		_ATmega328_address		STRCODE        	0000	0000	0
		_OV_delay_setting		STRCODE        	0000	0000	0
		_UV_delay_setting		STRCODE        	0000	0000	0
		_OCD_delay_setting		STRCODE        	0000	0000	0

shared estimated size: 112

C:\Program Files (x86)\Microchip\xc8\v2.05\pic\sources\c99\common\isalpha.c
		_isalpha       		CODE           	35F7	0000	30

C:\Program Files (x86)\Microchip\xc8\v2.05\pic\sources\c99\common\isalpha.c estimated size: 30

pic16f1719_internals.c
		_internal_16   		CODE           	34E0	0000	10

pic16f1719_internals.c estimated size: 10

C:\Program Files (x86)\Microchip\xc8\v2.05\pic\sources\c99\common\Umul16.c
		___wmul        		CODE           	35C0	0000	28

C:\Program Files (x86)\Microchip\xc8\v2.05\pic\sources\c99\common\Umul16.c estimated size: 28

C:\Program Files (x86)\Microchip\xc8\v2.05\pic\sources\c99\common\atoi.c
		_atoi          		CODE           	2F5F	0000	162

C:\Program Files (x86)\Microchip\xc8\v2.05\pic\sources\c99\common\atoi.c estimated size: 162

C:\Program Files (x86)\Microchip\xc8\v2.05\pic\sources\c99\common\fleq.c
		___fleq        		CODE           	28A3	0000	74

C:\Program Files (x86)\Microchip\xc8\v2.05\pic\sources\c99\common\fleq.c estimated size: 74

C:\Program Files (x86)\Microchip\xc8\v2.05\pic\sources\c99\common\abs.c
		_abs           		CODE           	357B	0000	24

C:\Program Files (x86)\Microchip\xc8\v2.05\pic\sources\c99\common\abs.c estimated size: 24

RGB.c
		_RGB_color     		CODE           	368F	0000	34
		_init_RGB      		CODE           	07FA	0000	6
		_RGB_AWAIT_AFE_CONN		CODE           	36B0	0000	35

RGB.c estimated size: 75

C:\Program Files (x86)\Microchip\xc8\v2.05\pic\sources\c99\common\nf_fputs.c
		_fputs         		CODE           	3716	0000	39

C:\Program Files (x86)\Microchip\xc8\v2.05\pic\sources\c99\common\nf_fputs.c estimated size: 39

C:\Program Files (x86)\Microchip\xc8\v2.05\pic\sources\c99\common\flneg.c
		___flneg       		CODE           	34FB	0000	10

C:\Program Files (x86)\Microchip\xc8\v2.05\pic\sources\c99\common\flneg.c estimated size: 10

C:\Program Files (x86)\Microchip\xc8\v2.05\pic\sources\c99\common\Umul8_16.c
		__Umul8_16     		CODE           	3632	0000	32

C:\Program Files (x86)\Microchip\xc8\v2.05\pic\sources\c99\common\Umul8_16.c estimated size: 32

BQ76920.c
		_setShortCircuitProtection		CODE           	1C3D	0000	280
		_AFE_getSetCurrentSenseRes		CODE           	3504	0000	11
		_AFE_getOverCurrentDischargeCurrent		CODE           	28EC	0000	81
		_setTemperatureLimitsint		CODE           	281A	0000	69
		_setShuntResistorValue		CODE           	3518	0000	11
		_AFE_getSetShortCircuitCurrent		CODE           	293C	0000	81
		_beginAFEcommunication		CODE           	2165	0000	181
		_setOverCurrentDischargeProtection		CODE           	1B28	0000	278
		_init_AFE      		CODE           	0801	0000	63

BQ76920.c estimated size: 1055

main.c
		_initClock     		CODE           	1801	0000	4
		_init_TMR1     		CODE           	3522	0000	12
		_main          		CODE           	373C	0000	41
		_myIsr         		CODE           	0004	0000	27
		_statemachine  		CODE           	06D5	0000	294
		_init_GPIO     		CODE           	1804	0000	57

main.c estimated size: 435

C:\Program Files (x86)\Microchip\xc8\v2.05\pic\sources\c99\common\isdigit.c
		_isdigit       		CODE           	354D	0000	24

C:\Program Files (x86)\Microchip\xc8\v2.05\pic\sources\c99\common\isdigit.c estimated size: 24

C:\Program Files (x86)\Microchip\xc8\v2.05\pic\sources\c99\common\sprcadd.c
		___flsub       		CODE           	3651	0000	32
		___fladd       		CODE           	11DB	0000	483

C:\Program Files (x86)\Microchip\xc8\v2.05\pic\sources\c99\common\sprcadd.c estimated size: 515

C:\Program Files (x86)\Microchip\xc8\v2.05\pic\sources\c99\common\lomod.c
		___lomod       		CODE           	2AE6	0000	106

C:\Program Files (x86)\Microchip\xc8\v2.05\pic\sources\c99\common\lomod.c estimated size: 106

C:\Program Files (x86)\Microchip\xc8\v2.05\pic\sources\c99\common\aomod.c
		___aomod       		CODE           	255D	0000	221

C:\Program Files (x86)\Microchip\xc8\v2.05\pic\sources\c99\common\aomod.c estimated size: 221

C:\Program Files (x86)\Microchip\xc8\v2.05\pic\sources\c99\common\nf_vsnprintf.c
		_vsnprintf     		CODE           	2CBF	0000	126

C:\Program Files (x86)\Microchip\xc8\v2.05\pic\sources\c99\common\nf_vsnprintf.c estimated size: 126

